Archive member included to satisfy reference by file (symbol)

c:/progra~2/gnuarm~1/102021~1.10/bin/../lib/gcc/arm-none-eabi/10.3.1/thumb/v6-m/nofp\libgcc.a(_dvmd_tls.o)
                              CMakeFiles/FaceID12_E.dir/C_/Users/User/Documents/Pico/pico-sdk/src/rp2_common/pico_divider/divider.S.obj (__aeabi_idiv0)
c:/progra~2/gnuarm~1/102021~1.10/bin/../lib/gcc/arm-none-eabi/10.3.1/../../../../arm-none-eabi/lib/thumb/v6-m/nofp\libg.a(lib_a-calloc.o)
                              CMakeFiles/FaceID12_E.dir/C_/Users/User/Documents/Pico/pico-sdk/src/rp2_common/pico_malloc/pico_malloc.c.obj (calloc)
c:/progra~2/gnuarm~1/102021~1.10/bin/../lib/gcc/arm-none-eabi/10.3.1/../../../../arm-none-eabi/lib/thumb/v6-m/nofp\libg.a(lib_a-callocr.o)
                              c:/progra~2/gnuarm~1/102021~1.10/bin/../lib/gcc/arm-none-eabi/10.3.1/../../../../arm-none-eabi/lib/thumb/v6-m/nofp\libg.a(lib_a-calloc.o) (_calloc_r)
c:/progra~2/gnuarm~1/102021~1.10/bin/../lib/gcc/arm-none-eabi/10.3.1/../../../../arm-none-eabi/lib/thumb/v6-m/nofp\libg.a(lib_a-ctype_.o)
                              CMakeFiles/FaceID12_E.dir/C_/Users/User/Documents/Pico/pico-sdk/lib/tinyusb/src/tusb.c.obj (_ctype_)
c:/progra~2/gnuarm~1/102021~1.10/bin/../lib/gcc/arm-none-eabi/10.3.1/../../../../arm-none-eabi/lib/thumb/v6-m/nofp\libg.a(lib_a-errno.o)
                              CMakeFiles/FaceID12_E.dir/lib/no-OS-FatFS-SD-SPI-RPi-Pico/FatFs_SPI/src/ff_stdio.c.obj (__errno)
c:/progra~2/gnuarm~1/102021~1.10/bin/../lib/gcc/arm-none-eabi/10.3.1/../../../../arm-none-eabi/lib/thumb/v6-m/nofp\libg.a(lib_a-fflush.o)
                              CMakeFiles/FaceID12_E.dir/lib/no-OS-FatFS-SD-SPI-RPi-Pico/FatFs_SPI/sd_driver/demo_logging.c.obj (fflush)
c:/progra~2/gnuarm~1/102021~1.10/bin/../lib/gcc/arm-none-eabi/10.3.1/../../../../arm-none-eabi/lib/thumb/v6-m/nofp\libg.a(lib_a-findfp.o)
                              c:/progra~2/gnuarm~1/102021~1.10/bin/../lib/gcc/arm-none-eabi/10.3.1/../../../../arm-none-eabi/lib/thumb/v6-m/nofp\libg.a(lib_a-fflush.o) (__sinit)
c:/progra~2/gnuarm~1/102021~1.10/bin/../lib/gcc/arm-none-eabi/10.3.1/../../../../arm-none-eabi/lib/thumb/v6-m/nofp\libg.a(lib_a-freer.o)
                              c:/progra~2/gnuarm~1/102021~1.10/bin/../lib/gcc/arm-none-eabi/10.3.1/../../../../arm-none-eabi/lib/thumb/v6-m/nofp\libg.a(lib_a-fflush.o) (_free_r)
c:/progra~2/gnuarm~1/102021~1.10/bin/../lib/gcc/arm-none-eabi/10.3.1/../../../../arm-none-eabi/lib/thumb/v6-m/nofp\libg.a(lib_a-fwalk.o)
                              c:/progra~2/gnuarm~1/102021~1.10/bin/../lib/gcc/arm-none-eabi/10.3.1/../../../../arm-none-eabi/lib/thumb/v6-m/nofp\libg.a(lib_a-findfp.o) (_fwalk)
c:/progra~2/gnuarm~1/102021~1.10/bin/../lib/gcc/arm-none-eabi/10.3.1/../../../../arm-none-eabi/lib/thumb/v6-m/nofp\libg.a(lib_a-impure.o)
                              c:/progra~2/gnuarm~1/102021~1.10/bin/../lib/gcc/arm-none-eabi/10.3.1/../../../../arm-none-eabi/lib/thumb/v6-m/nofp\libg.a(lib_a-fflush.o) (_global_impure_ptr)
c:/progra~2/gnuarm~1/102021~1.10/bin/../lib/gcc/arm-none-eabi/10.3.1/../../../../arm-none-eabi/lib/thumb/v6-m/nofp\libg.a(lib_a-init.o)
                              c:/progra~2/gnuarm~1/102021~1.10/bin/../lib/gcc/arm-none-eabi/10.3.1/../../../../arm-none-eabi/lib/thumb/v6-m/nofp/crt0.o (__libc_init_array)
c:/progra~2/gnuarm~1/102021~1.10/bin/../lib/gcc/arm-none-eabi/10.3.1/../../../../arm-none-eabi/lib/thumb/v6-m/nofp\libg.a(lib_a-lock.o)
                              c:/progra~2/gnuarm~1/102021~1.10/bin/../lib/gcc/arm-none-eabi/10.3.1/../../../../arm-none-eabi/lib/thumb/v6-m/nofp\libg.a(lib_a-findfp.o) (__retarget_lock_init_recursive)
c:/progra~2/gnuarm~1/102021~1.10/bin/../lib/gcc/arm-none-eabi/10.3.1/../../../../arm-none-eabi/lib/thumb/v6-m/nofp\libg.a(lib_a-malloc.o)
                              CMakeFiles/FaceID12_E.dir/C_/Users/User/Documents/Pico/pico-sdk/src/rp2_common/pico_malloc/pico_malloc.c.obj (malloc)
c:/progra~2/gnuarm~1/102021~1.10/bin/../lib/gcc/arm-none-eabi/10.3.1/../../../../arm-none-eabi/lib/thumb/v6-m/nofp\libg.a(lib_a-mallocr.o)
                              c:/progra~2/gnuarm~1/102021~1.10/bin/../lib/gcc/arm-none-eabi/10.3.1/../../../../arm-none-eabi/lib/thumb/v6-m/nofp\libg.a(lib_a-callocr.o) (_malloc_r)
c:/progra~2/gnuarm~1/102021~1.10/bin/../lib/gcc/arm-none-eabi/10.3.1/../../../../arm-none-eabi/lib/thumb/v6-m/nofp\libg.a(lib_a-mktime.o)
                              CMakeFiles/FaceID12_E.dir/lib/no-OS-FatFS-SD-SPI-RPi-Pico/FatFs_SPI/src/rtc.c.obj (mktime)
c:/progra~2/gnuarm~1/102021~1.10/bin/../lib/gcc/arm-none-eabi/10.3.1/../../../../arm-none-eabi/lib/thumb/v6-m/nofp\libg.a(lib_a-mlock.o)
                              c:/progra~2/gnuarm~1/102021~1.10/bin/../lib/gcc/arm-none-eabi/10.3.1/../../../../arm-none-eabi/lib/thumb/v6-m/nofp\libg.a(lib_a-freer.o) (__malloc_lock)
[...]
Memory Configuration

Name             Origin             Length             Attributes
FLASH            0x10000000         0x00200000         xr
RAM              0x20000000         0x00040000         xrw
SCRATCH_X        0x20040000         0x00001000         xrw
SCRATCH_Y        0x20041000         0x00001000         xrw
*default*        0x00000000         0xffffffff

Linker script and memory map

LOAD c:/progra~2/gnuarm~1/102021~1.10/bin/../lib/gcc/arm-none-eabi/10.3.1/thumb/v6-m/nofp/crti.o
LOAD c:/progra~2/gnuarm~1/102021~1.10/bin/../lib/gcc/arm-none-eabi/10.3.1/thumb/v6-m/nofp/crtbegin.o
LOAD c:/progra~2/gnuarm~1/102021~1.10/bin/../lib/gcc/arm-none-eabi/10.3.1/../../../../arm-none-eabi/lib/thumb/v6-m/nofp/crt0.o

.flash_begin    0x10000000        0x0
                0x10000000                __flash_binary_start = .

.boot2          0x10000000      0x100
                0x10000000                __boot2_start__ = .
 *(.boot2)
 .boot2         0x10000000      0x100 C:\Users\User\AppData\Local\Temp\ccwUWWPy.o
                0x10000100                __boot2_end__ = .
                0x00000001                ASSERT (((__boot2_end__ - __boot2_start__) == 0x100), ERROR: Pico second stage bootloader must be 256 bytes in size)

.text           0x10000100     0xe708
                0x10000100                __logical_binary_start = .
 *(.vectors)
 .vectors       0x10000100       0xd4 CMakeFiles/FaceID12_E.dir/C_/Users/User/Documents/Pico/pico-sdk/src/rp2_common/pico_standard_link/crt0.S.obj
                0x10000100                __VECTOR_TABLE
                0x10000100                __vectors
                0x100001c0                isr_invalid
                0x100001c0                __default_isrs_start
                0x100001c2                isr_nmi
                0x100001c4                isr_hardfault
                0x100001c6                isr_svcall
                0x100001c8                isr_pendsv
                0x100001ca                isr_systick
                0x100001cc                isr_irq23
                0x100001cc                isr_irq18
                0x100001cc                isr_irq11
                0x100001cc                isr_irq28
                0x100001cc                isr_irq19
                0x100001cc                isr_irq0
                0x100001cc                isr_irq6
                0x100001cc                isr_irq5
                0x100001cc                isr_irq12
                0x100001cc                isr_irq22
                0x100001cc                isr_irq31
                0x100001cc                isr_irq17
                0x100001cc                isr_irq27
                0x100001cc                isr_irq30
                0x100001cc                isr_irq2
                0x100001cc                isr_irq10
                0x100001cc                isr_irq8
                0x100001cc                isr_irq24
                0x100001cc                isr_irq1
                0x100001cc                isr_irq7
                0x100001cc                isr_irq21
                0x100001cc                isr_irq20
                0x100001cc                isr_irq15
                0x100001cc                isr_irq25
                0x100001cc                isr_irq13
                0x100001cc                __unhandled_user_irq
                0x100001cc                isr_irq4
                0x100001cc                isr_irq16
                0x100001cc                isr_irq29
                0x100001cc                isr_irq26
                0x100001cc                __default_isrs_end
                0x100001cc                isr_irq3
                0x100001cc                isr_irq14
                0x100001cc                isr_irq9
                0x100001d2                unhandled_user_irq_num_in_r0
 *(.binary_info_header)
 .binary_info_header
                0x100001d4       0x14 CMakeFiles/FaceID12_E.dir/C_/Users/User/Documents/Pico/pico-sdk/src/rp2_common/pico_standard_link/crt0.S.obj
                0x100001e8                __binary_info_header_end = .
 *(.reset)
 .reset         0x100001e8       0xa8 CMakeFiles/FaceID12_E.dir/C_/Users/User/Documents/Pico/pico-sdk/src/rp2_common/pico_standard_link/crt0.S.obj
                0x100001e8                _entry_point
                0x10000266                __get_current_exception
 .reset         0x10000290       0x30 CMakeFiles/FaceID12_E.dir/C_/Users/User/Documents/Pico/pico-sdk/src/rp2_common/pico_standard_link/binary_info.c.obj
 *(.init)
 .init          0x100002c0        0x4 c:/progra~2/gnuarm~1/102021~1.10/bin/../lib/gcc/arm-none-eabi/10.3.1/thumb/v6-m/nofp/crti.o
                0x100002c0                _init
 *(EXCLUDE_FILE(*libm.a: *libc.a:*lib_a-mem*.o *libgcc.a:) .text*)
 .text          0x100002c4       0x48 c:/progra~2/gnuarm~1/102021~1.10/bin/../lib/gcc/arm-none-eabi/10.3.1/thumb/v6-m/nofp/crtbegin.o
 .text.Pico_ETH_CH9121_test
                0x1000030c       0x10 CMakeFiles/FaceID12_E.dir/src/Pico_ETH_CH9121_test.c.obj
                0x1000030c                Pico_ETH_CH9121_test
 .text.DEV_Delay_ms
                0x1000031c        0x8 CMakeFiles/FaceID12_E.dir/src/CH9121.c.obj
                0x1000031c                DEV_Delay_ms
 .text.CH9121_TX_4_bytes
                0x10000324       0xa4 CMakeFiles/FaceID12_E.dir/src/CH9121.c.obj
                0x10000324                CH9121_TX_4_bytes
 .text.CH9121_init
                0x100003c8       0x84 CMakeFiles/FaceID12_E.dir/src/CH9121.c.obj
                0x100003c8                CH9121_init
 .text.spi0_dma_isr
                0x1000044c       0x10 CMakeFiles/FaceID12_E.dir/src/hw_config.c.obj
                0x1000044c                spi0_dma_isr
 .text.sd_get_num
                0x1000045c        0x4 CMakeFiles/FaceID12_E.dir/src/hw_config.c.obj
                0x1000045c                sd_get_num
 .text.sd_get_by_num
                0x10000460       0x20 CMakeFiles/FaceID12_E.dir/src/hw_config.c.obj
                0x10000460                sd_get_by_num
 .text.spi_get_num
                0x10000480        0x4 CMakeFiles/FaceID12_E.dir/src/hw_config.c.obj
                0x10000480                spi_get_num
 .text.spi_get_by_num
                0x10000484       0x20 CMakeFiles/FaceID12_E.dir/src/hw_config.c.obj
                0x10000484                spi_get_by_num
 .text.mountSDCard
                0x100004a4       0x38 CMakeFiles/FaceID12_E.dir/src/storage.c.obj
                0x100004a4                mountSDCard
 .text.storageInit
                0x100004dc       0x48 CMakeFiles/FaceID12_E.dir/src/storage.c.obj
                0x100004dc                storageInit
 .text.storageLog
                0x10000524       0x5c CMakeFiles/FaceID12_E.dir/src/storage.c.obj
                0x10000524                storageLog
 .text.readLog  0x10000580      0x13c CMakeFiles/FaceID12_E.dir/src/storage.c.obj
                0x10000580                readLog
 .text.liberado
                0x100006bc       0x62 CMakeFiles/FaceID12_E.dir/src/main.c.obj
                0x100006bc                liberado
 .text.Regula_Tensao
                0x1000071e      0x286 CMakeFiles/FaceID12_E.dir/src/main.c.obj
                0x1000071e                Regula_Tensao
 .text.RX_TX    0x100009a4      0x730 CMakeFiles/FaceID12_E.dir/src/main.c.obj
                0x100009a4                RX_TX
 .text.bloqueado
                0x100010d4       0xc8 CMakeFiles/FaceID12_E.dir/src/main.c.obj
                0x100010d4                bloqueado
 .text.loop     0x1000119c      0x510 CMakeFiles/FaceID12_E.dir/src/main.c.obj
                0x1000119c                loop
 .text.main     0x100016ac       0xd8 CMakeFiles/FaceID12_E.dir/src/main.c.obj
                0x100016ac                main
 .text.gpio_set_function
                0x10001784       0x30 CMakeFiles/FaceID12_E.dir/C_/Users/User/Documents/Pico/pico-sdk/src/rp2_common/hardware_gpio/gpio.c.obj
                0x10001784                gpio_set_function
 .text.gpio_set_pulls
                0x100017b4       0x34 CMakeFiles/FaceID12_E.dir/C_/Users/User/Documents/Pico/pico-sdk/src/rp2_common/hardware_gpio/gpio.c.obj
                0x100017b4                gpio_set_pulls
 .text.gpio_init
                0x100017e8       0x16 CMakeFiles/FaceID12_E.dir/C_/Users/User/Documents/Pico/pico-sdk/src/rp2_common/hardware_gpio/gpio.c.obj
                0x100017e8                gpio_init
 *fill*         0x100017fe        0x2 
 .text.hw_claim_lock
                0x10001800       0x18 CMakeFiles/FaceID12_E.dir/C_/Users/User/Documents/Pico/pico-sdk/src/rp2_common/hardware_claim/claim.c.obj
                0x10001800                hw_claim_lock
 .text.hw_claim_unlock
                0x10001818       0x14 CMakeFiles/FaceID12_E.dir/C_/Users/User/Documents/Pico/pico-sdk/src/rp2_common/hardware_claim/claim.c.obj
                0x10001818                hw_claim_unlock
 .text.hw_claim_or_assert
                0x1000182c       0x32 CMakeFiles/FaceID12_E.dir/C_/Users/User/Documents/Pico/pico-sdk/src/rp2_common/hardware_claim/claim.c.obj
                0x1000182c                hw_claim_or_assert
 .text.hw_claim_unused_from_range
                0x1000185e       0x50 CMakeFiles/FaceID12_E.dir/C_/Users/User/Documents/Pico/pico-sdk/src/rp2_common/hardware_claim/claim.c.obj
                0x1000185e                hw_claim_unused_from_range
 *fill*         0x100018ae        0x2 
 .text.running_on_fpga
                0x100018b0       0x14 CMakeFiles/FaceID12_E.dir/C_/Users/User/Documents/Pico/pico-sdk/src/rp2_common/pico_platform/platform.c.obj
                0x100018b0                running_on_fpga
 .text.spin_locks_reset
                0x100018c4       0x20 CMakeFiles/FaceID12_E.dir/C_/Users/User/Documents/Pico/pico-sdk/src/rp2_common/hardware_sync/sync.c.obj
                0x100018c4                spin_locks_reset
 .text.next_striped_spin_lock_num
                0x100018e4       0x1c CMakeFiles/FaceID12_E.dir/C_/Users/User/Documents/Pico/pico-sdk/src/rp2_common/hardware_sync/sync.c.obj
                0x100018e4                next_striped_spin_lock_num
 .text.spin_lock_claim_unused
                0x10001900       0x20 CMakeFiles/FaceID12_E.dir/C_/Users/User/Documents/Pico/pico-sdk/src/rp2_common/hardware_sync/sync.c.obj
                0x10001900                spin_lock_claim_unused
 .text.set_raw_irq_handler_and_unlock
                0x10001920       0x28 CMakeFiles/FaceID12_E.dir/C_/Users/User/Documents/Pico/pico-sdk/src/rp2_common/hardware_irq/irq.c.obj
 .text.make_branch
                0x10001948       0x48 CMakeFiles/FaceID12_E.dir/C_/Users/User/Documents/Pico/pico-sdk/src/rp2_common/hardware_irq/irq.c.obj
 .text.insert_branch_and_link
                0x10001990       0x40 CMakeFiles/FaceID12_E.dir/C_/Users/User/Documents/Pico/pico-sdk/src/rp2_common/hardware_irq/irq.c.obj
 .text.irq_is_enabled
                0x100019d0       0x18 CMakeFiles/FaceID12_E.dir/C_/Users/User/Documents/Pico/pico-sdk/src/rp2_common/hardware_irq/irq.c.obj
                0x100019d0                irq_is_enabled
 .text.irq_set_mask_enabled
                0x100019e8       0x20 CMakeFiles/FaceID12_E.dir/C_/Users/User/Documents/Pico/pico-sdk/src/rp2_common/hardware_irq/irq.c.obj
                0x100019e8                irq_set_mask_enabled
 .text.irq_set_enabled
                0x10001a08        0xe CMakeFiles/FaceID12_E.dir/C_/Users/User/Documents/Pico/pico-sdk/src/rp2_common/hardware_irq/irq.c.obj
                0x10001a08                irq_set_enabled
 *fill*         0x10001a16        0x2 
 .text.irq_set_pending
                0x10001a18       0x10 CMakeFiles/FaceID12_E.dir/C_/Users/User/Documents/Pico/pico-sdk/src/rp2_common/hardware_irq/irq.c.obj
                0x10001a18                irq_set_pending
 .text.irq_get_vtable_handler
                0x10001a28       0x10 CMakeFiles/FaceID12_E.dir/C_/Users/User/Documents/Pico/pico-sdk/src/rp2_common/hardware_irq/irq.c.obj
                0x10001a28                irq_get_vtable_handler
 .text.irq_has_shared_handler
                0x10001a38       0x24 CMakeFiles/FaceID12_E.dir/C_/Users/User/Documents/Pico/pico-sdk/src/rp2_common/hardware_irq/irq.c.obj
                0x10001a38                irq_has_shared_handler
 .text.irq_set_exclusive_handler
                0x10001a5c       0x54 CMakeFiles/FaceID12_E.dir/C_/Users/User/Documents/Pico/pico-sdk/src/rp2_common/hardware_irq/irq.c.obj
                0x10001a5c                irq_set_exclusive_handler
 .text.irq_add_shared_handler
                0x10001ab0      0x230 CMakeFiles/FaceID12_E.dir/C_/Users/User/Documents/Pico/pico-sdk/src/rp2_common/hardware_irq/irq.c.obj
                0x10001ab0                irq_add_shared_handler
 .text.irq_remove_handler
                0x10001ce0      0x1a8 CMakeFiles/FaceID12_E.dir/C_/Users/User/Documents/Pico/pico-sdk/src/rp2_common/hardware_irq/irq.c.obj
                0x10001ce0                irq_remove_handler
 .text.irq_add_tail_to_free_list
                0x10001e88       0xf0 CMakeFiles/FaceID12_E.dir/C_/Users/User/Documents/Pico/pico-sdk/src/rp2_common/hardware_irq/irq.c.obj
                0x10001e88                irq_add_tail_to_free_list
 .text.irq_init_priorities
                0x10001f78       0x1c CMakeFiles/FaceID12_E.dir/C_/Users/User/Documents/Pico/pico-sdk/src/rp2_common/hardware_irq/irq.c.obj
                0x10001f78                irq_init_priorities
 .text.user_irq_claim_unused
                0x10001f94       0x30 CMakeFiles/FaceID12_E.dir/C_/Users/User/Documents/Pico/pico-sdk/src/rp2_common/hardware_irq/irq.c.obj
                0x10001f94                user_irq_claim_unused
 .text.sem_init
                0x10001fc4       0x1e CMakeFiles/FaceID12_E.dir/C_/Users/User/Documents/Pico/pico-sdk/src/common/pico_sync/sem.c.obj
                0x10001fc4                sem_init
 *fill*         0x10001fe2        0x2 
 .text.lock_init
                0x10001fe4       0x10 CMakeFiles/FaceID12_E.dir/C_/Users/User/Documents/Pico/pico-sdk/src/common/pico_sync/lock_core.c.obj
                0x10001fe4                lock_init
 .text.alarm_pool_post_alloc_init
                0x10001ff4       0x40 CMakeFiles/FaceID12_E.dir/C_/Users/User/Documents/Pico/pico-sdk/src/common/pico_time/time.c.obj
 .text.sleep_until_callback
                0x10002034       0x30 CMakeFiles/FaceID12_E.dir/C_/Users/User/Documents/Pico/pico-sdk/src/common/pico_time/time.c.obj
 .text.timer_pool_entry_comparator
                0x10002064       0x7c CMakeFiles/FaceID12_E.dir/C_/Users/User/Documents/Pico/pico-sdk/src/common/pico_time/time.c.obj
                0x10002064                timer_pool_entry_comparator
 .text.ph_add_child_node
                0x100020e0       0xa4 CMakeFiles/FaceID12_E.dir/C_/Users/User/Documents/Pico/pico-sdk/src/common/pico_time/time.c.obj
 .text.ph_merge_nodes
                0x10002184       0x3e CMakeFiles/FaceID12_E.dir/C_/Users/User/Documents/Pico/pico-sdk/src/common/pico_time/time.c.obj
 *fill*         0x100021c2        0x2 
 .text.add_alarm_under_lock
                0x100021c4      0x174 CMakeFiles/FaceID12_E.dir/C_/Users/User/Documents/Pico/pico-sdk/src/common/pico_time/time.c.obj
 .text.alarm_pool_alarm_callback
                0x10002338      0x328 CMakeFiles/FaceID12_E.dir/C_/Users/User/Documents/Pico/pico-sdk/src/common/pico_time/time.c.obj
 .text.alarm_pool_init_default
                0x10002660       0x38 CMakeFiles/FaceID12_E.dir/C_/Users/User/Documents/Pico/pico-sdk/src/common/pico_time/time.c.obj
                0x10002660                alarm_pool_init_default
 .text.alarm_pool_get_default
                0x10002698       0x2c CMakeFiles/FaceID12_E.dir/C_/Users/User/Documents/Pico/pico-sdk/src/common/pico_time/time.c.obj
                0x10002698                alarm_pool_get_default
 .text.alarm_pool_add_alarm_at
                0x100026c4      0x170 CMakeFiles/FaceID12_E.dir/C_/Users/User/Documents/Pico/pico-sdk/src/common/pico_time/time.c.obj
                0x100026c4                alarm_pool_add_alarm_at
 .text.alarm_pool_cancel_alarm
                0x10002834       0xf0 CMakeFiles/FaceID12_E.dir/C_/Users/User/Documents/Pico/pico-sdk/src/common/pico_time/time.c.obj
                0x10002834                alarm_pool_cancel_alarm
 .text.sleep_until
                0x10002924       0xfc CMakeFiles/FaceID12_E.dir/C_/Users/User/Documents/Pico/pico-sdk/src/common/pico_time/time.c.obj
                0x10002924                sleep_until
 .text.sleep_us
                0x10002a20       0x58 CMakeFiles/FaceID12_E.dir/C_/Users/User/Documents/Pico/pico-sdk/src/common/pico_time/time.c.obj
                0x10002a20                sleep_us
 .text.sleep_ms
                0x10002a78       0x14 CMakeFiles/FaceID12_E.dir/C_/Users/User/Documents/Pico/pico-sdk/src/common/pico_time/time.c.obj
                0x10002a78                sleep_ms
 .text.best_effort_wfe_or_timeout
                0x10002a8c       0x80 CMakeFiles/FaceID12_E.dir/C_/Users/User/Documents/Pico/pico-sdk/src/common/pico_time/time.c.obj
                0x10002a8c                best_effort_wfe_or_timeout
 .text.hardware_alarm_irq_handler
                0x10002b0c       0x8c CMakeFiles/FaceID12_E.dir/C_/Users/User/Documents/Pico/pico-sdk/src/rp2_common/hardware_timer/timer.c.obj
 .text.hardware_alarm_claim
                0x10002b98       0x18 CMakeFiles/FaceID12_E.dir/C_/Users/User/Documents/Pico/pico-sdk/src/rp2_common/hardware_timer/timer.c.obj
                0x10002b98                hardware_alarm_claim
 .text.time_us_64
                0x10002bb0       0x18 CMakeFiles/FaceID12_E.dir/C_/Users/User/Documents/Pico/pico-sdk/src/rp2_common/hardware_timer/timer.c.obj
                0x10002bb0                time_us_64
 .text.busy_wait_until
                0x10002bc8       0x28 CMakeFiles/FaceID12_E.dir/C_/Users/User/Documents/Pico/pico-sdk/src/rp2_common/hardware_timer/timer.c.obj
                0x10002bc8                busy_wait_until
 .text.busy_wait_us
                0x10002bf0       0x48 CMakeFiles/FaceID12_E.dir/C_/Users/User/Documents/Pico/pico-sdk/src/rp2_common/hardware_timer/timer.c.obj
                0x10002bf0                busy_wait_us
 .text.hardware_alarm_set_callback
                0x10002c38       0x90 CMakeFiles/FaceID12_E.dir/C_/Users/User/Documents/Pico/pico-sdk/src/rp2_common/hardware_timer/timer.c.obj
                0x10002c38                hardware_alarm_set_callback
 .text.hardware_alarm_set_target
                0x10002cc8       0xe8 CMakeFiles/FaceID12_E.dir/C_/Users/User/Documents/Pico/pico-sdk/src/rp2_common/hardware_timer/timer.c.obj
                0x10002cc8                hardware_alarm_set_target
 .text.hardware_alarm_cancel
                0x10002db0       0x40 CMakeFiles/FaceID12_E.dir/C_/Users/User/Documents/Pico/pico-sdk/src/rp2_common/hardware_timer/timer.c.obj
                0x10002db0                hardware_alarm_cancel
 .text.ph_add_child_node
                0x10002df0       0xa4 CMakeFiles/FaceID12_E.dir/C_/Users/User/Documents/Pico/pico-sdk/src/common/pico_util/pheap.c.obj
 .text.ph_merge_nodes
                0x10002e94       0x3e CMakeFiles/FaceID12_E.dir/C_/Users/User/Documents/Pico/pico-sdk/src/common/pico_util/pheap.c.obj
 *fill*         0x10002ed2        0x2 
 .text.ph_clear
                0x10002ed4       0x70 CMakeFiles/FaceID12_E.dir/C_/Users/User/Documents/Pico/pico-sdk/src/common/pico_util/pheap.c.obj
                0x10002ed4                ph_clear
 .text.ph_post_alloc_init
                0x10002f44        0xe CMakeFiles/FaceID12_E.dir/C_/Users/User/Documents/Pico/pico-sdk/src/common/pico_util/pheap.c.obj
                0x10002f44                ph_post_alloc_init
 *fill*         0x10002f52        0x2 
 .text.ph_merge_two_pass
                0x10002f54       0xa8 CMakeFiles/FaceID12_E.dir/C_/Users/User/Documents/Pico/pico-sdk/src/common/pico_util/pheap.c.obj
                0x10002f54                ph_merge_two_pass
 .text.ph_remove_any_head
                0x10002ffc      0x108 CMakeFiles/FaceID12_E.dir/C_/Users/User/Documents/Pico/pico-sdk/src/common/pico_util/pheap.c.obj
 .text.ph_remove_head
                0x10003104       0x14 CMakeFiles/FaceID12_E.dir/C_/Users/User/Documents/Pico/pico-sdk/src/common/pico_util/pheap.c.obj
                0x10003104                ph_remove_head
 .text.ph_remove_and_free_node
                0x10003118       0xf8 CMakeFiles/FaceID12_E.dir/C_/Users/User/Documents/Pico/pico-sdk/src/common/pico_util/pheap.c.obj
                0x10003118                ph_remove_and_free_node
 .text.mutex_init
                0x10003210       0x1a CMakeFiles/FaceID12_E.dir/C_/Users/User/Documents/Pico/pico-sdk/src/common/pico_sync/mutex.c.obj
                0x10003210                mutex_init
 .text.recursive_mutex_init
                0x1000322a       0x1e CMakeFiles/FaceID12_E.dir/C_/Users/User/Documents/Pico/pico-sdk/src/common/pico_sync/mutex.c.obj
                0x1000322a                recursive_mutex_init
 .text.critical_section_init_with_lock_num
                0x10003248       0x14 CMakeFiles/FaceID12_E.dir/C_/Users/User/Documents/Pico/pico-sdk/src/common/pico_sync/critical_section.c.obj
                0x10003248                critical_section_init_with_lock_num
 .text.critical_section_init
                0x1000325c       0x14 CMakeFiles/FaceID12_E.dir/C_/Users/User/Documents/Pico/pico-sdk/src/common/pico_sync/critical_section.c.obj
                0x1000325c                critical_section_init
 .text.uart_set_baudrate
                0x10003270       0x5c CMakeFiles/FaceID12_E.dir/C_/Users/User/Documents/Pico/pico-sdk/src/rp2_common/hardware_uart/uart.c.obj
                0x10003270                uart_set_baudrate
 .text.uart_set_translate_crlf
                0x100032cc       0x28 CMakeFiles/FaceID12_E.dir/C_/Users/User/Documents/Pico/pico-sdk/src/rp2_common/hardware_uart/uart.c.obj
                0x100032cc                uart_set_translate_crlf
 .text.uart_init
                0x100032f4       0x80 CMakeFiles/FaceID12_E.dir/C_/Users/User/Documents/Pico/pico-sdk/src/rp2_common/hardware_uart/uart.c.obj
                0x100032f4                uart_init
 .text._exit    0x10003374        0x4 CMakeFiles/FaceID12_E.dir/C_/Users/User/Documents/Pico/pico-sdk/src/rp2_common/pico_runtime/runtime.c.obj
                0x10003374                _exit
 .text._sbrk    0x10003378       0x38 CMakeFiles/FaceID12_E.dir/C_/Users/User/Documents/Pico/pico-sdk/src/rp2_common/pico_runtime/runtime.c.obj
                0x10003378                _sbrk
 .text.exit     0x100033b0        0x6 CMakeFiles/FaceID12_E.dir/C_/Users/User/Documents/Pico/pico-sdk/src/rp2_common/pico_runtime/runtime.c.obj
                0x100033b0                exit
 *fill*         0x100033b6        0x2 
 .text.__assert_func
                0x100033b8       0x3c CMakeFiles/FaceID12_E.dir/C_/Users/User/Documents/Pico/pico-sdk/src/rp2_common/pico_runtime/runtime.c.obj
                0x100033b8                __assert_func
 .text.runtime_init
                0x100033f4       0xf8 CMakeFiles/FaceID12_E.dir/C_/Users/User/Documents/Pico/pico-sdk/src/rp2_common/pico_runtime/runtime.c.obj
                0x100033f4                runtime_init
 .text.panic    0x100034ec       0x30 CMakeFiles/FaceID12_E.dir/C_/Users/User/Documents/Pico/pico-sdk/src/rp2_common/pico_runtime/runtime.c.obj
                0x100034ec                panic
 .text.clock_configure
                0x1000351c      0x104 CMakeFiles/FaceID12_E.dir/C_/Users/User/Documents/Pico/pico-sdk/src/rp2_common/hardware_clocks/clocks.c.obj
                0x1000351c                clock_configure
 .text.clocks_init
                0x10003620      0x100 CMakeFiles/FaceID12_E.dir/C_/Users/User/Documents/Pico/pico-sdk/src/rp2_common/hardware_clocks/clocks.c.obj
                0x10003620                clocks_init
 .text.clock_get_hz
                0x10003720        0xc CMakeFiles/FaceID12_E.dir/C_/Users/User/Documents/Pico/pico-sdk/src/rp2_common/hardware_clocks/clocks.c.obj
                0x10003720                clock_get_hz
 .text.pll_init
                0x1000372c      0x140 CMakeFiles/FaceID12_E.dir/C_/Users/User/Documents/Pico/pico-sdk/src/rp2_common/hardware_pll/pll.c.obj
                0x1000372c                pll_init
 .text.watchdog_start_tick
                0x1000386c       0x10 CMakeFiles/FaceID12_E.dir/C_/Users/User/Documents/Pico/pico-sdk/src/rp2_common/hardware_watchdog/watchdog.c.obj
                0x1000386c                watchdog_start_tick
 .text.watchdog_update
                0x1000387c       0x14 CMakeFiles/FaceID12_E.dir/C_/Users/User/Documents/Pico/pico-sdk/src/rp2_common/hardware_watchdog/watchdog.c.obj
                0x1000387c                watchdog_update
 .text._watchdog_enable
                0x10003890       0x78 CMakeFiles/FaceID12_E.dir/C_/Users/User/Documents/Pico/pico-sdk/src/rp2_common/hardware_watchdog/watchdog.c.obj
                0x10003890                _watchdog_enable
 .text.watchdog_reboot
                0x10003908       0x48 CMakeFiles/FaceID12_E.dir/C_/Users/User/Documents/Pico/pico-sdk/src/rp2_common/hardware_watchdog/watchdog.c.obj
                0x10003908                watchdog_reboot
 .text.xosc_init
                0x10003950       0x28 CMakeFiles/FaceID12_E.dir/C_/Users/User/Documents/Pico/pico-sdk/src/rp2_common/hardware_xosc/xosc.c.obj
                0x10003950                xosc_init
 .text._out_buffer
                0x10003978        0x8 CMakeFiles/FaceID12_E.dir/C_/Users/User/Documents/Pico/pico-sdk/src/rp2_common/pico_printf/printf.c.obj
 .text._out_null
                0x10003980        0x2 CMakeFiles/FaceID12_E.dir/C_/Users/User/Documents/Pico/pico-sdk/src/rp2_common/pico_printf/printf.c.obj
 .text._out_fct
                0x10003982        0xe CMakeFiles/FaceID12_E.dir/C_/Users/User/Documents/Pico/pico-sdk/src/rp2_common/pico_printf/printf.c.obj
 .text._atoi    0x10003990       0x24 CMakeFiles/FaceID12_E.dir/C_/Users/User/Documents/Pico/pico-sdk/src/rp2_common/pico_printf/printf.c.obj
 .text._out_rev
                0x100039b4       0xae CMakeFiles/FaceID12_E.dir/C_/Users/User/Documents/Pico/pico-sdk/src/rp2_common/pico_printf/printf.c.obj
 .text._ntoa_format
                0x10003a62      0x112 CMakeFiles/FaceID12_E.dir/C_/Users/User/Documents/Pico/pico-sdk/src/rp2_common/pico_printf/printf.c.obj
 .text._ntoa_long
                0x10003b74       0xbc CMakeFiles/FaceID12_E.dir/C_/Users/User/Documents/Pico/pico-sdk/src/rp2_common/pico_printf/printf.c.obj
 .text._ntoa_long_long
                0x10003c30       0xe2 CMakeFiles/FaceID12_E.dir/C_/Users/User/Documents/Pico/pico-sdk/src/rp2_common/pico_printf/printf.c.obj
 *fill*         0x10003d12        0x2 
 .text._etoa    0x10003d14      0x414 CMakeFiles/FaceID12_E.dir/C_/Users/User/Documents/Pico/pico-sdk/src/rp2_common/pico_printf/printf.c.obj
 .text._ftoa    0x10004128      0x354 CMakeFiles/FaceID12_E.dir/C_/Users/User/Documents/Pico/pico-sdk/src/rp2_common/pico_printf/printf.c.obj
 .text._vsnprintf
                0x1000447c      0x624 CMakeFiles/FaceID12_E.dir/C_/Users/User/Documents/Pico/pico-sdk/src/rp2_common/pico_printf/printf.c.obj
 .text.__wrap_vsnprintf
                0x10004aa0       0x1c CMakeFiles/FaceID12_E.dir/C_/Users/User/Documents/Pico/pico-sdk/src/rp2_common/pico_printf/printf.c.obj
                0x10004aa0                __wrap_vsnprintf
 .text.vfctprintf
                0x10004abc       0x20 CMakeFiles/FaceID12_E.dir/C_/Users/User/Documents/Pico/pico-sdk/src/rp2_common/pico_printf/printf.c.obj
                0x10004abc                vfctprintf
 .text          0x10004adc       0x10 CMakeFiles/FaceID12_E.dir/C_/Users/User/Documents/Pico/pico-sdk/src/rp2_common/pico_bit_ops/bit_ops_aeabi.S.obj
 .text.rom_func_lookup
                0x10004aec       0x10 CMakeFiles/FaceID12_E.dir/C_/Users/User/Documents/Pico/pico-sdk/src/rp2_common/pico_bootrom/bootrom.c.obj
                0x10004aec                rom_func_lookup
 .text.rom_data_lookup
                0x10004afc       0x10 CMakeFiles/FaceID12_E.dir/C_/Users/User/Documents/Pico/pico-sdk/src/rp2_common/pico_bootrom/bootrom.c.obj
                0x10004afc                rom_data_lookup
 .text.rom_funcs_lookup
                0x10004b0c       0x36 CMakeFiles/FaceID12_E.dir/C_/Users/User/Documents/Pico/pico-sdk/src/rp2_common/pico_bootrom/bootrom.c.obj
                0x10004b0c                rom_funcs_lookup
 *fill*         0x10004b42        0x2 
 .text.__wrap___aeabi_idiv
                0x10004b44       0x50 CMakeFiles/FaceID12_E.dir/C_/Users/User/Documents/Pico/pico-sdk/src/rp2_common/pico_divider/divider.S.obj
                0x10004b44                __wrap___aeabi_idivmod
                0x10004b44                divmod_s32s32
                0x10004b44                div_s32s32
                0x10004b44                __wrap___aeabi_idiv
                0x10004b4c                divmod_s32s32_unsafe
                0x10004b78                divmod_s32s32_savestate
 .text.__wrap___aeabi_uidiv
                0x10004b94       0x4c CMakeFiles/FaceID12_E.dir/C_/Users/User/Documents/Pico/pico-sdk/src/rp2_common/pico_divider/divider.S.obj
                0x10004b94                __wrap___aeabi_uidiv
                0x10004b94                __wrap___aeabi_uidivmod
                0x10004b94                div_u32u32
                0x10004b94                divmod_u32u32
                0x10004b9c                divmod_u32u32_unsafe
                0x10004bc4                divmod_u32u32_savestate
 .text.__wrap___aeabi_ldiv
                0x10004be0      0x434 CMakeFiles/FaceID12_E.dir/C_/Users/User/Documents/Pico/pico-sdk/src/rp2_common/pico_divider/divider.S.obj
                0x10004be0                div_s64s64
                0x10004be0                divmod_s64s64
                0x10004be0                __wrap___aeabi_ldivmod
                0x10004c18                divmod_u64u64
                0x10004c18                div_u64u64
                0x10004c18                __wrap___aeabi_uldivmod
                0x10004c28                divmod_u64u64_savestate
                0x10004c50                divmod_s64s64_unsafe
                0x10004cd8                divmod_u64u64_unsafe
 .text.__wrap___aeabi_darithmetic
                0x10005014       0x80 CMakeFiles/FaceID12_E.dir/C_/Users/User/Documents/Pico/pico-sdk/src/rp2_common/pico_double/double_aeabi.S.obj
                0x10005014                __wrap___aeabi_drsub
                0x1000501a                __wrap___aeabi_dsub
                0x1000502c                __wrap___aeabi_dadd
                0x1000503e                __wrap___aeabi_ddiv
                0x1000507a                __wrap___aeabi_dmul
 .text.__wrap___aeabi_cdcmple
                0x10005094       0x6c CMakeFiles/FaceID12_E.dir/C_/Users/User/Documents/Pico/pico-sdk/src/rp2_common/pico_double/double_aeabi.S.obj
                0x10005094                __wrap___aeabi_cdrcmple
                0x100050a4                __wrap___aeabi_cdcmpeq
                0x100050a4                __wrap___aeabi_cdcmple
 .text.__wrap___aeabi_dcmplt
                0x10005100        0xc CMakeFiles/FaceID12_E.dir/C_/Users/User/Documents/Pico/pico-sdk/src/rp2_common/pico_double/double_aeabi.S.obj
                0x10005100                __wrap___aeabi_dcmplt
 .text.__wrap___aeabi_dcmple
                0x1000510c       0x10 CMakeFiles/FaceID12_E.dir/C_/Users/User/Documents/Pico/pico-sdk/src/rp2_common/pico_double/double_aeabi.S.obj
                0x1000510c                __wrap___aeabi_dcmple
 .text.__wrap___aeabi_dcmpge
                0x1000511c       0x10 CMakeFiles/FaceID12_E.dir/C_/Users/User/Documents/Pico/pico-sdk/src/rp2_common/pico_double/double_aeabi.S.obj
                0x1000511c                __wrap___aeabi_dcmpge
 .text.__wrap___aeabi_dcmpgt
                0x1000512c        0xa CMakeFiles/FaceID12_E.dir/C_/Users/User/Documents/Pico/pico-sdk/src/rp2_common/pico_double/double_aeabi.S.obj
                0x1000512c                __wrap___aeabi_dcmpgt
 .text.__wrap___aeabi_dcmpun
                0x10005136       0x1c CMakeFiles/FaceID12_E.dir/C_/Users/User/Documents/Pico/pico-sdk/src/rp2_common/pico_double/double_aeabi.S.obj
                0x10005136                __wrap___aeabi_dcmpun
 *fill*         0x10005152        0x2 
 .text.__wrap___aeabi_i2d
                0x10005154       0x38 CMakeFiles/FaceID12_E.dir/C_/Users/User/Documents/Pico/pico-sdk/src/rp2_common/pico_double/double_aeabi.S.obj
                0x10005154                __wrap___aeabi_ui2d
                0x1000515c                __wrap___aeabi_i2d
 .text.__wrap___aeabi_d2iz
                0x1000518c       0x48 CMakeFiles/FaceID12_E.dir/C_/Users/User/Documents/Pico/pico-sdk/src/rp2_common/pico_double/double_aeabi.S.obj
                0x1000518c                double2int_z
                0x1000518c                __wrap___aeabi_d2iz
 .text.__wrap___aeabi_d2uiz
                0x100051d4       0x18 CMakeFiles/FaceID12_E.dir/C_/Users/User/Documents/Pico/pico-sdk/src/rp2_common/pico_double/double_aeabi.S.obj
                0x100051d4                __wrap___aeabi_d2uiz
                0x100051d4                double2uint
 .text.__aeabi_double_init
                0x100051ec       0xc8 CMakeFiles/FaceID12_E.dir/C_/Users/User/Documents/Pico/pico-sdk/src/rp2_common/pico_double/double_init_rom.c.obj
                0x100051ec                __aeabi_double_init
 .text.double_table_shim_on_use_helper
                0x100052b4       0x34 CMakeFiles/FaceID12_E.dir/C_/Users/User/Documents/Pico/pico-sdk/src/rp2_common/pico_double/double_v1_rom_shim.S.obj
                0x100052b4                double_table_shim_on_use_helper
 .text.__wrap___aeabi_dsub
                0x100052e8       0x10 CMakeFiles/FaceID12_E.dir/C_/Users/User/Documents/Pico/pico-sdk/src/rp2_common/pico_double/double_v1_rom_shim.S.obj
                0x100052e8                drsub_shim
                0x100052ee                dsub_shim
 .text.dadd_shim
                0x100052f8      0x15c CMakeFiles/FaceID12_E.dir/C_/Users/User/Documents/Pico/pico-sdk/src/rp2_common/pico_double/double_v1_rom_shim.S.obj
                0x100052f8                dadd_shim
 .text.dmul_shim
                0x10005454      0x15c CMakeFiles/FaceID12_E.dir/C_/Users/User/Documents/Pico/pico-sdk/src/rp2_common/pico_double/double_v1_rom_shim.S.obj
                0x10005454                dmul_shim
 .text.ddiv_shim
                0x100055b0      0x1b0 CMakeFiles/FaceID12_E.dir/C_/Users/User/Documents/Pico/pico-sdk/src/rp2_common/pico_double/double_v1_rom_shim.S.obj
                0x100055b0                ddiv_shim
 .text.double2uint_shim
                0x10005760        0xe CMakeFiles/FaceID12_E.dir/C_/Users/User/Documents/Pico/pico-sdk/src/rp2_common/pico_double/double_v1_rom_shim.S.obj
                0x10005760                double2uint_shim
                0x10005762                double2ufix_shim
 *fill*         0x1000576e        0x2 
 .text.double2uint64_shim
                0x10005770       0x70 CMakeFiles/FaceID12_E.dir/C_/Users/User/Documents/Pico/pico-sdk/src/rp2_common/pico_double/double_v1_rom_shim.S.obj
                0x10005770                double2uint64_shim
                0x10005772                double2ufix64_shim
                0x10005792                d2fix_a
 .text.dunpacks
                0x100057e0       0x3c CMakeFiles/FaceID12_E.dir/C_/Users/User/Documents/Pico/pico-sdk/src/rp2_common/pico_double/double_v1_rom_shim.S.obj
                0x100057e0                dunpacks
 .text.__aeabi_lmul
                0x1000581c       0x32 CMakeFiles/FaceID12_E.dir/C_/Users/User/Documents/Pico/pico-sdk/src/rp2_common/pico_int64_ops/pico_int64_ops_aeabi.S.obj
                0x1000581c                __wrap___aeabi_lmul
 *fill*         0x1000584e        0x2 
 .text.__aeabi_float_init
                0x10005850       0xfc CMakeFiles/FaceID12_E.dir/C_/Users/User/Documents/Pico/pico-sdk/src/rp2_common/pico_float/float_init_rom.c.obj
                0x10005850                __aeabi_float_init
 .text.float_table_shim_on_use_helper
                0x1000594c       0x34 CMakeFiles/FaceID12_E.dir/C_/Users/User/Documents/Pico/pico-sdk/src/rp2_common/pico_float/float_v1_rom_shim.S.obj
                0x1000594c                float_table_shim_on_use_helper
 .text.__wrap_malloc
                0x10005980       0x24 CMakeFiles/FaceID12_E.dir/C_/Users/User/Documents/Pico/pico-sdk/src/rp2_common/pico_malloc/pico_malloc.c.obj
                0x10005980                __wrap_malloc
 .text.__wrap_free
                0x100059a4        0x8 CMakeFiles/FaceID12_E.dir/C_/Users/User/Documents/Pico/pico-sdk/src/rp2_common/pico_malloc/pico_malloc.c.obj
                0x100059a4                __wrap_free
 .text          0x100059ac       0x10 CMakeFiles/FaceID12_E.dir/C_/Users/User/Documents/Pico/pico-sdk/src/rp2_common/pico_mem_ops/mem_ops_aeabi.S.obj
                0x100059ac                __aeabi_mem_init
 .text.memset   0x100059bc        0xc CMakeFiles/FaceID12_E.dir/C_/Users/User/Documents/Pico/pico-sdk/src/rp2_common/pico_mem_ops/mem_ops_aeabi.S.obj
                0x100059bc                __wrap_memset
 .text.memcpy   0x100059c8        0xc CMakeFiles/FaceID12_E.dir/C_/Users/User/Documents/Pico/pico-sdk/src/rp2_common/pico_mem_ops/mem_ops_aeabi.S.obj
                0x100059c8                __wrap_memcpy
                0x100059c8                __wrap___aeabi_memcpy
 .text.stdio_out_chars_no_crlf
                0x100059d4        0xe CMakeFiles/FaceID12_E.dir/C_/Users/User/Documents/Pico/pico-sdk/src/rp2_common/pico_stdio/stdio.c.obj
 *fill*         0x100059e2        0x2 
 .text.stdio_out_chars_crlf
                0x100059e4       0x80 CMakeFiles/FaceID12_E.dir/C_/Users/User/Documents/Pico/pico-sdk/src/rp2_common/pico_stdio/stdio.c.obj
 .text.stdio_stack_buffer_flush
                0x10005a64       0x44 CMakeFiles/FaceID12_E.dir/C_/Users/User/Documents/Pico/pico-sdk/src/rp2_common/pico_stdio/stdio.c.obj
 .text.stdio_buffered_printer
                0x10005aa8       0x20 CMakeFiles/FaceID12_E.dir/C_/Users/User/Documents/Pico/pico-sdk/src/rp2_common/pico_stdio/stdio.c.obj
 .text.stdio_get_until
                0x10005ac8       0x80 CMakeFiles/FaceID12_E.dir/C_/Users/User/Documents/Pico/pico-sdk/src/rp2_common/pico_stdio/stdio.c.obj
 .text.stdout_serialize_begin
                0x10005b48       0x30 CMakeFiles/FaceID12_E.dir/C_/Users/User/Documents/Pico/pico-sdk/src/rp2_common/pico_stdio/stdio.c.obj
                0x10005b48                stdout_serialize_begin
 .text.stdout_serialize_end
                0x10005b78       0x10 CMakeFiles/FaceID12_E.dir/C_/Users/User/Documents/Pico/pico-sdk/src/rp2_common/pico_stdio/stdio.c.obj
                0x10005b78                stdout_serialize_end
 .text.stdio_put_string
                0x10005b88       0x98 CMakeFiles/FaceID12_E.dir/C_/Users/User/Documents/Pico/pico-sdk/src/rp2_common/pico_stdio/stdio.c.obj
 .text.__wrap_putchar
                0x10005c20       0x1c CMakeFiles/FaceID12_E.dir/C_/Users/User/Documents/Pico/pico-sdk/src/rp2_common/pico_stdio/stdio.c.obj
                0x10005c20                __wrap_putchar
 .text._read    0x10005c3c       0x24 CMakeFiles/FaceID12_E.dir/C_/Users/User/Documents/Pico/pico-sdk/src/rp2_common/pico_stdio/stdio.c.obj
                0x10005c3c                _read
 .text._write   0x10005c60       0x22 CMakeFiles/FaceID12_E.dir/C_/Users/User/Documents/Pico/pico-sdk/src/rp2_common/pico_stdio/stdio.c.obj
                0x10005c60                _write
 *fill*         0x10005c82        0x2 
 .text.stdio_set_driver_enabled
                0x10005c84       0x2c CMakeFiles/FaceID12_E.dir/C_/Users/User/Documents/Pico/pico-sdk/src/rp2_common/pico_stdio/stdio.c.obj
                0x10005c84                stdio_set_driver_enabled
 .text.stdio_flush
                0x10005cb0       0x20 CMakeFiles/FaceID12_E.dir/C_/Users/User/Documents/Pico/pico-sdk/src/rp2_common/pico_stdio/stdio.c.obj
                0x10005cb0                stdio_flush
 .text.__wrap_puts
                0x10005cd0       0x1e CMakeFiles/FaceID12_E.dir/C_/Users/User/Documents/Pico/pico-sdk/src/rp2_common/pico_stdio/stdio.c.obj
                0x10005cd0                __wrap_puts
 *fill*         0x10005cee        0x2 
 .text.__wrap_vprintf
                0x10005cf0       0x44 CMakeFiles/FaceID12_E.dir/C_/Users/User/Documents/Pico/pico-sdk/src/rp2_common/pico_stdio/stdio.c.obj
                0x10005cf0                __wrap_vprintf
 .text.__wrap_printf
                0x10005d34       0x18 CMakeFiles/FaceID12_E.dir/C_/Users/User/Documents/Pico/pico-sdk/src/rp2_common/pico_stdio/stdio.c.obj
                0x10005d34                __wrap_printf
 .text.stdio_init_all
                0x10005d4c        0xc CMakeFiles/FaceID12_E.dir/C_/Users/User/Documents/Pico/pico-sdk/src/rp2_common/pico_stdio/stdio.c.obj
                0x10005d4c                stdio_init_all
 .text.stdio_uart_out_chars
                0x10005d58       0x74 CMakeFiles/FaceID12_E.dir/C_/Users/User/Documents/Pico/pico-sdk/src/rp2_common/pico_stdio_uart/stdio_uart.c.obj
 .text.stdio_uart_in_chars
                0x10005dcc       0x58 CMakeFiles/FaceID12_E.dir/C_/Users/User/Documents/Pico/pico-sdk/src/rp2_common/pico_stdio_uart/stdio_uart.c.obj
                0x10005dcc                stdio_uart_in_chars
 .text.stdio_uart_init_full
                0x10005e24       0x3c CMakeFiles/FaceID12_E.dir/C_/Users/User/Documents/Pico/pico-sdk/src/rp2_common/pico_stdio_uart/stdio_uart.c.obj
                0x10005e24                stdio_uart_init_full
 .text.stdio_uart_init
                0x10005e60       0x28 CMakeFiles/FaceID12_E.dir/C_/Users/User/Documents/Pico/pico-sdk/src/rp2_common/pico_stdio_uart/stdio_uart.c.obj
                0x10005e60                stdio_uart_init
 .text.resetd_init
                0x10005e88        0x2 CMakeFiles/FaceID12_E.dir/C_/Users/User/Documents/Pico/pico-sdk/src/rp2_common/pico_stdio_usb/reset_interface.c.obj
 *fill*         0x10005e8a        0x2 
 .text.resetd_reset
                0x10005e8c        0xc CMakeFiles/FaceID12_E.dir/C_/Users/User/Documents/Pico/pico-sdk/src/rp2_common/pico_stdio_usb/reset_interface.c.obj
 .text.resetd_open
                0x10005e98       0x34 CMakeFiles/FaceID12_E.dir/C_/Users/User/Documents/Pico/pico-sdk/src/rp2_common/pico_stdio_usb/reset_interface.c.obj
 .text.resetd_xfer_cb
                0x10005ecc        0x4 CMakeFiles/FaceID12_E.dir/C_/Users/User/Documents/Pico/pico-sdk/src/rp2_common/pico_stdio_usb/reset_interface.c.obj
 .text.reset_usb_boot
                0x10005ed0       0x18 CMakeFiles/FaceID12_E.dir/C_/Users/User/Documents/Pico/pico-sdk/src/rp2_common/pico_stdio_usb/reset_interface.c.obj
 .text.resetd_control_xfer_cb
                0x10005ee8       0x5c CMakeFiles/FaceID12_E.dir/C_/Users/User/Documents/Pico/pico-sdk/src/rp2_common/pico_stdio_usb/reset_interface.c.obj
 .text.usbd_app_driver_get_cb
                0x10005f44        0xc CMakeFiles/FaceID12_E.dir/C_/Users/User/Documents/Pico/pico-sdk/src/rp2_common/pico_stdio_usb/reset_interface.c.obj
                0x10005f44                usbd_app_driver_get_cb
 .text.tud_cdc_line_coding_cb
                0x10005f50       0x28 CMakeFiles/FaceID12_E.dir/C_/Users/User/Documents/Pico/pico-sdk/src/rp2_common/pico_stdio_usb/reset_interface.c.obj
                0x10005f50                tud_cdc_line_coding_cb
 .text.stdio_usb_in_chars
                0x10005f78       0x70 CMakeFiles/FaceID12_E.dir/C_/Users/User/Documents/Pico/pico-sdk/src/rp2_common/pico_stdio_usb/stdio_usb.c.obj
                0x10005f78                stdio_usb_in_chars
 .text.low_priority_worker_irq
                0x10005fe8       0x20 CMakeFiles/FaceID12_E.dir/C_/Users/User/Documents/Pico/pico-sdk/src/rp2_common/pico_stdio_usb/stdio_usb.c.obj
 .text.stdio_usb_out_chars
                0x10006008       0xd4 CMakeFiles/FaceID12_E.dir/C_/Users/User/Documents/Pico/pico-sdk/src/rp2_common/pico_stdio_usb/stdio_usb.c.obj
 .text.timer_task
                0x100060dc       0x40 CMakeFiles/FaceID12_E.dir/C_/Users/User/Documents/Pico/pico-sdk/src/rp2_common/pico_stdio_usb/stdio_usb.c.obj
 .text.usb_irq  0x1000611c       0x10 CMakeFiles/FaceID12_E.dir/C_/Users/User/Documents/Pico/pico-sdk/src/rp2_common/pico_stdio_usb/stdio_usb.c.obj
 .text.stdio_usb_init
                0x1000612c       0xec CMakeFiles/FaceID12_E.dir/C_/Users/User/Documents/Pico/pico-sdk/src/rp2_common/pico_stdio_usb/stdio_usb.c.obj
                0x1000612c                stdio_usb_init
 .text.tud_descriptor_device_cb
                0x10006218        0x8 CMakeFiles/FaceID12_E.dir/C_/Users/User/Documents/Pico/pico-sdk/src/rp2_common/pico_stdio_usb/stdio_usb_descriptors.c.obj
                0x10006218                tud_descriptor_device_cb
 .text.tud_descriptor_configuration_cb
                0x10006220        0x8 CMakeFiles/FaceID12_E.dir/C_/Users/User/Documents/Pico/pico-sdk/src/rp2_common/pico_stdio_usb/stdio_usb_descriptors.c.obj
                0x10006220                tud_descriptor_configuration_cb
 .text.tud_descriptor_string_cb
                0x10006228       0x6c CMakeFiles/FaceID12_E.dir/C_/Users/User/Documents/Pico/pico-sdk/src/rp2_common/pico_stdio_usb/stdio_usb_descriptors.c.obj
                0x10006228                tud_descriptor_string_cb
 .text.hw_endpoint_get_by_addr
                0x10006294       0x18 CMakeFiles/FaceID12_E.dir/C_/Users/User/Documents/Pico/pico-sdk/lib/tinyusb/src/portable/raspberrypi/rp2040/dcd_rp2040.c.obj
 .text.reset_ep0_pid
                0x100062ac       0x28 CMakeFiles/FaceID12_E.dir/C_/Users/User/Documents/Pico/pico-sdk/lib/tinyusb/src/portable/raspberrypi/rp2040/dcd_rp2040.c.obj
 .text._hw_endpoint_alloc
                0x100062d4       0x70 CMakeFiles/FaceID12_E.dir/C_/Users/User/Documents/Pico/pico-sdk/lib/tinyusb/src/portable/raspberrypi/rp2040/dcd_rp2040.c.obj
 .text.hw_endpoint_init
                0x10006344       0x88 CMakeFiles/FaceID12_E.dir/C_/Users/User/Documents/Pico/pico-sdk/lib/tinyusb/src/portable/raspberrypi/rp2040/dcd_rp2040.c.obj
 .text.reset_non_control_endpoints
                0x100063cc       0x40 CMakeFiles/FaceID12_E.dir/C_/Users/User/Documents/Pico/pico-sdk/lib/tinyusb/src/portable/raspberrypi/rp2040/dcd_rp2040.c.obj
 .text.hw_handle_buff_status
                0x1000640c       0x8c CMakeFiles/FaceID12_E.dir/C_/Users/User/Documents/Pico/pico-sdk/lib/tinyusb/src/portable/raspberrypi/rp2040/dcd_rp2040.c.obj
 .text.dcd_rp2040_irq
                0x10006498       0xc0 CMakeFiles/FaceID12_E.dir/C_/Users/User/Documents/Pico/pico-sdk/lib/tinyusb/src/portable/raspberrypi/rp2040/dcd_rp2040.c.obj
 .text.hw_endpoint_xfer
                0x10006558       0x14 CMakeFiles/FaceID12_E.dir/C_/Users/User/Documents/Pico/pico-sdk/lib/tinyusb/src/portable/raspberrypi/rp2040/dcd_rp2040.c.obj
 .text.dcd_int_enable
                0x1000656c       0x2c CMakeFiles/FaceID12_E.dir/C_/Users/User/Documents/Pico/pico-sdk/lib/tinyusb/src/portable/raspberrypi/rp2040/dcd_rp2040.c.obj
                0x1000656c                dcd_int_enable
 .text.dcd_set_address
                0x10006598       0x2c CMakeFiles/FaceID12_E.dir/C_/Users/User/Documents/Pico/pico-sdk/lib/tinyusb/src/portable/raspberrypi/rp2040/dcd_rp2040.c.obj
                0x10006598                dcd_set_address
 .text.dcd_connect
                0x100065c4       0x10 CMakeFiles/FaceID12_E.dir/C_/Users/User/Documents/Pico/pico-sdk/lib/tinyusb/src/portable/raspberrypi/rp2040/dcd_rp2040.c.obj
                0x100065c4                dcd_connect
 .text.dcd_init
                0x100065d4       0x7c CMakeFiles/FaceID12_E.dir/C_/Users/User/Documents/Pico/pico-sdk/lib/tinyusb/src/portable/raspberrypi/rp2040/dcd_rp2040.c.obj
                0x100065d4                dcd_init
 .text.dcd_edpt0_status_complete
                0x10006650       0x1c CMakeFiles/FaceID12_E.dir/C_/Users/User/Documents/Pico/pico-sdk/lib/tinyusb/src/portable/raspberrypi/rp2040/dcd_rp2040.c.obj
                0x10006650                dcd_edpt0_status_complete
 .text.dcd_edpt_open
                0x1000666c       0x40 CMakeFiles/FaceID12_E.dir/C_/Users/User/Documents/Pico/pico-sdk/lib/tinyusb/src/portable/raspberrypi/rp2040/dcd_rp2040.c.obj
                0x1000666c                dcd_edpt_open
 .text.dcd_edpt_close_all
                0x100066ac        0x8 CMakeFiles/FaceID12_E.dir/C_/Users/User/Documents/Pico/pico-sdk/lib/tinyusb/src/portable/raspberrypi/rp2040/dcd_rp2040.c.obj
                0x100066ac                dcd_edpt_close_all
 .text.dcd_edpt_xfer
                0x100066b4       0x30 CMakeFiles/FaceID12_E.dir/C_/Users/User/Documents/Pico/pico-sdk/lib/tinyusb/src/portable/raspberrypi/rp2040/dcd_rp2040.c.obj
                0x100066b4                dcd_edpt_xfer
 .text.dcd_edpt_stall
                0x100066e4       0x2c CMakeFiles/FaceID12_E.dir/C_/Users/User/Documents/Pico/pico-sdk/lib/tinyusb/src/portable/raspberrypi/rp2040/dcd_rp2040.c.obj
                0x100066e4                dcd_edpt_stall
 .text.dcd_edpt_clear_stall
                0x10006710       0x20 CMakeFiles/FaceID12_E.dir/C_/Users/User/Documents/Pico/pico-sdk/lib/tinyusb/src/portable/raspberrypi/rp2040/dcd_rp2040.c.obj
                0x10006710                dcd_edpt_clear_stall
 .text.prepare_ep_buffer
                0x10006730       0x70 CMakeFiles/FaceID12_E.dir/C_/Users/User/Documents/Pico/pico-sdk/lib/tinyusb/src/portable/raspberrypi/rp2040/rp2040_usb.c.obj
 .text.sync_ep_buffer
                0x100067a0       0x7c CMakeFiles/FaceID12_E.dir/C_/Users/User/Documents/Pico/pico-sdk/lib/tinyusb/src/portable/raspberrypi/rp2040/rp2040_usb.c.obj
 .text._hw_endpoint_xfer_sync
                0x1000681c       0x28 CMakeFiles/FaceID12_E.dir/C_/Users/User/Documents/Pico/pico-sdk/lib/tinyusb/src/portable/raspberrypi/rp2040/rp2040_usb.c.obj
 .text.rp2040_usb_init
                0x10006844       0x4c CMakeFiles/FaceID12_E.dir/C_/Users/User/Documents/Pico/pico-sdk/lib/tinyusb/src/portable/raspberrypi/rp2040/rp2040_usb.c.obj
                0x10006844                rp2040_usb_init
 .text.hw_endpoint_reset_transfer
                0x10006890        0xc CMakeFiles/FaceID12_E.dir/C_/Users/User/Documents/Pico/pico-sdk/lib/tinyusb/src/portable/raspberrypi/rp2040/rp2040_usb.c.obj
                0x10006890                hw_endpoint_reset_transfer
 .text._hw_endpoint_buffer_control_update32
                0x1000689c       0x58 CMakeFiles/FaceID12_E.dir/C_/Users/User/Documents/Pico/pico-sdk/lib/tinyusb/src/portable/raspberrypi/rp2040/rp2040_usb.c.obj
                0x1000689c                _hw_endpoint_buffer_control_update32
 .text._hw_endpoint_start_next_buffer
                0x100068f4       0x74 CMakeFiles/FaceID12_E.dir/C_/Users/User/Documents/Pico/pico-sdk/lib/tinyusb/src/portable/raspberrypi/rp2040/rp2040_usb.c.obj
 .text.hw_endpoint_xfer_start
                0x10006968       0x48 CMakeFiles/FaceID12_E.dir/C_/Users/User/Documents/Pico/pico-sdk/lib/tinyusb/src/portable/raspberrypi/rp2040/rp2040_usb.c.obj
                0x10006968                hw_endpoint_xfer_start
 .text.hw_endpoint_xfer_continue
                0x100069b0       0x38 CMakeFiles/FaceID12_E.dir/C_/Users/User/Documents/Pico/pico-sdk/lib/tinyusb/src/portable/raspberrypi/rp2040/rp2040_usb.c.obj
                0x100069b0                hw_endpoint_xfer_continue
 .text.configuration_reset
                0x100069e8       0x84 CMakeFiles/FaceID12_E.dir/C_/Users/User/Documents/Pico/pico-sdk/lib/tinyusb/src/device/usbd.c.obj
 .text.usbd_reset
                0x10006a6c        0xc CMakeFiles/FaceID12_E.dir/C_/Users/User/Documents/Pico/pico-sdk/lib/tinyusb/src/device/usbd.c.obj
 .text.invoke_class_control
                0x10006a78       0x1a CMakeFiles/FaceID12_E.dir/C_/Users/User/Documents/Pico/pico-sdk/lib/tinyusb/src/device/usbd.c.obj
 *fill*         0x10006a92        0x2 
 .text.process_set_config
                0x10006a94      0x1b0 CMakeFiles/FaceID12_E.dir/C_/Users/User/Documents/Pico/pico-sdk/lib/tinyusb/src/device/usbd.c.obj
 .text.process_get_descriptor
                0x10006c44       0xec CMakeFiles/FaceID12_E.dir/C_/Users/User/Documents/Pico/pico-sdk/lib/tinyusb/src/device/usbd.c.obj
 .text.tud_mounted
                0x10006d30       0x10 CMakeFiles/FaceID12_E.dir/C_/Users/User/Documents/Pico/pico-sdk/lib/tinyusb/src/device/usbd.c.obj
                0x10006d30                tud_mounted
 .text.tud_suspended
                0x10006d40       0x10 CMakeFiles/FaceID12_E.dir/C_/Users/User/Documents/Pico/pico-sdk/lib/tinyusb/src/device/usbd.c.obj
                0x10006d40                tud_suspended
 .text.tud_inited
                0x10006d50        0xc CMakeFiles/FaceID12_E.dir/C_/Users/User/Documents/Pico/pico-sdk/lib/tinyusb/src/device/usbd.c.obj
                0x10006d50                tud_inited
 .text.tud_init
                0x10006d5c       0xcc CMakeFiles/FaceID12_E.dir/C_/Users/User/Documents/Pico/pico-sdk/lib/tinyusb/src/device/usbd.c.obj
                0x10006d5c                tud_init
 .text.dcd_event_handler
                0x10006e28      0x1e0 CMakeFiles/FaceID12_E.dir/C_/Users/User/Documents/Pico/pico-sdk/lib/tinyusb/src/device/usbd.c.obj
                0x10006e28                dcd_event_handler
 .text.dcd_event_bus_signal
                0x10007008       0x26 CMakeFiles/FaceID12_E.dir/C_/Users/User/Documents/Pico/pico-sdk/lib/tinyusb/src/device/usbd.c.obj
                0x10007008                dcd_event_bus_signal
 .text.dcd_event_bus_reset
                0x1000702e       0x2a CMakeFiles/FaceID12_E.dir/C_/Users/User/Documents/Pico/pico-sdk/lib/tinyusb/src/device/usbd.c.obj
                0x1000702e                dcd_event_bus_reset
 .text.dcd_event_setup_received
                0x10007058       0x34 CMakeFiles/FaceID12_E.dir/C_/Users/User/Documents/Pico/pico-sdk/lib/tinyusb/src/device/usbd.c.obj
                0x10007058                dcd_event_setup_received
 .text.dcd_event_xfer_complete
                0x1000708c       0x44 CMakeFiles/FaceID12_E.dir/C_/Users/User/Documents/Pico/pico-sdk/lib/tinyusb/src/device/usbd.c.obj
                0x1000708c                dcd_event_xfer_complete
 .text.usbd_edpt_open
                0x100070d0       0x58 CMakeFiles/FaceID12_E.dir/C_/Users/User/Documents/Pico/pico-sdk/lib/tinyusb/src/device/usbd.c.obj
                0x100070d0                usbd_edpt_open
 .text.usbd_open_edpt_pair
                0x10007128       0x8c CMakeFiles/FaceID12_E.dir/C_/Users/User/Documents/Pico/pico-sdk/lib/tinyusb/src/device/usbd.c.obj
                0x10007128                usbd_open_edpt_pair
 .text.usbd_edpt_claim
                0x100071b4       0x8c CMakeFiles/FaceID12_E.dir/C_/Users/User/Documents/Pico/pico-sdk/lib/tinyusb/src/device/usbd.c.obj
                0x100071b4                usbd_edpt_claim
 .text.usbd_edpt_release
                0x10007240       0x68 CMakeFiles/FaceID12_E.dir/C_/Users/User/Documents/Pico/pico-sdk/lib/tinyusb/src/device/usbd.c.obj
                0x10007240                usbd_edpt_release
 .text.usbd_edpt_xfer
                0x100072a8       0x80 CMakeFiles/FaceID12_E.dir/C_/Users/User/Documents/Pico/pico-sdk/lib/tinyusb/src/device/usbd.c.obj
                0x100072a8                usbd_edpt_xfer
 .text.usbd_edpt_stall
                0x10007328       0x40 CMakeFiles/FaceID12_E.dir/C_/Users/User/Documents/Pico/pico-sdk/lib/tinyusb/src/device/usbd.c.obj
                0x10007328                usbd_edpt_stall
 .text.usbd_edpt_clear_stall
                0x10007368       0x40 CMakeFiles/FaceID12_E.dir/C_/Users/User/Documents/Pico/pico-sdk/lib/tinyusb/src/device/usbd.c.obj
                0x10007368                usbd_edpt_clear_stall
 .text.usbd_edpt_stalled
                0x100073a8       0x1c CMakeFiles/FaceID12_E.dir/C_/Users/User/Documents/Pico/pico-sdk/lib/tinyusb/src/device/usbd.c.obj
                0x100073a8                usbd_edpt_stalled
 .text.process_control_request
                0x100073c4      0x3b8 CMakeFiles/FaceID12_E.dir/C_/Users/User/Documents/Pico/pico-sdk/lib/tinyusb/src/device/usbd.c.obj
 .text.tud_task
                0x1000777c      0x218 CMakeFiles/FaceID12_E.dir/C_/Users/User/Documents/Pico/pico-sdk/lib/tinyusb/src/device/usbd.c.obj
                0x1000777c                tud_task
 .text._data_stage_xact
                0x10007994       0x58 CMakeFiles/FaceID12_E.dir/C_/Users/User/Documents/Pico/pico-sdk/lib/tinyusb/src/device/usbd_control.c.obj
 .text.tud_control_status
                0x100079ec       0x38 CMakeFiles/FaceID12_E.dir/C_/Users/User/Documents/Pico/pico-sdk/lib/tinyusb/src/device/usbd_control.c.obj
                0x100079ec                tud_control_status
 .text.tud_control_xfer
                0x10007a24       0xa8 CMakeFiles/FaceID12_E.dir/C_/Users/User/Documents/Pico/pico-sdk/lib/tinyusb/src/device/usbd_control.c.obj
                0x10007a24                tud_control_xfer
 .text.usbd_control_reset
                0x10007acc       0x14 CMakeFiles/FaceID12_E.dir/C_/Users/User/Documents/Pico/pico-sdk/lib/tinyusb/src/device/usbd_control.c.obj
                0x10007acc                usbd_control_reset
 .text.usbd_control_set_complete_callback
                0x10007ae0        0xc CMakeFiles/FaceID12_E.dir/C_/Users/User/Documents/Pico/pico-sdk/lib/tinyusb/src/device/usbd_control.c.obj
                0x10007ae0                usbd_control_set_complete_callback
 .text.usbd_control_set_request
                0x10007aec       0x1c CMakeFiles/FaceID12_E.dir/C_/Users/User/Documents/Pico/pico-sdk/lib/tinyusb/src/device/usbd_control.c.obj
                0x10007aec                usbd_control_set_request
 .text.usbd_control_xfer_cb
                0x10007b08       0xfc CMakeFiles/FaceID12_E.dir/C_/Users/User/Documents/Pico/pico-sdk/lib/tinyusb/src/device/usbd_control.c.obj
                0x10007b08                usbd_control_xfer_cb
 .text._prep_out_transaction
                0x10007c04       0x46 CMakeFiles/FaceID12_E.dir/C_/Users/User/Documents/Pico/pico-sdk/lib/tinyusb/src/class/cdc/cdc_device.c.obj
 *fill*         0x10007c4a        0x2 
 .text.tud_cdc_n_connected
                0x10007c4c       0x44 CMakeFiles/FaceID12_E.dir/C_/Users/User/Documents/Pico/pico-sdk/lib/tinyusb/src/class/cdc/cdc_device.c.obj
                0x10007c4c                tud_cdc_n_connected
 .text.tud_cdc_n_available
                0x10007c90       0x18 CMakeFiles/FaceID12_E.dir/C_/Users/User/Documents/Pico/pico-sdk/lib/tinyusb/src/class/cdc/cdc_device.c.obj
                0x10007c90                tud_cdc_n_available
 .text.tud_cdc_n_read
                0x10007ca8       0x28 CMakeFiles/FaceID12_E.dir/C_/Users/User/Documents/Pico/pico-sdk/lib/tinyusb/src/class/cdc/cdc_device.c.obj
                0x10007ca8                tud_cdc_n_read
 .text.tud_cdc_n_write_flush
                0x10007cd0       0xcc CMakeFiles/FaceID12_E.dir/C_/Users/User/Documents/Pico/pico-sdk/lib/tinyusb/src/class/cdc/cdc_device.c.obj
                0x10007cd0                tud_cdc_n_write_flush
 .text.tud_cdc_n_write
                0x10007d9c       0x38 CMakeFiles/FaceID12_E.dir/C_/Users/User/Documents/Pico/pico-sdk/lib/tinyusb/src/class/cdc/cdc_device.c.obj
                0x10007d9c                tud_cdc_n_write
 .text.tud_cdc_n_write_available
                0x10007dd4       0x1c CMakeFiles/FaceID12_E.dir/C_/Users/User/Documents/Pico/pico-sdk/lib/tinyusb/src/class/cdc/cdc_device.c.obj
                0x10007dd4                tud_cdc_n_write_available
 .text.cdcd_init
                0x10007df0       0xbc CMakeFiles/FaceID12_E.dir/C_/Users/User/Documents/Pico/pico-sdk/lib/tinyusb/src/class/cdc/cdc_device.c.obj
                0x10007df0                cdcd_init
 .text.cdcd_reset
                0x10007eac       0x44 CMakeFiles/FaceID12_E.dir/C_/Users/User/Documents/Pico/pico-sdk/lib/tinyusb/src/class/cdc/cdc_device.c.obj
                0x10007eac                cdcd_reset
 .text.cdcd_open
                0x10007ef0       0xf8 CMakeFiles/FaceID12_E.dir/C_/Users/User/Documents/Pico/pico-sdk/lib/tinyusb/src/class/cdc/cdc_device.c.obj
                0x10007ef0                cdcd_open
 .text.cdcd_control_xfer_cb
                0x10007fe8      0x134 CMakeFiles/FaceID12_E.dir/C_/Users/User/Documents/Pico/pico-sdk/lib/tinyusb/src/class/cdc/cdc_device.c.obj
                0x10007fe8                cdcd_control_xfer_cb
 .text.cdcd_xfer_cb
                0x1000811c      0x144 CMakeFiles/FaceID12_E.dir/C_/Users/User/Documents/Pico/pico-sdk/lib/tinyusb/src/class/cdc/cdc_device.c.obj
                0x1000811c                cdcd_xfer_cb
 .text.tusb_init
                0x10008260       0x24 CMakeFiles/FaceID12_E.dir/C_/Users/User/Documents/Pico/pico-sdk/lib/tinyusb/src/tusb.c.obj
                0x10008260                tusb_init
 .text.tusb_inited
                0x10008284        0xe CMakeFiles/FaceID12_E.dir/C_/Users/User/Documents/Pico/pico-sdk/lib/tinyusb/src/tusb.c.obj
                0x10008284                tusb_inited
 *fill*         0x10008292        0x2 
 .text.tu_edpt_validate
                0x10008294       0xa8 CMakeFiles/FaceID12_E.dir/C_/Users/User/Documents/Pico/pico-sdk/lib/tinyusb/src/tusb.c.obj
                0x10008294                tu_edpt_validate
 .text.tu_edpt_bind_driver
                0x1000833c       0x2a CMakeFiles/FaceID12_E.dir/C_/Users/User/Documents/Pico/pico-sdk/lib/tinyusb/src/tusb.c.obj
                0x1000833c                tu_edpt_bind_driver
 .text.advance_pointer
                0x10008366       0x18 CMakeFiles/FaceID12_E.dir/C_/Users/User/Documents/Pico/pico-sdk/lib/tinyusb/src/common/tusb_fifo.c.obj
 .text.backward_pointer
                0x1000837e       0x1e CMakeFiles/FaceID12_E.dir/C_/Users/User/Documents/Pico/pico-sdk/lib/tinyusb/src/common/tusb_fifo.c.obj
 .text.get_relative_pointer
                0x1000839c       0x10 CMakeFiles/FaceID12_E.dir/C_/Users/User/Documents/Pico/pico-sdk/lib/tinyusb/src/common/tusb_fifo.c.obj
 .text._tu_fifo_peek
                0x100083ac       0x50 CMakeFiles/FaceID12_E.dir/C_/Users/User/Documents/Pico/pico-sdk/lib/tinyusb/src/common/tusb_fifo.c.obj
 .text._ff_pull_const_addr
                0x100083fc       0x4c CMakeFiles/FaceID12_E.dir/C_/Users/User/Documents/Pico/pico-sdk/lib/tinyusb/src/common/tusb_fifo.c.obj
 .text._ff_pull_n
                0x10008448      0x10c CMakeFiles/FaceID12_E.dir/C_/Users/User/Documents/Pico/pico-sdk/lib/tinyusb/src/common/tusb_fifo.c.obj
 .text._tu_fifo_peek_n
                0x10008554       0x5e CMakeFiles/FaceID12_E.dir/C_/Users/User/Documents/Pico/pico-sdk/lib/tinyusb/src/common/tusb_fifo.c.obj
 .text._tu_fifo_read_n
                0x100085b2       0x4e CMakeFiles/FaceID12_E.dir/C_/Users/User/Documents/Pico/pico-sdk/lib/tinyusb/src/common/tusb_fifo.c.obj
 .text._ff_push_const_addr
                0x10008600       0x40 CMakeFiles/FaceID12_E.dir/C_/Users/User/Documents/Pico/pico-sdk/lib/tinyusb/src/common/tusb_fifo.c.obj
 .text._ff_push_n
                0x10008640      0x108 CMakeFiles/FaceID12_E.dir/C_/Users/User/Documents/Pico/pico-sdk/lib/tinyusb/src/common/tusb_fifo.c.obj
 .text._tu_fifo_write_n
                0x10008748       0x9e CMakeFiles/FaceID12_E.dir/C_/Users/User/Documents/Pico/pico-sdk/lib/tinyusb/src/common/tusb_fifo.c.obj
 .text.tu_fifo_config
                0x100087e6       0x72 CMakeFiles/FaceID12_E.dir/C_/Users/User/Documents/Pico/pico-sdk/lib/tinyusb/src/common/tusb_fifo.c.obj
                0x100087e6                tu_fifo_config
 .text.tu_fifo_count
                0x10008858       0x26 CMakeFiles/FaceID12_E.dir/C_/Users/User/Documents/Pico/pico-sdk/lib/tinyusb/src/common/tusb_fifo.c.obj
                0x10008858                tu_fifo_count
 .text.tu_fifo_empty
                0x1000887e       0x10 CMakeFiles/FaceID12_E.dir/C_/Users/User/Documents/Pico/pico-sdk/lib/tinyusb/src/common/tusb_fifo.c.obj
                0x1000887e                tu_fifo_empty
 .text.tu_fifo_remaining
                0x1000888e       0x20 CMakeFiles/FaceID12_E.dir/C_/Users/User/Documents/Pico/pico-sdk/lib/tinyusb/src/common/tusb_fifo.c.obj
                0x1000888e                tu_fifo_remaining
 .text.tu_fifo_read
                0x100088ae       0x42 CMakeFiles/FaceID12_E.dir/C_/Users/User/Documents/Pico/pico-sdk/lib/tinyusb/src/common/tusb_fifo.c.obj
                0x100088ae                tu_fifo_read
 .text.tu_fifo_read_n
                0x100088f0        0xa CMakeFiles/FaceID12_E.dir/C_/Users/User/Documents/Pico/pico-sdk/lib/tinyusb/src/common/tusb_fifo.c.obj
                0x100088f0                tu_fifo_read_n
 .text.tu_fifo_write
                0x100088fa       0x6c CMakeFiles/FaceID12_E.dir/C_/Users/User/Documents/Pico/pico-sdk/lib/tinyusb/src/common/tusb_fifo.c.obj
                0x100088fa                tu_fifo_write
 .text.tu_fifo_write_n
                0x10008966        0xa CMakeFiles/FaceID12_E.dir/C_/Users/User/Documents/Pico/pico-sdk/lib/tinyusb/src/common/tusb_fifo.c.obj
                0x10008966                tu_fifo_write_n
 .text.tu_fifo_clear
                0x10008970       0x4c CMakeFiles/FaceID12_E.dir/C_/Users/User/Documents/Pico/pico-sdk/lib/tinyusb/src/common/tusb_fifo.c.obj
                0x10008970                tu_fifo_clear
 .text.tu_fifo_set_overwritable
                0x100089bc       0x3c CMakeFiles/FaceID12_E.dir/C_/Users/User/Documents/Pico/pico-sdk/lib/tinyusb/src/common/tusb_fifo.c.obj
                0x100089bc                tu_fifo_set_overwritable
 .text._retrieve_unique_id_on_boot
                0x100089f8       0x10 CMakeFiles/FaceID12_E.dir/C_/Users/User/Documents/Pico/pico-sdk/src/rp2_common/pico_unique_id/unique_id.c.obj
 .text.pico_get_unique_board_id_string
                0x10008a08       0x60 CMakeFiles/FaceID12_E.dir/C_/Users/User/Documents/Pico/pico-sdk/src/rp2_common/pico_unique_id/unique_id.c.obj
                0x10008a08                pico_get_unique_board_id_string
 .text.flash_get_unique_id
                0x10008a68       0x46 CMakeFiles/FaceID12_E.dir/C_/Users/User/Documents/Pico/pico-sdk/src/rp2_common/hardware_flash/flash.c.obj
                0x10008a68                flash_get_unique_id
 .text.ff_memalloc
                0x10008aae        0x8 CMakeFiles/FaceID12_E.dir/lib/no-OS-FatFS-SD-SPI-RPi-Pico/FatFs_SPI/ff14a/source/ffsystem.c.obj
                0x10008aae                ff_memalloc
 .text.ff_memfree
                0x10008ab6        0x8 CMakeFiles/FaceID12_E.dir/lib/no-OS-FatFS-SD-SPI-RPi-Pico/FatFs_SPI/ff14a/source/ffsystem.c.obj
                0x10008ab6                ff_memfree
 *fill*         0x10008abe        0x2 
 .text.ff_uni2oem
                0x10008ac0       0x44 CMakeFiles/FaceID12_E.dir/lib/no-OS-FatFS-SD-SPI-RPi-Pico/FatFs_SPI/ff14a/source/ffunicode.c.obj
                0x10008ac0                ff_uni2oem
 .text.ff_oem2uni
                0x10008b04       0x30 CMakeFiles/FaceID12_E.dir/lib/no-OS-FatFS-SD-SPI-RPi-Pico/FatFs_SPI/ff14a/source/ffunicode.c.obj
                0x10008b04                ff_oem2uni
 .text.ff_wtoupper
                0x10008b34       0xa8 CMakeFiles/FaceID12_E.dir/lib/no-OS-FatFS-SD-SPI-RPi-Pico/FatFs_SPI/ff14a/source/ffunicode.c.obj
                0x10008b34                ff_wtoupper
 .text.ld_word  0x10008bdc        0xa CMakeFiles/FaceID12_E.dir/lib/no-OS-FatFS-SD-SPI-RPi-Pico/FatFs_SPI/ff14a/source/ff.c.obj
 .text.ld_dword
                0x10008be6       0x18 CMakeFiles/FaceID12_E.dir/lib/no-OS-FatFS-SD-SPI-RPi-Pico/FatFs_SPI/ff14a/source/ff.c.obj
 .text.ld_qword
                0x10008bfe       0x42 CMakeFiles/FaceID12_E.dir/lib/no-OS-FatFS-SD-SPI-RPi-Pico/FatFs_SPI/ff14a/source/ff.c.obj
 .text.st_word  0x10008c40        0x8 CMakeFiles/FaceID12_E.dir/lib/no-OS-FatFS-SD-SPI-RPi-Pico/FatFs_SPI/ff14a/source/ff.c.obj
 .text.st_dword
                0x10008c48       0x10 CMakeFiles/FaceID12_E.dir/lib/no-OS-FatFS-SD-SPI-RPi-Pico/FatFs_SPI/ff14a/source/ff.c.obj
 .text.st_qword
                0x10008c58       0x1e CMakeFiles/FaceID12_E.dir/lib/no-OS-FatFS-SD-SPI-RPi-Pico/FatFs_SPI/ff14a/source/ff.c.obj
 .text.mem_cpy  0x10008c76       0x16 CMakeFiles/FaceID12_E.dir/lib/no-OS-FatFS-SD-SPI-RPi-Pico/FatFs_SPI/ff14a/source/ff.c.obj
 .text.mem_set  0x10008c8c        0xc CMakeFiles/FaceID12_E.dir/lib/no-OS-FatFS-SD-SPI-RPi-Pico/FatFs_SPI/ff14a/source/ff.c.obj
 .text.mem_cmp  0x10008c98       0x1a CMakeFiles/FaceID12_E.dir/lib/no-OS-FatFS-SD-SPI-RPi-Pico/FatFs_SPI/ff14a/source/ff.c.obj
 .text.chk_chr  0x10008cb2       0x12 CMakeFiles/FaceID12_E.dir/lib/no-OS-FatFS-SD-SPI-RPi-Pico/FatFs_SPI/ff14a/source/ff.c.obj
 .text.dbc_1st  0x10008cc4        0x4 CMakeFiles/FaceID12_E.dir/lib/no-OS-FatFS-SD-SPI-RPi-Pico/FatFs_SPI/ff14a/source/ff.c.obj
 .text.dbc_2nd  0x10008cc8        0x4 CMakeFiles/FaceID12_E.dir/lib/no-OS-FatFS-SD-SPI-RPi-Pico/FatFs_SPI/ff14a/source/ff.c.obj
 .text.tchar2uni
                0x10008ccc       0xd0 CMakeFiles/FaceID12_E.dir/lib/no-OS-FatFS-SD-SPI-RPi-Pico/FatFs_SPI/ff14a/source/ff.c.obj
 .text.put_utf  0x10008d9c       0xfc CMakeFiles/FaceID12_E.dir/lib/no-OS-FatFS-SD-SPI-RPi-Pico/FatFs_SPI/ff14a/source/ff.c.obj
 .text.chk_lock
                0x10008e98       0x78 CMakeFiles/FaceID12_E.dir/lib/no-OS-FatFS-SD-SPI-RPi-Pico/FatFs_SPI/ff14a/source/ff.c.obj
 .text.enq_lock
                0x10008f10       0x20 CMakeFiles/FaceID12_E.dir/lib/no-OS-FatFS-SD-SPI-RPi-Pico/FatFs_SPI/ff14a/source/ff.c.obj
 .text.inc_lock
                0x10008f30       0xa8 CMakeFiles/FaceID12_E.dir/lib/no-OS-FatFS-SD-SPI-RPi-Pico/FatFs_SPI/ff14a/source/ff.c.obj
 .text.dec_lock
                0x10008fd8       0x44 CMakeFiles/FaceID12_E.dir/lib/no-OS-FatFS-SD-SPI-RPi-Pico/FatFs_SPI/ff14a/source/ff.c.obj
 .text.clear_lock
                0x1000901c       0x24 CMakeFiles/FaceID12_E.dir/lib/no-OS-FatFS-SD-SPI-RPi-Pico/FatFs_SPI/ff14a/source/ff.c.obj
 .text.clst2sect
                0x10009040       0x28 CMakeFiles/FaceID12_E.dir/lib/no-OS-FatFS-SD-SPI-RPi-Pico/FatFs_SPI/ff14a/source/ff.c.obj
 .text.clmt_clust
                0x10009068       0x30 CMakeFiles/FaceID12_E.dir/lib/no-OS-FatFS-SD-SPI-RPi-Pico/FatFs_SPI/ff14a/source/ff.c.obj
 .text.ld_clust
                0x10009098       0x26 CMakeFiles/FaceID12_E.dir/lib/no-OS-FatFS-SD-SPI-RPi-Pico/FatFs_SPI/ff14a/source/ff.c.obj
 .text.st_clust
                0x100090be       0x26 CMakeFiles/FaceID12_E.dir/lib/no-OS-FatFS-SD-SPI-RPi-Pico/FatFs_SPI/ff14a/source/ff.c.obj
 .text.pick_lfn
                0x100090e4       0x94 CMakeFiles/FaceID12_E.dir/lib/no-OS-FatFS-SD-SPI-RPi-Pico/FatFs_SPI/ff14a/source/ff.c.obj
 .text.put_lfn  0x10009178       0x8c CMakeFiles/FaceID12_E.dir/lib/no-OS-FatFS-SD-SPI-RPi-Pico/FatFs_SPI/ff14a/source/ff.c.obj
 .text.gen_numname
                0x10009204       0xa8 CMakeFiles/FaceID12_E.dir/lib/no-OS-FatFS-SD-SPI-RPi-Pico/FatFs_SPI/ff14a/source/ff.c.obj
 .text.sum_sfn  0x100092ac       0x20 CMakeFiles/FaceID12_E.dir/lib/no-OS-FatFS-SD-SPI-RPi-Pico/FatFs_SPI/ff14a/source/ff.c.obj
 .text.xdir_sum
                0x100092cc       0x2e CMakeFiles/FaceID12_E.dir/lib/no-OS-FatFS-SD-SPI-RPi-Pico/FatFs_SPI/ff14a/source/ff.c.obj
 .text.get_xfileinfo
                0x100092fa       0xda CMakeFiles/FaceID12_E.dir/lib/no-OS-FatFS-SD-SPI-RPi-Pico/FatFs_SPI/ff14a/source/ff.c.obj
 .text.init_alloc_info
                0x100093d4       0x2e CMakeFiles/FaceID12_E.dir/lib/no-OS-FatFS-SD-SPI-RPi-Pico/FatFs_SPI/ff14a/source/ff.c.obj
 *fill*         0x10009402        0x2 
 .text.get_ldnumber
                0x10009404       0x5c CMakeFiles/FaceID12_E.dir/lib/no-OS-FatFS-SD-SPI-RPi-Pico/FatFs_SPI/ff14a/source/ff.c.obj
 .text.crc32    0x10009460       0x2c CMakeFiles/FaceID12_E.dir/lib/no-OS-FatFS-SD-SPI-RPi-Pico/FatFs_SPI/ff14a/source/ff.c.obj
 .text.test_gpt_header
                0x1000948c       0x64 CMakeFiles/FaceID12_E.dir/lib/no-OS-FatFS-SD-SPI-RPi-Pico/FatFs_SPI/ff14a/source/ff.c.obj
 .text.putc_init
                0x100094f0       0x12 CMakeFiles/FaceID12_E.dir/lib/no-OS-FatFS-SD-SPI-RPi-Pico/FatFs_SPI/ff14a/source/ff.c.obj
 .text.validate
                0x10009502       0x52 CMakeFiles/FaceID12_E.dir/lib/no-OS-FatFS-SD-SPI-RPi-Pico/FatFs_SPI/ff14a/source/ff.c.obj
 .text.sync_window
                0x10009554       0x70 CMakeFiles/FaceID12_E.dir/lib/no-OS-FatFS-SD-SPI-RPi-Pico/FatFs_SPI/ff14a/source/ff.c.obj
 .text.move_window
                0x100095c4       0x4c CMakeFiles/FaceID12_E.dir/lib/no-OS-FatFS-SD-SPI-RPi-Pico/FatFs_SPI/ff14a/source/ff.c.obj
 .text.check_fs
                0x10009610       0xdc CMakeFiles/FaceID12_E.dir/lib/no-OS-FatFS-SD-SPI-RPi-Pico/FatFs_SPI/ff14a/source/ff.c.obj
 .text.find_volume
                0x100096ec      0x14c CMakeFiles/FaceID12_E.dir/lib/no-OS-FatFS-SD-SPI-RPi-Pico/FatFs_SPI/ff14a/source/ff.c.obj
 .text.mount_volume
                0x10009838      0x540 CMakeFiles/FaceID12_E.dir/lib/no-OS-FatFS-SD-SPI-RPi-Pico/FatFs_SPI/ff14a/source/ff.c.obj
 .text.find_bitmap
                0x10009d78       0xa6 CMakeFiles/FaceID12_E.dir/lib/no-OS-FatFS-SD-SPI-RPi-Pico/FatFs_SPI/ff14a/source/ff.c.obj
 .text.change_bitmap
                0x10009e1e       0x96 CMakeFiles/FaceID12_E.dir/lib/no-OS-FatFS-SD-SPI-RPi-Pico/FatFs_SPI/ff14a/source/ff.c.obj
 .text.put_fat  0x10009eb4      0x176 CMakeFiles/FaceID12_E.dir/lib/no-OS-FatFS-SD-SPI-RPi-Pico/FatFs_SPI/ff14a/source/ff.c.obj
 .text.fill_last_frag
                0x1000a02a       0x32 CMakeFiles/FaceID12_E.dir/lib/no-OS-FatFS-SD-SPI-RPi-Pico/FatFs_SPI/ff14a/source/ff.c.obj
 .text.fill_first_frag
                0x1000a05c       0x32 CMakeFiles/FaceID12_E.dir/lib/no-OS-FatFS-SD-SPI-RPi-Pico/FatFs_SPI/ff14a/source/ff.c.obj
 *fill*         0x1000a08e        0x2 
 .text.get_fat  0x1000a090      0x1ac CMakeFiles/FaceID12_E.dir/lib/no-OS-FatFS-SD-SPI-RPi-Pico/FatFs_SPI/ff14a/source/ff.c.obj
 .text.create_chain
                0x1000a23c      0x1c6 CMakeFiles/FaceID12_E.dir/lib/no-OS-FatFS-SD-SPI-RPi-Pico/FatFs_SPI/ff14a/source/ff.c.obj
 .text.dir_sdi  0x1000a402       0xd4 CMakeFiles/FaceID12_E.dir/lib/no-OS-FatFS-SD-SPI-RPi-Pico/FatFs_SPI/ff14a/source/ff.c.obj
 .text.remove_chain
                0x1000a4d6      0x14c CMakeFiles/FaceID12_E.dir/lib/no-OS-FatFS-SD-SPI-RPi-Pico/FatFs_SPI/ff14a/source/ff.c.obj
 .text.dir_clear
                0x1000a622       0xf0 CMakeFiles/FaceID12_E.dir/lib/no-OS-FatFS-SD-SPI-RPi-Pico/FatFs_SPI/ff14a/source/ff.c.obj
 .text.dir_next
                0x1000a712      0x104 CMakeFiles/FaceID12_E.dir/lib/no-OS-FatFS-SD-SPI-RPi-Pico/FatFs_SPI/ff14a/source/ff.c.obj
 .text.load_xdir
                0x1000a816      0x10c CMakeFiles/FaceID12_E.dir/lib/no-OS-FatFS-SD-SPI-RPi-Pico/FatFs_SPI/ff14a/source/ff.c.obj
 .text.load_obj_xdir
                0x1000a922       0x36 CMakeFiles/FaceID12_E.dir/lib/no-OS-FatFS-SD-SPI-RPi-Pico/FatFs_SPI/ff14a/source/ff.c.obj
 .text.dir_read
                0x1000a958      0x114 CMakeFiles/FaceID12_E.dir/lib/no-OS-FatFS-SD-SPI-RPi-Pico/FatFs_SPI/ff14a/source/ff.c.obj
 .text.dir_alloc
                0x1000aa6c       0x70 CMakeFiles/FaceID12_E.dir/lib/no-OS-FatFS-SD-SPI-RPi-Pico/FatFs_SPI/ff14a/source/ff.c.obj
 .text.store_xdir
                0x1000aadc       0x66 CMakeFiles/FaceID12_E.dir/lib/no-OS-FatFS-SD-SPI-RPi-Pico/FatFs_SPI/ff14a/source/ff.c.obj
 *fill*         0x1000ab42        0x2 
 .text.create_name
                0x1000ab44      0x31c CMakeFiles/FaceID12_E.dir/lib/no-OS-FatFS-SD-SPI-RPi-Pico/FatFs_SPI/ff14a/source/ff.c.obj
 .text.xname_sum
                0x1000ae60       0x38 CMakeFiles/FaceID12_E.dir/lib/no-OS-FatFS-SD-SPI-RPi-Pico/FatFs_SPI/ff14a/source/ff.c.obj
 .text.create_xdir
                0x1000ae98       0x90 CMakeFiles/FaceID12_E.dir/lib/no-OS-FatFS-SD-SPI-RPi-Pico/FatFs_SPI/ff14a/source/ff.c.obj
 .text.cmp_lfn  0x1000af28       0xb0 CMakeFiles/FaceID12_E.dir/lib/no-OS-FatFS-SD-SPI-RPi-Pico/FatFs_SPI/ff14a/source/ff.c.obj
 .text.dir_find
                0x1000afd8      0x18c CMakeFiles/FaceID12_E.dir/lib/no-OS-FatFS-SD-SPI-RPi-Pico/FatFs_SPI/ff14a/source/ff.c.obj
 .text.follow_path
                0x1000b164      0x11a CMakeFiles/FaceID12_E.dir/lib/no-OS-FatFS-SD-SPI-RPi-Pico/FatFs_SPI/ff14a/source/ff.c.obj
 .text.dir_register
                0x1000b27e      0x214 CMakeFiles/FaceID12_E.dir/lib/no-OS-FatFS-SD-SPI-RPi-Pico/FatFs_SPI/ff14a/source/ff.c.obj
 *fill*         0x1000b492        0x2 
 .text.sync_fs  0x1000b494       0xa8 CMakeFiles/FaceID12_E.dir/lib/no-OS-FatFS-SD-SPI-RPi-Pico/FatFs_SPI/ff14a/source/ff.c.obj
 .text.get_fileinfo
                0x1000b53c      0x1ce CMakeFiles/FaceID12_E.dir/lib/no-OS-FatFS-SD-SPI-RPi-Pico/FatFs_SPI/ff14a/source/ff.c.obj
 *fill*         0x1000b70a        0x2 
 .text.f_mount  0x1000b70c       0x5c CMakeFiles/FaceID12_E.dir/lib/no-OS-FatFS-SD-SPI-RPi-Pico/FatFs_SPI/ff14a/source/ff.c.obj
                0x1000b70c                f_mount
 .text.f_open   0x1000b768      0x35c CMakeFiles/FaceID12_E.dir/lib/no-OS-FatFS-SD-SPI-RPi-Pico/FatFs_SPI/ff14a/source/ff.c.obj
                0x1000b768                f_open
 .text.f_read   0x1000bac4      0x250 CMakeFiles/FaceID12_E.dir/lib/no-OS-FatFS-SD-SPI-RPi-Pico/FatFs_SPI/ff14a/source/ff.c.obj
                0x1000bac4                f_read
 .text.f_write  0x1000bd14      0x2a0 CMakeFiles/FaceID12_E.dir/lib/no-OS-FatFS-SD-SPI-RPi-Pico/FatFs_SPI/ff14a/source/ff.c.obj
                0x1000bd14                f_write
 .text.putc_bfd
                0x1000bfb4      0x18c CMakeFiles/FaceID12_E.dir/lib/no-OS-FatFS-SD-SPI-RPi-Pico/FatFs_SPI/ff14a/source/ff.c.obj
 .text.putc_flush
                0x1000c140       0x3c CMakeFiles/FaceID12_E.dir/lib/no-OS-FatFS-SD-SPI-RPi-Pico/FatFs_SPI/ff14a/source/ff.c.obj
 .text.f_sync   0x1000c17c      0x17e CMakeFiles/FaceID12_E.dir/lib/no-OS-FatFS-SD-SPI-RPi-Pico/FatFs_SPI/ff14a/source/ff.c.obj
                0x1000c17c                f_sync
 .text.f_close  0x1000c2fa       0x2e CMakeFiles/FaceID12_E.dir/lib/no-OS-FatFS-SD-SPI-RPi-Pico/FatFs_SPI/ff14a/source/ff.c.obj
                0x1000c2fa                f_close
 .text.f_stat   0x1000c328       0x66 CMakeFiles/FaceID12_E.dir/lib/no-OS-FatFS-SD-SPI-RPi-Pico/FatFs_SPI/ff14a/source/ff.c.obj
                0x1000c328                f_stat
 .text.f_puts   0x1000c38e       0x26 CMakeFiles/FaceID12_E.dir/lib/no-OS-FatFS-SD-SPI-RPi-Pico/FatFs_SPI/ff14a/source/ff.c.obj
                0x1000c38e                f_puts
 .text.sd_spi_select
                0x1000c3b4       0x2c CMakeFiles/FaceID12_E.dir/lib/no-OS-FatFS-SD-SPI-RPi-Pico/FatFs_SPI/sd_driver/sd_spi.c.obj
 .text.sd_spi_deselect
                0x1000c3e0       0x2c CMakeFiles/FaceID12_E.dir/lib/no-OS-FatFS-SD-SPI-RPi-Pico/FatFs_SPI/sd_driver/sd_spi.c.obj
 .text.sd_spi_go_high_frequency
                0x1000c40c       0x20 CMakeFiles/FaceID12_E.dir/lib/no-OS-FatFS-SD-SPI-RPi-Pico/FatFs_SPI/sd_driver/sd_spi.c.obj
                0x1000c40c                sd_spi_go_high_frequency
 .text.sd_spi_go_low_frequency
                0x1000c42c       0x24 CMakeFiles/FaceID12_E.dir/lib/no-OS-FatFS-SD-SPI-RPi-Pico/FatFs_SPI/sd_driver/sd_spi.c.obj
                0x1000c42c                sd_spi_go_low_frequency
 .text.sd_spi_acquire
                0x1000c450        0x8 CMakeFiles/FaceID12_E.dir/lib/no-OS-FatFS-SD-SPI-RPi-Pico/FatFs_SPI/sd_driver/sd_spi.c.obj
                0x1000c450                sd_spi_acquire
 .text.sd_spi_release
                0x1000c458        0x8 CMakeFiles/FaceID12_E.dir/lib/no-OS-FatFS-SD-SPI-RPi-Pico/FatFs_SPI/sd_driver/sd_spi.c.obj
                0x1000c458                sd_spi_release
 .text.sd_spi_write
                0x1000c460       0x48 CMakeFiles/FaceID12_E.dir/lib/no-OS-FatFS-SD-SPI-RPi-Pico/FatFs_SPI/sd_driver/sd_spi.c.obj
                0x1000c460                sd_spi_write
 .text.sd_spi_transfer
                0x1000c4a8        0xa CMakeFiles/FaceID12_E.dir/lib/no-OS-FatFS-SD-SPI-RPi-Pico/FatFs_SPI/sd_driver/sd_spi.c.obj
                0x1000c4a8                sd_spi_transfer
 *fill*         0x1000c4b2        0x2 
 .text.spi_irq_handler
                0x1000c4b4       0x54 CMakeFiles/FaceID12_E.dir/lib/no-OS-FatFS-SD-SPI-RPi-Pico/FatFs_SPI/sd_driver/spi.c.obj
                0x1000c4b4                spi_irq_handler
 .text.spi_transfer
                0x1000c508      0x170 CMakeFiles/FaceID12_E.dir/lib/no-OS-FatFS-SD-SPI-RPi-Pico/FatFs_SPI/sd_driver/spi.c.obj
                0x1000c508                spi_transfer
 .text.my_spi_init
                0x1000c678      0x1c4 CMakeFiles/FaceID12_E.dir/lib/no-OS-FatFS-SD-SPI-RPi-Pico/FatFs_SPI/sd_driver/spi.c.obj
                0x1000c678                my_spi_init
 .text.ext_bits
                0x1000c83c       0x30 CMakeFiles/FaceID12_E.dir/lib/no-OS-FatFS-SD-SPI-RPi-Pico/FatFs_SPI/sd_driver/sd_card.c.obj
 .text.sd_lock  0x1000c86c        0x8 CMakeFiles/FaceID12_E.dir/lib/no-OS-FatFS-SD-SPI-RPi-Pico/FatFs_SPI/sd_driver/sd_card.c.obj
 .text.sd_cmd_spi
                0x1000c874       0x74 CMakeFiles/FaceID12_E.dir/lib/no-OS-FatFS-SD-SPI-RPi-Pico/FatFs_SPI/sd_driver/sd_card.c.obj
 .text.sd_unlock
                0x1000c8e8        0x8 CMakeFiles/FaceID12_E.dir/lib/no-OS-FatFS-SD-SPI-RPi-Pico/FatFs_SPI/sd_driver/sd_card.c.obj
 .text.sd_wait_token
                0x1000c8f0       0x9c CMakeFiles/FaceID12_E.dir/lib/no-OS-FatFS-SD-SPI-RPi-Pico/FatFs_SPI/sd_driver/sd_card.c.obj
 .text.sd_read_bytes
                0x1000c98c       0x90 CMakeFiles/FaceID12_E.dir/lib/no-OS-FatFS-SD-SPI-RPi-Pico/FatFs_SPI/sd_driver/sd_card.c.obj
 .text.sd_read_block
                0x1000ca1c       0x8c CMakeFiles/FaceID12_E.dir/lib/no-OS-FatFS-SD-SPI-RPi-Pico/FatFs_SPI/sd_driver/sd_card.c.obj
 .text.sd_wait_ready
                0x1000caa8       0xc0 CMakeFiles/FaceID12_E.dir/lib/no-OS-FatFS-SD-SPI-RPi-Pico/FatFs_SPI/sd_driver/sd_card.c.obj
 .text.sd_cmd   0x1000cb68      0x1c8 CMakeFiles/FaceID12_E.dir/lib/no-OS-FatFS-SD-SPI-RPi-Pico/FatFs_SPI/sd_driver/sd_card.c.obj
 .text.sd_cmd8  0x1000cd30       0x50 CMakeFiles/FaceID12_E.dir/lib/no-OS-FatFS-SD-SPI-RPi-Pico/FatFs_SPI/sd_driver/sd_card.c.obj
 .text.sd_sectors_nolock
                0x1000cd80      0x148 CMakeFiles/FaceID12_E.dir/lib/no-OS-FatFS-SD-SPI-RPi-Pico/FatFs_SPI/sd_driver/sd_card.c.obj
 .text.sd_go_idle_state
                0x1000cec8       0x44 CMakeFiles/FaceID12_E.dir/lib/no-OS-FatFS-SD-SPI-RPi-Pico/FatFs_SPI/sd_driver/sd_card.c.obj
 .text.sd_initialise_card_nolock
                0x1000cf0c      0x184 CMakeFiles/FaceID12_E.dir/lib/no-OS-FatFS-SD-SPI-RPi-Pico/FatFs_SPI/sd_driver/sd_card.c.obj
 .text.sd_initialise_card
                0x1000d090       0x1a CMakeFiles/FaceID12_E.dir/lib/no-OS-FatFS-SD-SPI-RPi-Pico/FatFs_SPI/sd_driver/sd_card.c.obj
 *fill*         0x1000d0aa        0x2 
 .text.in_sd_read_blocks
                0x1000d0ac       0xbc CMakeFiles/FaceID12_E.dir/lib/no-OS-FatFS-SD-SPI-RPi-Pico/FatFs_SPI/sd_driver/sd_card.c.obj
 .text.sd_write_block
                0x1000d168       0x8c CMakeFiles/FaceID12_E.dir/lib/no-OS-FatFS-SD-SPI-RPi-Pico/FatFs_SPI/sd_driver/sd_card.c.obj
 .text.in_sd_write_blocks
                0x1000d1f4       0xe4 CMakeFiles/FaceID12_E.dir/lib/no-OS-FatFS-SD-SPI-RPi-Pico/FatFs_SPI/sd_driver/sd_card.c.obj
 .text.sd_card_detect
                0x1000d2d8       0x4c CMakeFiles/FaceID12_E.dir/lib/no-OS-FatFS-SD-SPI-RPi-Pico/FatFs_SPI/sd_driver/sd_card.c.obj
                0x1000d2d8                sd_card_detect
 .text.sd_sectors
                0x1000d324       0x1e CMakeFiles/FaceID12_E.dir/lib/no-OS-FatFS-SD-SPI-RPi-Pico/FatFs_SPI/sd_driver/sd_card.c.obj
                0x1000d324                sd_sectors
 .text.sd_read_blocks
                0x1000d342       0x2e CMakeFiles/FaceID12_E.dir/lib/no-OS-FatFS-SD-SPI-RPi-Pico/FatFs_SPI/sd_driver/sd_card.c.obj
                0x1000d342                sd_read_blocks
 .text.sd_write_blocks
                0x1000d370       0x2e CMakeFiles/FaceID12_E.dir/lib/no-OS-FatFS-SD-SPI-RPi-Pico/FatFs_SPI/sd_driver/sd_card.c.obj
                0x1000d370                sd_write_blocks
 *fill*         0x1000d39e        0x2 
 .text.sd_init_driver
                0x1000d3a0       0x84 CMakeFiles/FaceID12_E.dir/lib/no-OS-FatFS-SD-SPI-RPi-Pico/FatFs_SPI/sd_driver/sd_card.c.obj
                0x1000d3a0                sd_init_driver
 .text.sd_init_card
                0x1000d424       0xac CMakeFiles/FaceID12_E.dir/lib/no-OS-FatFS-SD-SPI-RPi-Pico/FatFs_SPI/sd_driver/sd_card.c.obj
                0x1000d424                sd_init_card
 .text.crc7     0x1000d4d0       0x20 CMakeFiles/FaceID12_E.dir/lib/no-OS-FatFS-SD-SPI-RPi-Pico/FatFs_SPI/sd_driver/crc.c.obj
                0x1000d4d0                crc7
 .text.crc16    0x1000d4f0       0x28 CMakeFiles/FaceID12_E.dir/lib/no-OS-FatFS-SD-SPI-RPi-Pico/FatFs_SPI/sd_driver/crc.c.obj
                0x1000d4f0                crc16
 .text.sdrc2dresult
                0x1000d518       0x60 CMakeFiles/FaceID12_E.dir/lib/no-OS-FatFS-SD-SPI-RPi-Pico/FatFs_SPI/src/glue.c.obj
 .text.disk_status
                0x1000d578       0x16 CMakeFiles/FaceID12_E.dir/lib/no-OS-FatFS-SD-SPI-RPi-Pico/FatFs_SPI/src/glue.c.obj
                0x1000d578                disk_status
 .text.disk_initialize
                0x1000d58e       0x16 CMakeFiles/FaceID12_E.dir/lib/no-OS-FatFS-SD-SPI-RPi-Pico/FatFs_SPI/src/glue.c.obj
                0x1000d58e                disk_initialize
 .text.disk_read
                0x1000d5a4       0x2e CMakeFiles/FaceID12_E.dir/lib/no-OS-FatFS-SD-SPI-RPi-Pico/FatFs_SPI/src/glue.c.obj
                0x1000d5a4                disk_read
 .text.disk_write
                0x1000d5d2       0x2e CMakeFiles/FaceID12_E.dir/lib/no-OS-FatFS-SD-SPI-RPi-Pico/FatFs_SPI/src/glue.c.obj
                0x1000d5d2                disk_write
 .text.disk_ioctl
                0x1000d600       0x48 CMakeFiles/FaceID12_E.dir/lib/no-OS-FatFS-SD-SPI-RPi-Pico/FatFs_SPI/src/glue.c.obj
                0x1000d600                disk_ioctl
 .text.my_printf
                0x1000d648       0x4c CMakeFiles/FaceID12_E.dir/lib/no-OS-FatFS-SD-SPI-RPi-Pico/FatFs_SPI/src/my_debug.c.obj
                0x1000d648                my_printf
 .text.my_assert_func
                0x1000d694       0x2c CMakeFiles/FaceID12_E.dir/lib/no-OS-FatFS-SD-SPI-RPi-Pico/FatFs_SPI/src/my_debug.c.obj
                0x1000d694                my_assert_func
 .text.get_fattime
                0x1000d6c0       0x6c CMakeFiles/FaceID12_E.dir/lib/no-OS-FatFS-SD-SPI-RPi-Pico/FatFs_SPI/src/rtc.c.obj
                0x1000d6c0                get_fattime
 .text.spi_set_baudrate
                0x1000d72c       0x92 CMakeFiles/FaceID12_E.dir/C_/Users/User/Documents/Pico/pico-sdk/src/rp2_common/hardware_spi/spi.c.obj
                0x1000d72c                spi_set_baudrate
 *fill*         0x1000d7be        0x2 
 .text.spi_init
                0x1000d7c0       0x68 CMakeFiles/FaceID12_E.dir/C_/Users/User/Documents/Pico/pico-sdk/src/rp2_common/hardware_spi/spi.c.obj
                0x1000d7c0                spi_init
 .text.dma_claim_unused_channel
                0x1000d828       0x20 CMakeFiles/FaceID12_E.dir/C_/Users/User/Documents/Pico/pico-sdk/src/rp2_common/hardware_dma/dma.c.obj
                0x1000d828                dma_claim_unused_channel
 .text.rtc_running
                0x1000d848       0x10 CMakeFiles/FaceID12_E.dir/C_/Users/User/Documents/Pico/pico-sdk/src/rp2_common/hardware_rtc/rtc.c.obj
                0x1000d848                rtc_running
 .text.rtc_get_datetime
                0x1000d858       0x4c CMakeFiles/FaceID12_E.dir/C_/Users/User/Documents/Pico/pico-sdk/src/rp2_common/hardware_rtc/rtc.c.obj
                0x1000d858                rtc_get_datetime
 .text.__sflush_r
                0x1000d8a4      0x140 c:/progra~2/gnuarm~1/102021~1.10/bin/../lib/gcc/arm-none-eabi/10.3.1/../../../../arm-none-eabi/lib/thumb/v6-m/nofp\libg.a(lib_a-fflush.o)
                0x1000d8a4                __sflush_r
 .text._fflush_r
                0x1000d9e4       0x6c c:/progra~2/gnuarm~1/102021~1.10/bin/../lib/gcc/arm-none-eabi/10.3.1/../../../../arm-none-eabi/lib/thumb/v6-m/nofp\libg.a(lib_a-fflush.o)
                0x1000d9e4                _fflush_r
 .text.fflush   0x1000da50       0x78 c:/progra~2/gnuarm~1/102021~1.10/bin/../lib/gcc/arm-none-eabi/10.3.1/../../../../arm-none-eabi/lib/thumb/v6-m/nofp\libg.a(lib_a-fflush.o)
                0x1000da50                fflush
 .text._cleanup_r
                0x1000dac8       0x10 c:/progra~2/gnuarm~1/102021~1.10/bin/../lib/gcc/arm-none-eabi/10.3.1/../../../../arm-none-eabi/lib/thumb/v6-m/nofp\libg.a(lib_a-findfp.o)
                0x1000dac8                _cleanup_r
 .text.__sinit  0x1000dad8      0x120 c:/progra~2/gnuarm~1/102021~1.10/bin/../lib/gcc/arm-none-eabi/10.3.1/../../../../arm-none-eabi/lib/thumb/v6-m/nofp\libg.a(lib_a-findfp.o)
                0x1000dad8                __sinit
 .text.__sfp_lock_acquire
                0x1000dbf8       0x10 c:/progra~2/gnuarm~1/102021~1.10/bin/../lib/gcc/arm-none-eabi/10.3.1/../../../../arm-none-eabi/lib/thumb/v6-m/nofp\libg.a(lib_a-findfp.o)
                0x1000dbf8                __sfp_lock_acquire
 .text.__sfp_lock_release
                0x1000dc08       0x10 c:/progra~2/gnuarm~1/102021~1.10/bin/../lib/gcc/arm-none-eabi/10.3.1/../../../../arm-none-eabi/lib/thumb/v6-m/nofp\libg.a(lib_a-findfp.o)
                0x1000dc08                __sfp_lock_release
 .text._malloc_trim_r
                0x1000dc18       0x9c c:/progra~2/gnuarm~1/102021~1.10/bin/../lib/gcc/arm-none-eabi/10.3.1/../../../../arm-none-eabi/lib/thumb/v6-m/nofp\libg.a(lib_a-freer.o)
                0x1000dc18                _malloc_trim_r
 .text._free_r  0x1000dcb4      0x1c4 c:/progra~2/gnuarm~1/102021~1.10/bin/../lib/gcc/arm-none-eabi/10.3.1/../../../../arm-none-eabi/lib/thumb/v6-m/nofp\libg.a(lib_a-freer.o)
                0x1000dcb4                _free_r
 .text._fwalk_reent
                0x1000de78       0x48 c:/progra~2/gnuarm~1/102021~1.10/bin/../lib/gcc/arm-none-eabi/10.3.1/../../../../arm-none-eabi/lib/thumb/v6-m/nofp\libg.a(lib_a-fwalk.o)
                0x1000de78                _fwalk_reent
 .text.__retarget_lock_init_recursive
                0x1000dec0        0x4 c:/progra~2/gnuarm~1/102021~1.10/bin/../lib/gcc/arm-none-eabi/10.3.1/../../../../arm-none-eabi/lib/thumb/v6-m/nofp\libg.a(lib_a-lock.o)
                0x1000dec0                __retarget_lock_init_recursive
 .text.__retarget_lock_close_recursive
                0x1000dec4        0x4 c:/progra~2/gnuarm~1/102021~1.10/bin/../lib/gcc/arm-none-eabi/10.3.1/../../../../arm-none-eabi/lib/thumb/v6-m/nofp\libg.a(lib_a-lock.o)
                0x1000dec4                __retarget_lock_close_recursive
 .text.__retarget_lock_acquire_recursive
                0x1000dec8        0x4 c:/progra~2/gnuarm~1/102021~1.10/bin/../lib/gcc/arm-none-eabi/10.3.1/../../../../arm-none-eabi/lib/thumb/v6-m/nofp\libg.a(lib_a-lock.o)
                0x1000dec8                __retarget_lock_acquire_recursive
 .text.__retarget_lock_release_recursive
                0x1000decc        0x4 c:/progra~2/gnuarm~1/102021~1.10/bin/../lib/gcc/arm-none-eabi/10.3.1/../../../../arm-none-eabi/lib/thumb/v6-m/nofp\libg.a(lib_a-lock.o)
                0x1000decc                __retarget_lock_release_recursive
 .text.malloc   0x1000ded0       0x14 c:/progra~2/gnuarm~1/102021~1.10/bin/../lib/gcc/arm-none-eabi/10.3.1/../../../../arm-none-eabi/lib/thumb/v6-m/nofp\libg.a(lib_a-malloc.o)
                0x1000ded0                malloc
 .text.free     0x1000dee4       0x14 c:/progra~2/gnuarm~1/102021~1.10/bin/../lib/gcc/arm-none-eabi/10.3.1/../../../../arm-none-eabi/lib/thumb/v6-m/nofp\libg.a(lib_a-malloc.o)
                0x1000dee4                free
 .text._malloc_r
                0x1000def8      0x584 c:/progra~2/gnuarm~1/102021~1.10/bin/../lib/gcc/arm-none-eabi/10.3.1/../../../../arm-none-eabi/lib/thumb/v6-m/nofp\libg.a(lib_a-mallocr.o)
                0x1000def8                _malloc_r
 .text.__malloc_lock
                0x1000e47c       0x10 c:/progra~2/gnuarm~1/102021~1.10/bin/../lib/gcc/arm-none-eabi/10.3.1/../../../../arm-none-eabi/lib/thumb/v6-m/nofp\libg.a(lib_a-mlock.o)
                0x1000e47c                __malloc_lock
 .text.__malloc_unlock
                0x1000e48c       0x10 c:/progra~2/gnuarm~1/102021~1.10/bin/../lib/gcc/arm-none-eabi/10.3.1/../../../../arm-none-eabi/lib/thumb/v6-m/nofp\libg.a(lib_a-mlock.o)
                0x1000e48c                __malloc_unlock
 .text._sbrk_r  0x1000e49c       0x24 c:/progra~2/gnuarm~1/102021~1.10/bin/../lib/gcc/arm-none-eabi/10.3.1/../../../../arm-none-eabi/lib/thumb/v6-m/nofp\libg.a(lib_a-sbrkr.o)
                0x1000e49c                _sbrk_r
 .text.__sread  0x1000e4c0       0x28 c:/progra~2/gnuarm~1/102021~1.10/bin/../lib/gcc/arm-none-eabi/10.3.1/../../../../arm-none-eabi/lib/thumb/v6-m/nofp\libg.a(lib_a-stdio.o)
                0x1000e4c0                __sread
 .text.__swrite
                0x1000e4e8       0x40 c:/progra~2/gnuarm~1/102021~1.10/bin/../lib/gcc/arm-none-eabi/10.3.1/../../../../arm-none-eabi/lib/thumb/v6-m/nofp\libg.a(lib_a-stdio.o)
                0x1000e4e8                __swrite
 .text.__sseek  0x1000e528       0x2c c:/progra~2/gnuarm~1/102021~1.10/bin/../lib/gcc/arm-none-eabi/10.3.1/../../../../arm-none-eabi/lib/thumb/v6-m/nofp\libg.a(lib_a-stdio.o)
                0x1000e528                __sseek
 .text.__sclose