Archive member included to satisfy reference by file (symbol)

c:/progra~2/gnuarm~1/102020~1/bin/../lib/gcc/arm-none-eabi/10.2.1/thumb/v6-m/nofp\libgcc.a(_dvmd_tls.o)
                              CMakeFiles/FaceID1_1_E.dir/C_/Users/TECNICA/Raspberry_Pico/Pico/pico-sdk/src/rp2_common/pico_divider/divider.S.obj (__aeabi_idiv0)
c:/progra~2/gnuarm~1/102020~1/bin/../lib/gcc/arm-none-eabi/10.2.1/../../../../arm-none-eabi/lib/thumb/v6-m/nofp\libg.a(lib_a-calloc.o)
                              CMakeFiles/FaceID1_1_E.dir/C_/Users/TECNICA/Raspberry_Pico/Pico/pico-sdk/src/rp2_common/pico_malloc/pico_malloc.c.obj (calloc)
c:/progra~2/gnuarm~1/102020~1/bin/../lib/gcc/arm-none-eabi/10.2.1/../../../../arm-none-eabi/lib/thumb/v6-m/nofp\libg.a(lib_a-callocr.o)
                              c:/progra~2/gnuarm~1/102020~1/bin/../lib/gcc/arm-none-eabi/10.2.1/../../../../arm-none-eabi/lib/thumb/v6-m/nofp\libg.a(lib_a-calloc.o) (_calloc_r)
c:/progra~2/gnuarm~1/102020~1/bin/../lib/gcc/arm-none-eabi/10.2.1/../../../../arm-none-eabi/lib/thumb/v6-m/nofp\libg.a(lib_a-ctype_.o)
                              CMakeFiles/FaceID1_1_E.dir/C_/Users/TECNICA/Raspberry_Pico/Pico/pico-sdk/lib/tinyusb/src/tusb.c.obj (_ctype_)
c:/progra~2/gnuarm~1/102020~1/bin/../lib/gcc/arm-none-eabi/10.2.1/../../../../arm-none-eabi/lib/thumb/v6-m/nofp\libg.a(lib_a-impure.o)
                              c:/progra~2/gnuarm~1/102020~1/bin/../lib/gcc/arm-none-eabi/10.2.1/../../../../arm-none-eabi/lib/thumb/v6-m/nofp\libg.a(lib_a-calloc.o) (_impure_ptr)
c:/progra~2/gnuarm~1/102020~1/bin/../lib/gcc/arm-none-eabi/10.2.1/../../../../arm-none-eabi/lib/thumb/v6-m/nofp\libg.a(lib_a-init.o)
                              c:/progra~2/gnuarm~1/102020~1/bin/../lib/gcc/arm-none-eabi/10.2.1/../../../../arm-none-eabi/lib/thumb/v6-m/nofp/crt0.o (__libc_init_array)
c:/progra~2/gnuarm~1/102020~1/bin/../lib/gcc/arm-none-eabi/10.2.1/../../../../arm-none-eabi/lib/thumb/v6-m/nofp\libg.a(lib_a-malloc.o)
                              CMakeFiles/FaceID1_1_E.dir/C_/Users/TECNICA/Raspberry_Pico/Pico/pico-sdk/src/rp2_common/pico_malloc/pico_malloc.c.obj (malloc)
c:/progra~2/gnuarm~1/102020~1/bin/../lib/gcc/arm-none-eabi/10.2.1/../../../../arm-none-eabi/lib/thumb/v6-m/nofp\libg.a(lib_a-mallocr.o)
                              c:/progra~2/gnuarm~1/102020~1/bin/../lib/gcc/arm-none-eabi/10.2.1/../../../../arm-none-eabi/lib/thumb/v6-m/nofp\libg.a(lib_a-callocr.o) (_malloc_r)
c:/progra~2/gnuarm~1/102020~1/bin/../lib/gcc/arm-none-eabi/10.2.1/../../../../arm-none-eabi/lib/thumb/v6-m/nofp\libg.a(lib_a-mlock.o)
                              c:/progra~2/gnuarm~1/102020~1/bin/../lib/gcc/arm-none-eabi/10.2.1/../../../../arm-none-eabi/lib/thumb/v6-m/nofp\libg.a(lib_a-mallocr.o) (__malloc_lock)
c:/progra~2/gnuarm~1/102020~1/bin/../lib/gcc/arm-none-eabi/10.2.1/../../../../arm-none-eabi/lib/thumb/v6-m/nofp\libg.a(lib_a-realloc.o)
                              CMakeFiles/FaceID1_1_E.dir/C_/Users/TECNICA/Raspberry_Pico/Pico/pico-sdk/src/rp2_common/pico_malloc/pico_malloc.c.obj (realloc)
c:/progra~2/gnuarm~1/102020~1/bin/../lib/gcc/arm-none-eabi/10.2.1/../../../../arm-none-eabi/lib/thumb/v6-m/nofp\libg.a(lib_a-reallocr.o)
                              c:/progra~2/gnuarm~1/102020~1/bin/../lib/gcc/arm-none-eabi/10.2.1/../../../../arm-none-eabi/lib/thumb/v6-m/nofp\libg.a(lib_a-realloc.o) (_realloc_r)
c:/progra~2/gnuarm~1/102020~1/bin/../lib/gcc/arm-none-eabi/10.2.1/../../../../arm-none-eabi/lib/thumb/v6-m/nofp\libg.a(lib_a-sbrkr.o)
                              c:/progra~2/gnuarm~1/102020~1/bin/../lib/gcc/arm-none-eabi/10.2.1/../../../../arm-none-eabi/lib/thumb/v6-m/nofp\libg.a(lib_a-mallocr.o) (_sbrk_r)
c:/progra~2/gnuarm~1/102020~1/bin/../lib/gcc/arm-none-eabi/10.2.1/../../../../arm-none-eabi/lib/thumb/v6-m/nofp\libg.a(lib_a-strlen-stub.o)
                              CMakeFiles/FaceID1_1_E.dir/C_/Users/TECNICA/Raspberry_Pico/Pico/pico-sdk/src/rp2_common/pico_stdio/stdio.c.obj (strlen)
c:/progra~2/gnuarm~1/102020~1/bin/../lib/gcc/arm-none-eabi/10.2.1/../../../../arm-none-eabi/lib/thumb/v6-m/nofp\libg.a(lib_a-freer.o)
                              c:/progra~2/gnuarm~1/102020~1/bin/../lib/gcc/arm-none-eabi/10.2.1/../../../../arm-none-eabi/lib/thumb/v6-m/nofp\libg.a(lib_a-malloc.o) (_free_r)
c:/progra~2/gnuarm~1/102020~1/bin/../lib/gcc/arm-none-eabi/10.2.1/../../../../arm-none-eabi/lib/thumb/v6-m/nofp\libg.a(lib_a-lock.o)
                              c:/progra~2/gnuarm~1/102020~1/bin/../lib/gcc/arm-none-eabi/10.2.1/../../../../arm-none-eabi/lib/thumb/v6-m/nofp\libg.a(lib_a-mlock.o) (__retarget_lock_acquire_recursive)
c:/progra~2/gnuarm~1/102020~1/bin/../lib/gcc/arm-none-eabi/10.2.1/../../../../arm-none-eabi/lib/thumb/v6-m/nofp\libg.a(lib_a-memmove.o)
                              c:/progra~2/gnuarm~1/102020~1/bin/../lib/gcc/arm-none-eabi/10.2.1/../../../../arm-none-eabi/lib/thumb/v6-m/nofp\libg.a(lib_a-reallocr.o) (memmove)
[...]
Memory Configuration

Name             Origin             Length             Attributes
FLASH            0x10000000         0x00200000         xr
RAM              0x20000000         0x00040000         xrw
SCRATCH_X        0x20040000         0x00001000         xrw
SCRATCH_Y        0x20041000         0x00001000         xrw
*default*        0x00000000         0xffffffff

Linker script and memory map

LOAD c:/progra~2/gnuarm~1/102020~1/bin/../lib/gcc/arm-none-eabi/10.2.1/thumb/v6-m/nofp/crti.o
LOAD c:/progra~2/gnuarm~1/102020~1/bin/../lib/gcc/arm-none-eabi/10.2.1/thumb/v6-m/nofp/crtbegin.o
LOAD c:/progra~2/gnuarm~1/102020~1/bin/../lib/gcc/arm-none-eabi/10.2.1/../../../../arm-none-eabi/lib/thumb/v6-m/nofp/crt0.o

.flash_begin    0x10000000        0x0
                0x10000000                __flash_binary_start = .

.boot2          0x10000000      0x100
                0x10000000                __boot2_start__ = .
 *(.boot2)
 .boot2         0x10000000      0x100 C:\Users\TECNICA\AppData\Local\Temp\cc6w0wsz.o
                0x10000100                __boot2_end__ = .
                0x00000001                ASSERT (((__boot2_end__ - __boot2_start__) == 0x100), ERROR: Pico second stage bootloader must be 256 bytes in size)

.text           0x10000100     0x87f0
                0x10000100                __logical_binary_start = .
 *(.vectors)
 .vectors       0x10000100       0xd4 CMakeFiles/FaceID1_1_E.dir/C_/Users/TECNICA/Raspberry_Pico/Pico/pico-sdk/src/rp2_common/pico_standard_link/crt0.S.obj
                0x10000100                __VECTOR_TABLE
                0x10000100                __vectors
                0x100001c0                isr_invalid
                0x100001c0                __default_isrs_start
                0x100001c2                isr_nmi
                0x100001c4                isr_hardfault
                0x100001c6                isr_svcall
                0x100001c8                isr_pendsv
                0x100001ca                isr_systick
                0x100001cc                isr_irq23
                0x100001cc                isr_irq18
                0x100001cc                isr_irq11
                0x100001cc                isr_irq28
                0x100001cc                isr_irq19
                0x100001cc                isr_irq0
                0x100001cc                isr_irq6
                0x100001cc                isr_irq5
                0x100001cc                isr_irq12
                0x100001cc                isr_irq22
                0x100001cc                isr_irq31
                0x100001cc                isr_irq17
                0x100001cc                isr_irq27
                0x100001cc                isr_irq30
                0x100001cc                isr_irq2
                0x100001cc                isr_irq10
                0x100001cc                isr_irq8
                0x100001cc                isr_irq24
                0x100001cc                isr_irq1
                0x100001cc                isr_irq7
                0x100001cc                isr_irq21
                0x100001cc                isr_irq20
                0x100001cc                isr_irq15
                0x100001cc                isr_irq25
                0x100001cc                isr_irq13
                0x100001cc                __unhandled_user_irq
                0x100001cc                isr_irq4
                0x100001cc                isr_irq16
                0x100001cc                isr_irq29
                0x100001cc                isr_irq26
                0x100001cc                __default_isrs_end
                0x100001cc                isr_irq3
                0x100001cc                isr_irq14
                0x100001cc                isr_irq9
                0x100001d2                unhandled_user_irq_num_in_r0
 *(.binary_info_header)
 .binary_info_header
                0x100001d4       0x14 CMakeFiles/FaceID1_1_E.dir/C_/Users/TECNICA/Raspberry_Pico/Pico/pico-sdk/src/rp2_common/pico_standard_link/crt0.S.obj
                0x100001e8                __binary_info_header_end = .
 *(.reset)
 .reset         0x100001e8       0xa8 CMakeFiles/FaceID1_1_E.dir/C_/Users/TECNICA/Raspberry_Pico/Pico/pico-sdk/src/rp2_common/pico_standard_link/crt0.S.obj
                0x100001e8                _entry_point
                0x10000266                __get_current_exception
 .reset         0x10000290       0x30 CMakeFiles/FaceID1_1_E.dir/C_/Users/TECNICA/Raspberry_Pico/Pico/pico-sdk/src/rp2_common/pico_standard_link/binary_info.c.obj
 *(.init)
 .init          0x100002c0        0x4 c:/progra~2/gnuarm~1/102020~1/bin/../lib/gcc/arm-none-eabi/10.2.1/thumb/v6-m/nofp/crti.o
                0x100002c0                _init
 *(EXCLUDE_FILE(*libm.a: *libc.a:*lib_a-mem*.o *libgcc.a:) .text*)
 .text          0x100002c4       0x48 c:/progra~2/gnuarm~1/102020~1/bin/../lib/gcc/arm-none-eabi/10.2.1/thumb/v6-m/nofp/crtbegin.o
 .text.Pico_ETH_CH9121_test
                0x1000030c       0x10 CMakeFiles/FaceID1_1_E.dir/src/Pico_ETH_CH9121_test.c.obj
                0x1000030c                Pico_ETH_CH9121_test
 .text.DEV_Delay_ms
                0x1000031c        0x8 CMakeFiles/FaceID1_1_E.dir/src/CH9121.c.obj
                0x1000031c                DEV_Delay_ms
 .text.CH9121_TX_4_bytes
                0x10000324       0xa4 CMakeFiles/FaceID1_1_E.dir/src/CH9121.c.obj
                0x10000324                CH9121_TX_4_bytes
 .text.CH9121_init
                0x100003c8       0x84 CMakeFiles/FaceID1_1_E.dir/src/CH9121.c.obj
                0x100003c8                CH9121_init
 .text.liberado
                0x1000044c       0x62 CMakeFiles/FaceID1_1_E.dir/src/main.c.obj
                0x1000044c                liberado
 .text.Regula_Tensao
                0x100004ae      0x286 CMakeFiles/FaceID1_1_E.dir/src/main.c.obj
                0x100004ae                Regula_Tensao
 .text.RX_TX    0x10000734      0x8e4 CMakeFiles/FaceID1_1_E.dir/src/main.c.obj
                0x10000734                RX_TX
 .text.bloqueado
                0x10001018       0xa4 CMakeFiles/FaceID1_1_E.dir/src/main.c.obj
                0x10001018                bloqueado
 .text.loop     0x100010bc      0x54c CMakeFiles/FaceID1_1_E.dir/src/main.c.obj
                0x100010bc                loop
 .text.main     0x10001608       0xba CMakeFiles/FaceID1_1_E.dir/src/main.c.obj
                0x10001608                main
 *fill*         0x100016c2        0x2 
 .text.gpio_set_function
                0x100016c4       0x30 CMakeFiles/FaceID1_1_E.dir/C_/Users/TECNICA/Raspberry_Pico/Pico/pico-sdk/src/rp2_common/hardware_gpio/gpio.c.obj
                0x100016c4                gpio_set_function
 .text.gpio_set_pulls
                0x100016f4       0x34 CMakeFiles/FaceID1_1_E.dir/C_/Users/TECNICA/Raspberry_Pico/Pico/pico-sdk/src/rp2_common/hardware_gpio/gpio.c.obj
                0x100016f4                gpio_set_pulls
 .text.gpio_init
                0x10001728       0x16 CMakeFiles/FaceID1_1_E.dir/C_/Users/TECNICA/Raspberry_Pico/Pico/pico-sdk/src/rp2_common/hardware_gpio/gpio.c.obj
                0x10001728                gpio_init
 *fill*         0x1000173e        0x2 
 .text.hw_claim_lock
                0x10001740       0x18 CMakeFiles/FaceID1_1_E.dir/C_/Users/TECNICA/Raspberry_Pico/Pico/pico-sdk/src/rp2_common/hardware_claim/claim.c.obj
                0x10001740                hw_claim_lock
 .text.hw_claim_unlock
                0x10001758       0x14 CMakeFiles/FaceID1_1_E.dir/C_/Users/TECNICA/Raspberry_Pico/Pico/pico-sdk/src/rp2_common/hardware_claim/claim.c.obj
                0x10001758                hw_claim_unlock
 .text.hw_claim_or_assert
                0x1000176c       0x32 CMakeFiles/FaceID1_1_E.dir/C_/Users/TECNICA/Raspberry_Pico/Pico/pico-sdk/src/rp2_common/hardware_claim/claim.c.obj
                0x1000176c                hw_claim_or_assert
 .text.hw_claim_unused_from_range
                0x1000179e       0x50 CMakeFiles/FaceID1_1_E.dir/C_/Users/TECNICA/Raspberry_Pico/Pico/pico-sdk/src/rp2_common/hardware_claim/claim.c.obj
                0x1000179e                hw_claim_unused_from_range
 *fill*         0x100017ee        0x2 
 .text.running_on_fpga
                0x100017f0       0x14 CMakeFiles/FaceID1_1_E.dir/C_/Users/TECNICA/Raspberry_Pico/Pico/pico-sdk/src/rp2_common/pico_platform/platform.c.obj
                0x100017f0                running_on_fpga
 .text.spin_locks_reset
                0x10001804       0x20 CMakeFiles/FaceID1_1_E.dir/C_/Users/TECNICA/Raspberry_Pico/Pico/pico-sdk/src/rp2_common/hardware_sync/sync.c.obj
                0x10001804                spin_locks_reset
 .text.next_striped_spin_lock_num
                0x10001824       0x1c CMakeFiles/FaceID1_1_E.dir/C_/Users/TECNICA/Raspberry_Pico/Pico/pico-sdk/src/rp2_common/hardware_sync/sync.c.obj
                0x10001824                next_striped_spin_lock_num
 .text.spin_lock_claim_unused
                0x10001840       0x20 CMakeFiles/FaceID1_1_E.dir/C_/Users/TECNICA/Raspberry_Pico/Pico/pico-sdk/src/rp2_common/hardware_sync/sync.c.obj
                0x10001840                spin_lock_claim_unused
 .text.set_raw_irq_handler_and_unlock
                0x10001860       0x28 CMakeFiles/FaceID1_1_E.dir/C_/Users/TECNICA/Raspberry_Pico/Pico/pico-sdk/src/rp2_common/hardware_irq/irq.c.obj
 .text.make_branch
                0x10001888       0x48 CMakeFiles/FaceID1_1_E.dir/C_/Users/TECNICA/Raspberry_Pico/Pico/pico-sdk/src/rp2_common/hardware_irq/irq.c.obj
 .text.insert_branch_and_link
                0x100018d0       0x40 CMakeFiles/FaceID1_1_E.dir/C_/Users/TECNICA/Raspberry_Pico/Pico/pico-sdk/src/rp2_common/hardware_irq/irq.c.obj
 .text.irq_is_enabled
                0x10001910       0x18 CMakeFiles/FaceID1_1_E.dir/C_/Users/TECNICA/Raspberry_Pico/Pico/pico-sdk/src/rp2_common/hardware_irq/irq.c.obj
                0x10001910                irq_is_enabled
 .text.irq_set_mask_enabled
                0x10001928       0x20 CMakeFiles/FaceID1_1_E.dir/C_/Users/TECNICA/Raspberry_Pico/Pico/pico-sdk/src/rp2_common/hardware_irq/irq.c.obj
                0x10001928                irq_set_mask_enabled
 .text.irq_set_enabled
                0x10001948        0xe CMakeFiles/FaceID1_1_E.dir/C_/Users/TECNICA/Raspberry_Pico/Pico/pico-sdk/src/rp2_common/hardware_irq/irq.c.obj
                0x10001948                irq_set_enabled
 *fill*         0x10001956        0x2 
 .text.irq_set_pending
                0x10001958       0x10 CMakeFiles/FaceID1_1_E.dir/C_/Users/TECNICA/Raspberry_Pico/Pico/pico-sdk/src/rp2_common/hardware_irq/irq.c.obj
                0x10001958                irq_set_pending
 .text.irq_get_vtable_handler
                0x10001968       0x10 CMakeFiles/FaceID1_1_E.dir/C_/Users/TECNICA/Raspberry_Pico/Pico/pico-sdk/src/rp2_common/hardware_irq/irq.c.obj
                0x10001968                irq_get_vtable_handler
 .text.irq_has_shared_handler
                0x10001978       0x24 CMakeFiles/FaceID1_1_E.dir/C_/Users/TECNICA/Raspberry_Pico/Pico/pico-sdk/src/rp2_common/hardware_irq/irq.c.obj
                0x10001978                irq_has_shared_handler
 .text.irq_set_exclusive_handler
                0x1000199c       0x54 CMakeFiles/FaceID1_1_E.dir/C_/Users/TECNICA/Raspberry_Pico/Pico/pico-sdk/src/rp2_common/hardware_irq/irq.c.obj
                0x1000199c                irq_set_exclusive_handler
 .text.irq_add_shared_handler
                0x100019f0      0x230 CMakeFiles/FaceID1_1_E.dir/C_/Users/TECNICA/Raspberry_Pico/Pico/pico-sdk/src/rp2_common/hardware_irq/irq.c.obj
                0x100019f0                irq_add_shared_handler
 .text.irq_remove_handler
                0x10001c20      0x1a8 CMakeFiles/FaceID1_1_E.dir/C_/Users/TECNICA/Raspberry_Pico/Pico/pico-sdk/src/rp2_common/hardware_irq/irq.c.obj
                0x10001c20                irq_remove_handler
 .text.irq_add_tail_to_free_list
                0x10001dc8       0xf0 CMakeFiles/FaceID1_1_E.dir/C_/Users/TECNICA/Raspberry_Pico/Pico/pico-sdk/src/rp2_common/hardware_irq/irq.c.obj
                0x10001dc8                irq_add_tail_to_free_list
 .text.irq_init_priorities
                0x10001eb8       0x1c CMakeFiles/FaceID1_1_E.dir/C_/Users/TECNICA/Raspberry_Pico/Pico/pico-sdk/src/rp2_common/hardware_irq/irq.c.obj
                0x10001eb8                irq_init_priorities
 .text.user_irq_claim_unused
                0x10001ed4       0x30 CMakeFiles/FaceID1_1_E.dir/C_/Users/TECNICA/Raspberry_Pico/Pico/pico-sdk/src/rp2_common/hardware_irq/irq.c.obj
                0x10001ed4                user_irq_claim_unused
 .text.lock_init
                0x10001f04       0x10 CMakeFiles/FaceID1_1_E.dir/C_/Users/TECNICA/Raspberry_Pico/Pico/pico-sdk/src/common/pico_sync/lock_core.c.obj
                0x10001f04                lock_init
 .text.alarm_pool_post_alloc_init
                0x10001f14       0x40 CMakeFiles/FaceID1_1_E.dir/C_/Users/TECNICA/Raspberry_Pico/Pico/pico-sdk/src/common/pico_time/time.c.obj
 .text.sleep_until_callback
                0x10001f54       0x30 CMakeFiles/FaceID1_1_E.dir/C_/Users/TECNICA/Raspberry_Pico/Pico/pico-sdk/src/common/pico_time/time.c.obj
 .text.timer_pool_entry_comparator
                0x10001f84       0x7c CMakeFiles/FaceID1_1_E.dir/C_/Users/TECNICA/Raspberry_Pico/Pico/pico-sdk/src/common/pico_time/time.c.obj
                0x10001f84                timer_pool_entry_comparator
 .text.ph_add_child_node
                0x10002000       0xa4 CMakeFiles/FaceID1_1_E.dir/C_/Users/TECNICA/Raspberry_Pico/Pico/pico-sdk/src/common/pico_time/time.c.obj
 .text.ph_merge_nodes
                0x100020a4       0x3e CMakeFiles/FaceID1_1_E.dir/C_/Users/TECNICA/Raspberry_Pico/Pico/pico-sdk/src/common/pico_time/time.c.obj
 *fill*         0x100020e2        0x2 
 .text.add_alarm_under_lock
                0x100020e4      0x174 CMakeFiles/FaceID1_1_E.dir/C_/Users/TECNICA/Raspberry_Pico/Pico/pico-sdk/src/common/pico_time/time.c.obj
 .text.alarm_pool_alarm_callback
                0x10002258      0x328 CMakeFiles/FaceID1_1_E.dir/C_/Users/TECNICA/Raspberry_Pico/Pico/pico-sdk/src/common/pico_time/time.c.obj
 .text.alarm_pool_init_default
                0x10002580       0x38 CMakeFiles/FaceID1_1_E.dir/C_/Users/TECNICA/Raspberry_Pico/Pico/pico-sdk/src/common/pico_time/time.c.obj
                0x10002580                alarm_pool_init_default
 .text.alarm_pool_get_default
                0x100025b8       0x2c CMakeFiles/FaceID1_1_E.dir/C_/Users/TECNICA/Raspberry_Pico/Pico/pico-sdk/src/common/pico_time/time.c.obj
                0x100025b8                alarm_pool_get_default
 .text.alarm_pool_add_alarm_at
                0x100025e4      0x170 CMakeFiles/FaceID1_1_E.dir/C_/Users/TECNICA/Raspberry_Pico/Pico/pico-sdk/src/common/pico_time/time.c.obj
                0x100025e4                alarm_pool_add_alarm_at
 .text.alarm_pool_cancel_alarm
                0x10002754       0xf0 CMakeFiles/FaceID1_1_E.dir/C_/Users/TECNICA/Raspberry_Pico/Pico/pico-sdk/src/common/pico_time/time.c.obj
                0x10002754                alarm_pool_cancel_alarm
 .text.sleep_until
                0x10002844       0xfc CMakeFiles/FaceID1_1_E.dir/C_/Users/TECNICA/Raspberry_Pico/Pico/pico-sdk/src/common/pico_time/time.c.obj
                0x10002844                sleep_until
 .text.sleep_us
                0x10002940       0x58 CMakeFiles/FaceID1_1_E.dir/C_/Users/TECNICA/Raspberry_Pico/Pico/pico-sdk/src/common/pico_time/time.c.obj
                0x10002940                sleep_us
 .text.sleep_ms
                0x10002998       0x14 CMakeFiles/FaceID1_1_E.dir/C_/Users/TECNICA/Raspberry_Pico/Pico/pico-sdk/src/common/pico_time/time.c.obj
                0x10002998                sleep_ms
 .text.best_effort_wfe_or_timeout
                0x100029ac       0x80 CMakeFiles/FaceID1_1_E.dir/C_/Users/TECNICA/Raspberry_Pico/Pico/pico-sdk/src/common/pico_time/time.c.obj
                0x100029ac                best_effort_wfe_or_timeout
 .text.hardware_alarm_irq_handler
                0x10002a2c       0x8c CMakeFiles/FaceID1_1_E.dir/C_/Users/TECNICA/Raspberry_Pico/Pico/pico-sdk/src/rp2_common/hardware_timer/timer.c.obj
 .text.hardware_alarm_claim
                0x10002ab8       0x18 CMakeFiles/FaceID1_1_E.dir/C_/Users/TECNICA/Raspberry_Pico/Pico/pico-sdk/src/rp2_common/hardware_timer/timer.c.obj
                0x10002ab8                hardware_alarm_claim
 .text.time_us_64
                0x10002ad0       0x18 CMakeFiles/FaceID1_1_E.dir/C_/Users/TECNICA/Raspberry_Pico/Pico/pico-sdk/src/rp2_common/hardware_timer/timer.c.obj
                0x10002ad0                time_us_64
 .text.busy_wait_until
                0x10002ae8       0x28 CMakeFiles/FaceID1_1_E.dir/C_/Users/TECNICA/Raspberry_Pico/Pico/pico-sdk/src/rp2_common/hardware_timer/timer.c.obj
                0x10002ae8                busy_wait_until
 .text.hardware_alarm_set_callback
                0x10002b10       0x90 CMakeFiles/FaceID1_1_E.dir/C_/Users/TECNICA/Raspberry_Pico/Pico/pico-sdk/src/rp2_common/hardware_timer/timer.c.obj
                0x10002b10                hardware_alarm_set_callback
 .text.hardware_alarm_set_target
                0x10002ba0       0xe8 CMakeFiles/FaceID1_1_E.dir/C_/Users/TECNICA/Raspberry_Pico/Pico/pico-sdk/src/rp2_common/hardware_timer/timer.c.obj
                0x10002ba0                hardware_alarm_set_target
 .text.hardware_alarm_cancel
                0x10002c88       0x40 CMakeFiles/FaceID1_1_E.dir/C_/Users/TECNICA/Raspberry_Pico/Pico/pico-sdk/src/rp2_common/hardware_timer/timer.c.obj
                0x10002c88                hardware_alarm_cancel
 .text.ph_add_child_node
                0x10002cc8       0xa4 CMakeFiles/FaceID1_1_E.dir/C_/Users/TECNICA/Raspberry_Pico/Pico/pico-sdk/src/common/pico_util/pheap.c.obj
 .text.ph_merge_nodes
                0x10002d6c       0x3e CMakeFiles/FaceID1_1_E.dir/C_/Users/TECNICA/Raspberry_Pico/Pico/pico-sdk/src/common/pico_util/pheap.c.obj
 *fill*         0x10002daa        0x2 
 .text.ph_clear
                0x10002dac       0x70 CMakeFiles/FaceID1_1_E.dir/C_/Users/TECNICA/Raspberry_Pico/Pico/pico-sdk/src/common/pico_util/pheap.c.obj
                0x10002dac                ph_clear
 .text.ph_post_alloc_init
                0x10002e1c        0xe CMakeFiles/FaceID1_1_E.dir/C_/Users/TECNICA/Raspberry_Pico/Pico/pico-sdk/src/common/pico_util/pheap.c.obj
                0x10002e1c                ph_post_alloc_init
 *fill*         0x10002e2a        0x2 
 .text.ph_merge_two_pass
                0x10002e2c       0xa8 CMakeFiles/FaceID1_1_E.dir/C_/Users/TECNICA/Raspberry_Pico/Pico/pico-sdk/src/common/pico_util/pheap.c.obj
                0x10002e2c                ph_merge_two_pass
 .text.ph_remove_any_head
                0x10002ed4      0x108 CMakeFiles/FaceID1_1_E.dir/C_/Users/TECNICA/Raspberry_Pico/Pico/pico-sdk/src/common/pico_util/pheap.c.obj
 .text.ph_remove_head
                0x10002fdc       0x14 CMakeFiles/FaceID1_1_E.dir/C_/Users/TECNICA/Raspberry_Pico/Pico/pico-sdk/src/common/pico_util/pheap.c.obj
                0x10002fdc                ph_remove_head
 .text.ph_remove_and_free_node
                0x10002ff0       0xf8 CMakeFiles/FaceID1_1_E.dir/C_/Users/TECNICA/Raspberry_Pico/Pico/pico-sdk/src/common/pico_util/pheap.c.obj
                0x10002ff0                ph_remove_and_free_node
 .text.mutex_init
                0x100030e8       0x1a CMakeFiles/FaceID1_1_E.dir/C_/Users/TECNICA/Raspberry_Pico/Pico/pico-sdk/src/common/pico_sync/mutex.c.obj
                0x100030e8                mutex_init
 .text.recursive_mutex_init
                0x10003102       0x1e CMakeFiles/FaceID1_1_E.dir/C_/Users/TECNICA/Raspberry_Pico/Pico/pico-sdk/src/common/pico_sync/mutex.c.obj
                0x10003102                recursive_mutex_init
 .text.critical_section_init_with_lock_num
                0x10003120       0x14 CMakeFiles/FaceID1_1_E.dir/C_/Users/TECNICA/Raspberry_Pico/Pico/pico-sdk/src/common/pico_sync/critical_section.c.obj
                0x10003120                critical_section_init_with_lock_num
 .text.critical_section_init
                0x10003134       0x14 CMakeFiles/FaceID1_1_E.dir/C_/Users/TECNICA/Raspberry_Pico/Pico/pico-sdk/src/common/pico_sync/critical_section.c.obj
                0x10003134                critical_section_init
 .text.uart_set_baudrate
                0x10003148       0x5c CMakeFiles/FaceID1_1_E.dir/C_/Users/TECNICA/Raspberry_Pico/Pico/pico-sdk/src/rp2_common/hardware_uart/uart.c.obj
                0x10003148                uart_set_baudrate
 .text.uart_set_translate_crlf
                0x100031a4       0x28 CMakeFiles/FaceID1_1_E.dir/C_/Users/TECNICA/Raspberry_Pico/Pico/pico-sdk/src/rp2_common/hardware_uart/uart.c.obj
                0x100031a4                uart_set_translate_crlf
 .text.uart_init
                0x100031cc       0x80 CMakeFiles/FaceID1_1_E.dir/C_/Users/TECNICA/Raspberry_Pico/Pico/pico-sdk/src/rp2_common/hardware_uart/uart.c.obj
                0x100031cc                uart_init
 .text._exit    0x1000324c        0x4 CMakeFiles/FaceID1_1_E.dir/C_/Users/TECNICA/Raspberry_Pico/Pico/pico-sdk/src/rp2_common/pico_runtime/runtime.c.obj
                0x1000324c                _exit
 .text.exit     0x10003250        0x6 CMakeFiles/FaceID1_1_E.dir/C_/Users/TECNICA/Raspberry_Pico/Pico/pico-sdk/src/rp2_common/pico_runtime/runtime.c.obj
                0x10003250                exit
 *fill*         0x10003256        0x2 
 .text.__assert_func
                0x10003258       0x3c CMakeFiles/FaceID1_1_E.dir/C_/Users/TECNICA/Raspberry_Pico/Pico/pico-sdk/src/rp2_common/pico_runtime/runtime.c.obj
                0x10003258                __assert_func
 .text.runtime_init
                0x10003294       0xf8 CMakeFiles/FaceID1_1_E.dir/C_/Users/TECNICA/Raspberry_Pico/Pico/pico-sdk/src/rp2_common/pico_runtime/runtime.c.obj
                0x10003294                runtime_init
 .text.panic    0x1000338c       0x30 CMakeFiles/FaceID1_1_E.dir/C_/Users/TECNICA/Raspberry_Pico/Pico/pico-sdk/src/rp2_common/pico_runtime/runtime.c.obj
                0x1000338c                panic
 .text.clock_configure
                0x100033bc      0x104 CMakeFiles/FaceID1_1_E.dir/C_/Users/TECNICA/Raspberry_Pico/Pico/pico-sdk/src/rp2_common/hardware_clocks/clocks.c.obj
                0x100033bc                clock_configure
 .text.clocks_init
                0x100034c0      0x100 CMakeFiles/FaceID1_1_E.dir/C_/Users/TECNICA/Raspberry_Pico/Pico/pico-sdk/src/rp2_common/hardware_clocks/clocks.c.obj
                0x100034c0                clocks_init
 .text.clock_get_hz
                0x100035c0        0xc CMakeFiles/FaceID1_1_E.dir/C_/Users/TECNICA/Raspberry_Pico/Pico/pico-sdk/src/rp2_common/hardware_clocks/clocks.c.obj
                0x100035c0                clock_get_hz
 .text.pll_init
                0x100035cc      0x140 CMakeFiles/FaceID1_1_E.dir/C_/Users/TECNICA/Raspberry_Pico/Pico/pico-sdk/src/rp2_common/hardware_pll/pll.c.obj
                0x100035cc                pll_init
 .text.watchdog_start_tick
                0x1000370c       0x10 CMakeFiles/FaceID1_1_E.dir/C_/Users/TECNICA/Raspberry_Pico/Pico/pico-sdk/src/rp2_common/hardware_watchdog/watchdog.c.obj
                0x1000370c                watchdog_start_tick
 .text.watchdog_update
                0x1000371c       0x14 CMakeFiles/FaceID1_1_E.dir/C_/Users/TECNICA/Raspberry_Pico/Pico/pico-sdk/src/rp2_common/hardware_watchdog/watchdog.c.obj
                0x1000371c                watchdog_update
 .text._watchdog_enable
                0x10003730       0x78 CMakeFiles/FaceID1_1_E.dir/C_/Users/TECNICA/Raspberry_Pico/Pico/pico-sdk/src/rp2_common/hardware_watchdog/watchdog.c.obj
                0x10003730                _watchdog_enable
 .text.watchdog_reboot
                0x100037a8       0x48 CMakeFiles/FaceID1_1_E.dir/C_/Users/TECNICA/Raspberry_Pico/Pico/pico-sdk/src/rp2_common/hardware_watchdog/watchdog.c.obj
                0x100037a8                watchdog_reboot
 .text.xosc_init
                0x100037f0       0x28 CMakeFiles/FaceID1_1_E.dir/C_/Users/TECNICA/Raspberry_Pico/Pico/pico-sdk/src/rp2_common/hardware_xosc/xosc.c.obj
                0x100037f0                xosc_init
 .text._out_null
                0x10003818        0x2 CMakeFiles/FaceID1_1_E.dir/C_/Users/TECNICA/Raspberry_Pico/Pico/pico-sdk/src/rp2_common/pico_printf/printf.c.obj
 .text._out_fct
                0x1000381a        0xe CMakeFiles/FaceID1_1_E.dir/C_/Users/TECNICA/Raspberry_Pico/Pico/pico-sdk/src/rp2_common/pico_printf/printf.c.obj
 .text._atoi    0x10003828       0x24 CMakeFiles/FaceID1_1_E.dir/C_/Users/TECNICA/Raspberry_Pico/Pico/pico-sdk/src/rp2_common/pico_printf/printf.c.obj
 .text._out_rev
                0x1000384c       0xae CMakeFiles/FaceID1_1_E.dir/C_/Users/TECNICA/Raspberry_Pico/Pico/pico-sdk/src/rp2_common/pico_printf/printf.c.obj
 .text._ntoa_format
                0x100038fa      0x112 CMakeFiles/FaceID1_1_E.dir/C_/Users/TECNICA/Raspberry_Pico/Pico/pico-sdk/src/rp2_common/pico_printf/printf.c.obj
 .text._ntoa_long
                0x10003a0c       0xbc CMakeFiles/FaceID1_1_E.dir/C_/Users/TECNICA/Raspberry_Pico/Pico/pico-sdk/src/rp2_common/pico_printf/printf.c.obj
 .text._ntoa_long_long
                0x10003ac8       0xe2 CMakeFiles/FaceID1_1_E.dir/C_/Users/TECNICA/Raspberry_Pico/Pico/pico-sdk/src/rp2_common/pico_printf/printf.c.obj
 *fill*         0x10003baa        0x2 
 .text._etoa    0x10003bac      0x414 CMakeFiles/FaceID1_1_E.dir/C_/Users/TECNICA/Raspberry_Pico/Pico/pico-sdk/src/rp2_common/pico_printf/printf.c.obj
 .text._ftoa    0x10003fc0      0x354 CMakeFiles/FaceID1_1_E.dir/C_/Users/TECNICA/Raspberry_Pico/Pico/pico-sdk/src/rp2_common/pico_printf/printf.c.obj
 .text._vsnprintf
                0x10004314      0x624 CMakeFiles/FaceID1_1_E.dir/C_/Users/TECNICA/Raspberry_Pico/Pico/pico-sdk/src/rp2_common/pico_printf/printf.c.obj
 .text.vfctprintf
                0x10004938       0x20 CMakeFiles/FaceID1_1_E.dir/C_/Users/TECNICA/Raspberry_Pico/Pico/pico-sdk/src/rp2_common/pico_printf/printf.c.obj
                0x10004938                vfctprintf
 .text          0x10004958       0x10 CMakeFiles/FaceID1_1_E.dir/C_/Users/TECNICA/Raspberry_Pico/Pico/pico-sdk/src/rp2_common/pico_bit_ops/bit_ops_aeabi.S.obj
 .text.rom_func_lookup
                0x10004968       0x10 CMakeFiles/FaceID1_1_E.dir/C_/Users/TECNICA/Raspberry_Pico/Pico/pico-sdk/src/rp2_common/pico_bootrom/bootrom.c.obj
                0x10004968                rom_func_lookup
 .text.rom_data_lookup
                0x10004978       0x10 CMakeFiles/FaceID1_1_E.dir/C_/Users/TECNICA/Raspberry_Pico/Pico/pico-sdk/src/rp2_common/pico_bootrom/bootrom.c.obj
                0x10004978                rom_data_lookup
 .text.rom_funcs_lookup
                0x10004988       0x36 CMakeFiles/FaceID1_1_E.dir/C_/Users/TECNICA/Raspberry_Pico/Pico/pico-sdk/src/rp2_common/pico_bootrom/bootrom.c.obj
                0x10004988                rom_funcs_lookup
 *fill*         0x100049be        0x2 
 .text.__wrap___aeabi_idiv
                0x100049c0       0x50 CMakeFiles/FaceID1_1_E.dir/C_/Users/TECNICA/Raspberry_Pico/Pico/pico-sdk/src/rp2_common/pico_divider/divider.S.obj
                0x100049c0                __wrap___aeabi_idivmod
                0x100049c0                divmod_s32s32
                0x100049c0                div_s32s32
                0x100049c0                __wrap___aeabi_idiv
                0x100049c8                divmod_s32s32_unsafe
                0x100049f4                divmod_s32s32_savestate
 .text.__wrap___aeabi_uidiv
                0x10004a10       0x4c CMakeFiles/FaceID1_1_E.dir/C_/Users/TECNICA/Raspberry_Pico/Pico/pico-sdk/src/rp2_common/pico_divider/divider.S.obj
                0x10004a10                __wrap___aeabi_uidiv
                0x10004a10                __wrap___aeabi_uidivmod
                0x10004a10                div_u32u32
                0x10004a10                divmod_u32u32
                0x10004a18                divmod_u32u32_unsafe
                0x10004a40                divmod_u32u32_savestate
 .text.__wrap___aeabi_ldiv
                0x10004a5c      0x434 CMakeFiles/FaceID1_1_E.dir/C_/Users/TECNICA/Raspberry_Pico/Pico/pico-sdk/src/rp2_common/pico_divider/divider.S.obj
                0x10004a5c                div_s64s64
                0x10004a5c                divmod_s64s64
                0x10004a5c                __wrap___aeabi_ldivmod
                0x10004a94                divmod_u64u64
                0x10004a94                div_u64u64
                0x10004a94                __wrap___aeabi_uldivmod
                0x10004aa4                divmod_u64u64_savestate
                0x10004acc                divmod_s64s64_unsafe
                0x10004b54                divmod_u64u64_unsafe
 .text.__wrap___aeabi_darithmetic
                0x10004e90       0x80 CMakeFiles/FaceID1_1_E.dir/C_/Users/TECNICA/Raspberry_Pico/Pico/pico-sdk/src/rp2_common/pico_double/double_aeabi.S.obj
                0x10004e90                __wrap___aeabi_drsub
                0x10004e96                __wrap___aeabi_dsub
                0x10004ea8                __wrap___aeabi_dadd
                0x10004eba                __wrap___aeabi_ddiv
                0x10004ef6                __wrap___aeabi_dmul
 .text.__wrap___aeabi_cdcmple
                0x10004f10       0x6c CMakeFiles/FaceID1_1_E.dir/C_/Users/TECNICA/Raspberry_Pico/Pico/pico-sdk/src/rp2_common/pico_double/double_aeabi.S.obj
                0x10004f10                __wrap___aeabi_cdrcmple
                0x10004f20                __wrap___aeabi_cdcmpeq
                0x10004f20                __wrap___aeabi_cdcmple
 .text.__wrap___aeabi_dcmplt
                0x10004f7c        0xc CMakeFiles/FaceID1_1_E.dir/C_/Users/TECNICA/Raspberry_Pico/Pico/pico-sdk/src/rp2_common/pico_double/double_aeabi.S.obj
                0x10004f7c                __wrap___aeabi_dcmplt
 .text.__wrap___aeabi_dcmple
                0x10004f88       0x10 CMakeFiles/FaceID1_1_E.dir/C_/Users/TECNICA/Raspberry_Pico/Pico/pico-sdk/src/rp2_common/pico_double/double_aeabi.S.obj
                0x10004f88                __wrap___aeabi_dcmple
 .text.__wrap___aeabi_dcmpge
                0x10004f98       0x10 CMakeFiles/FaceID1_1_E.dir/C_/Users/TECNICA/Raspberry_Pico/Pico/pico-sdk/src/rp2_common/pico_double/double_aeabi.S.obj
                0x10004f98                __wrap___aeabi_dcmpge
 .text.__wrap___aeabi_dcmpgt
                0x10004fa8        0xa CMakeFiles/FaceID1_1_E.dir/C_/Users/TECNICA/Raspberry_Pico/Pico/pico-sdk/src/rp2_common/pico_double/double_aeabi.S.obj
                0x10004fa8                __wrap___aeabi_dcmpgt
 .text.__wrap___aeabi_dcmpun
                0x10004fb2       0x1c CMakeFiles/FaceID1_1_E.dir/C_/Users/TECNICA/Raspberry_Pico/Pico/pico-sdk/src/rp2_common/pico_double/double_aeabi.S.obj
                0x10004fb2                __wrap___aeabi_dcmpun
 *fill*         0x10004fce        0x2 
 .text.__wrap___aeabi_i2d
                0x10004fd0       0x38 CMakeFiles/FaceID1_1_E.dir/C_/Users/TECNICA/Raspberry_Pico/Pico/pico-sdk/src/rp2_common/pico_double/double_aeabi.S.obj
                0x10004fd0                __wrap___aeabi_ui2d
                0x10004fd8                __wrap___aeabi_i2d
 .text.__wrap___aeabi_d2iz
                0x10005008       0x48 CMakeFiles/FaceID1_1_E.dir/C_/Users/TECNICA/Raspberry_Pico/Pico/pico-sdk/src/rp2_common/pico_double/double_aeabi.S.obj
                0x10005008                double2int_z
                0x10005008                __wrap___aeabi_d2iz
 .text.__wrap___aeabi_d2uiz
                0x10005050       0x18 CMakeFiles/FaceID1_1_E.dir/C_/Users/TECNICA/Raspberry_Pico/Pico/pico-sdk/src/rp2_common/pico_double/double_aeabi.S.obj
                0x10005050                __wrap___aeabi_d2uiz
                0x10005050                double2uint
 .text.__aeabi_double_init
                0x10005068       0xc8 CMakeFiles/FaceID1_1_E.dir/C_/Users/TECNICA/Raspberry_Pico/Pico/pico-sdk/src/rp2_common/pico_double/double_init_rom.c.obj
                0x10005068                __aeabi_double_init
 .text.double_table_shim_on_use_helper
                0x10005130       0x34 CMakeFiles/FaceID1_1_E.dir/C_/Users/TECNICA/Raspberry_Pico/Pico/pico-sdk/src/rp2_common/pico_double/double_v1_rom_shim.S.obj
                0x10005130                double_table_shim_on_use_helper
 .text.__wrap___aeabi_dsub
                0x10005164       0x10 CMakeFiles/FaceID1_1_E.dir/C_/Users/TECNICA/Raspberry_Pico/Pico/pico-sdk/src/rp2_common/pico_double/double_v1_rom_shim.S.obj
                0x10005164                drsub_shim
                0x1000516a                dsub_shim
 .text.dadd_shim
                0x10005174      0x15c CMakeFiles/FaceID1_1_E.dir/C_/Users/TECNICA/Raspberry_Pico/Pico/pico-sdk/src/rp2_common/pico_double/double_v1_rom_shim.S.obj
                0x10005174                dadd_shim
 .text.dmul_shim
                0x100052d0      0x15c CMakeFiles/FaceID1_1_E.dir/C_/Users/TECNICA/Raspberry_Pico/Pico/pico-sdk/src/rp2_common/pico_double/double_v1_rom_shim.S.obj
                0x100052d0                dmul_shim
 .text.ddiv_shim
                0x1000542c      0x1b0 CMakeFiles/FaceID1_1_E.dir/C_/Users/TECNICA/Raspberry_Pico/Pico/pico-sdk/src/rp2_common/pico_double/double_v1_rom_shim.S.obj
                0x1000542c                ddiv_shim
 .text.double2uint_shim
                0x100055dc        0xe CMakeFiles/FaceID1_1_E.dir/C_/Users/TECNICA/Raspberry_Pico/Pico/pico-sdk/src/rp2_common/pico_double/double_v1_rom_shim.S.obj
                0x100055dc                double2uint_shim
                0x100055de                double2ufix_shim
 *fill*         0x100055ea        0x2 
 .text.double2uint64_shim
                0x100055ec       0x70 CMakeFiles/FaceID1_1_E.dir/C_/Users/TECNICA/Raspberry_Pico/Pico/pico-sdk/src/rp2_common/pico_double/double_v1_rom_shim.S.obj
                0x100055ec                double2uint64_shim
                0x100055ee                double2ufix64_shim
                0x1000560e                d2fix_a
 .text.dunpacks
                0x1000565c       0x3c CMakeFiles/FaceID1_1_E.dir/C_/Users/TECNICA/Raspberry_Pico/Pico/pico-sdk/src/rp2_common/pico_double/double_v1_rom_shim.S.obj
                0x1000565c                dunpacks
 .text.__aeabi_lmul
                0x10005698       0x32 CMakeFiles/FaceID1_1_E.dir/C_/Users/TECNICA/Raspberry_Pico/Pico/pico-sdk/src/rp2_common/pico_int64_ops/pico_int64_ops_aeabi.S.obj
                0x10005698                __wrap___aeabi_lmul
 *fill*         0x100056ca        0x2 
 .text.__aeabi_float_init
                0x100056cc       0xfc CMakeFiles/FaceID1_1_E.dir/C_/Users/TECNICA/Raspberry_Pico/Pico/pico-sdk/src/rp2_common/pico_float/float_init_rom.c.obj
                0x100056cc                __aeabi_float_init
 .text.float_table_shim_on_use_helper
                0x100057c8       0x34 CMakeFiles/FaceID1_1_E.dir/C_/Users/TECNICA/Raspberry_Pico/Pico/pico-sdk/src/rp2_common/pico_float/float_v1_rom_shim.S.obj
                0x100057c8                float_table_shim_on_use_helper
 .text          0x100057fc       0x10 CMakeFiles/FaceID1_1_E.dir/C_/Users/TECNICA/Raspberry_Pico/Pico/pico-sdk/src/rp2_common/pico_mem_ops/mem_ops_aeabi.S.obj
                0x100057fc                __aeabi_mem_init
 .text.memset   0x1000580c        0xc CMakeFiles/FaceID1_1_E.dir/C_/Users/TECNICA/Raspberry_Pico/Pico/pico-sdk/src/rp2_common/pico_mem_ops/mem_ops_aeabi.S.obj
                0x1000580c                __wrap_memset
 .text.memcpy   0x10005818        0xc CMakeFiles/FaceID1_1_E.dir/C_/Users/TECNICA/Raspberry_Pico/Pico/pico-sdk/src/rp2_common/pico_mem_ops/mem_ops_aeabi.S.obj
                0x10005818                __wrap_memcpy
                0x10005818                __wrap___aeabi_memcpy
 .text.stdio_out_chars_no_crlf
                0x10005824        0xe CMakeFiles/FaceID1_1_E.dir/C_/Users/TECNICA/Raspberry_Pico/Pico/pico-sdk/src/rp2_common/pico_stdio/stdio.c.obj
 *fill*         0x10005832        0x2 
 .text.stdio_out_chars_crlf
                0x10005834       0x80 CMakeFiles/FaceID1_1_E.dir/C_/Users/TECNICA/Raspberry_Pico/Pico/pico-sdk/src/rp2_common/pico_stdio/stdio.c.obj
 .text.stdio_stack_buffer_flush
                0x100058b4       0x44 CMakeFiles/FaceID1_1_E.dir/C_/Users/TECNICA/Raspberry_Pico/Pico/pico-sdk/src/rp2_common/pico_stdio/stdio.c.obj
 .text.stdio_buffered_printer
                0x100058f8       0x20 CMakeFiles/FaceID1_1_E.dir/C_/Users/TECNICA/Raspberry_Pico/Pico/pico-sdk/src/rp2_common/pico_stdio/stdio.c.obj
 .text.stdout_serialize_begin
                0x10005918       0x30 CMakeFiles/FaceID1_1_E.dir/C_/Users/TECNICA/Raspberry_Pico/Pico/pico-sdk/src/rp2_common/pico_stdio/stdio.c.obj
                0x10005918                stdout_serialize_begin
 .text.stdout_serialize_end
                0x10005948       0x10 CMakeFiles/FaceID1_1_E.dir/C_/Users/TECNICA/Raspberry_Pico/Pico/pico-sdk/src/rp2_common/pico_stdio/stdio.c.obj
                0x10005948                stdout_serialize_end
 .text.stdio_put_string
                0x10005958       0x98 CMakeFiles/FaceID1_1_E.dir/C_/Users/TECNICA/Raspberry_Pico/Pico/pico-sdk/src/rp2_common/pico_stdio/stdio.c.obj
 .text.stdio_set_driver_enabled
                0x100059f0       0x2c CMakeFiles/FaceID1_1_E.dir/C_/Users/TECNICA/Raspberry_Pico/Pico/pico-sdk/src/rp2_common/pico_stdio/stdio.c.obj
                0x100059f0                stdio_set_driver_enabled
 .text.stdio_flush
                0x10005a1c       0x20 CMakeFiles/FaceID1_1_E.dir/C_/Users/TECNICA/Raspberry_Pico/Pico/pico-sdk/src/rp2_common/pico_stdio/stdio.c.obj
                0x10005a1c                stdio_flush
 .text.__wrap_puts
                0x10005a3c       0x1e CMakeFiles/FaceID1_1_E.dir/C_/Users/TECNICA/Raspberry_Pico/Pico/pico-sdk/src/rp2_common/pico_stdio/stdio.c.obj
                0x10005a3c                __wrap_puts
 *fill*         0x10005a5a        0x2 
 .text.__wrap_vprintf
                0x10005a5c       0x44 CMakeFiles/FaceID1_1_E.dir/C_/Users/TECNICA/Raspberry_Pico/Pico/pico-sdk/src/rp2_common/pico_stdio/stdio.c.obj
                0x10005a5c                __wrap_vprintf
 .text.__wrap_printf
                0x10005aa0       0x18 CMakeFiles/FaceID1_1_E.dir/C_/Users/TECNICA/Raspberry_Pico/Pico/pico-sdk/src/rp2_common/pico_stdio/stdio.c.obj
                0x10005aa0                __wrap_printf
 .text.stdio_init_all
                0x10005ab8        0xc CMakeFiles/FaceID1_1_E.dir/C_/Users/TECNICA/Raspberry_Pico/Pico/pico-sdk/src/rp2_common/pico_stdio/stdio.c.obj
                0x10005ab8                stdio_init_all
 .text.stdio_uart_out_chars
                0x10005ac4       0x74 CMakeFiles/FaceID1_1_E.dir/C_/Users/TECNICA/Raspberry_Pico/Pico/pico-sdk/src/rp2_common/pico_stdio_uart/stdio_uart.c.obj
 .text.stdio_uart_in_chars
                0x10005b38       0x58 CMakeFiles/FaceID1_1_E.dir/C_/Users/TECNICA/Raspberry_Pico/Pico/pico-sdk/src/rp2_common/pico_stdio_uart/stdio_uart.c.obj
                0x10005b38                stdio_uart_in_chars
 .text.stdio_uart_init_full
                0x10005b90       0x3c CMakeFiles/FaceID1_1_E.dir/C_/Users/TECNICA/Raspberry_Pico/Pico/pico-sdk/src/rp2_common/pico_stdio_uart/stdio_uart.c.obj
                0x10005b90                stdio_uart_init_full
 .text.stdio_uart_init
                0x10005bcc       0x28 CMakeFiles/FaceID1_1_E.dir/C_/Users/TECNICA/Raspberry_Pico/Pico/pico-sdk/src/rp2_common/pico_stdio_uart/stdio_uart.c.obj
                0x10005bcc                stdio_uart_init
 .text.resetd_init
                0x10005bf4        0x2 CMakeFiles/FaceID1_1_E.dir/C_/Users/TECNICA/Raspberry_Pico/Pico/pico-sdk/src/rp2_common/pico_stdio_usb/reset_interface.c.obj
 *fill*         0x10005bf6        0x2 
 .text.resetd_reset
                0x10005bf8        0xc CMakeFiles/FaceID1_1_E.dir/C_/Users/TECNICA/Raspberry_Pico/Pico/pico-sdk/src/rp2_common/pico_stdio_usb/reset_interface.c.obj
 .text.resetd_open
                0x10005c04       0x34 CMakeFiles/FaceID1_1_E.dir/C_/Users/TECNICA/Raspberry_Pico/Pico/pico-sdk/src/rp2_common/pico_stdio_usb/reset_interface.c.obj
 .text.resetd_xfer_cb
                0x10005c38        0x4 CMakeFiles/FaceID1_1_E.dir/C_/Users/TECNICA/Raspberry_Pico/Pico/pico-sdk/src/rp2_common/pico_stdio_usb/reset_interface.c.obj
 .text.reset_usb_boot
                0x10005c3c       0x18 CMakeFiles/FaceID1_1_E.dir/C_/Users/TECNICA/Raspberry_Pico/Pico/pico-sdk/src/rp2_common/pico_stdio_usb/reset_interface.c.obj
 .text.resetd_control_xfer_cb
                0x10005c54       0x5c CMakeFiles/FaceID1_1_E.dir/C_/Users/TECNICA/Raspberry_Pico/Pico/pico-sdk/src/rp2_common/pico_stdio_usb/reset_interface.c.obj
 .text.usbd_app_driver_get_cb
                0x10005cb0        0xc CMakeFiles/FaceID1_1_E.dir/C_/Users/TECNICA/Raspberry_Pico/Pico/pico-sdk/src/rp2_common/pico_stdio_usb/reset_interface.c.obj
                0x10005cb0                usbd_app_driver_get_cb
 .text.tud_cdc_line_coding_cb
                0x10005cbc       0x28 CMakeFiles/FaceID1_1_E.dir/C_/Users/TECNICA/Raspberry_Pico/Pico/pico-sdk/src/rp2_common/pico_stdio_usb/reset_interface.c.obj
                0x10005cbc                tud_cdc_line_coding_cb
 .text.stdio_usb_in_chars
                0x10005ce4       0x70 CMakeFiles/FaceID1_1_E.dir/C_/Users/TECNICA/Raspberry_Pico/Pico/pico-sdk/src/rp2_common/pico_stdio_usb/stdio_usb.c.obj
                0x10005ce4                stdio_usb_in_chars
 .text.low_priority_worker_irq
                0x10005d54       0x20 CMakeFiles/FaceID1_1_E.dir/C_/Users/TECNICA/Raspberry_Pico/Pico/pico-sdk/src/rp2_common/pico_stdio_usb/stdio_usb.c.obj
 .text.stdio_usb_out_chars
                0x10005d74       0xd4 CMakeFiles/FaceID1_1_E.dir/C_/Users/TECNICA/Raspberry_Pico/Pico/pico-sdk/src/rp2_common/pico_stdio_usb/stdio_usb.c.obj
 .text.timer_task
                0x10005e48       0x40 CMakeFiles/FaceID1_1_E.dir/C_/Users/TECNICA/Raspberry_Pico/Pico/pico-sdk/src/rp2_common/pico_stdio_usb/stdio_usb.c.obj
 .text.usb_irq  0x10005e88       0x10 CMakeFiles/FaceID1_1_E.dir/C_/Users/TECNICA/Raspberry_Pico/Pico/pico-sdk/src/rp2_common/pico_stdio_usb/stdio_usb.c.obj
 .text.stdio_usb_init
                0x10005e98       0xec CMakeFiles/FaceID1_1_E.dir/C_/Users/TECNICA/Raspberry_Pico/Pico/pico-sdk/src/rp2_common/pico_stdio_usb/stdio_usb.c.obj
                0x10005e98                stdio_usb_init
 .text.tud_descriptor_device_cb
                0x10005f84        0x8 CMakeFiles/FaceID1_1_E.dir/C_/Users/TECNICA/Raspberry_Pico/Pico/pico-sdk/src/rp2_common/pico_stdio_usb/stdio_usb_descriptors.c.obj
                0x10005f84                tud_descriptor_device_cb
 .text.tud_descriptor_configuration_cb
                0x10005f8c        0x8 CMakeFiles/FaceID1_1_E.dir/C_/Users/TECNICA/Raspberry_Pico/Pico/pico-sdk/src/rp2_common/pico_stdio_usb/stdio_usb_descriptors.c.obj
                0x10005f8c                tud_descriptor_configuration_cb
 .text.tud_descriptor_string_cb
                0x10005f94       0x6c CMakeFiles/FaceID1_1_E.dir/C_/Users/TECNICA/Raspberry_Pico/Pico/pico-sdk/src/rp2_common/pico_stdio_usb/stdio_usb_descriptors.c.obj
                0x10005f94                tud_descriptor_string_cb
 .text.hw_endpoint_get_by_addr
                0x10006000       0x18 CMakeFiles/FaceID1_1_E.dir/C_/Users/TECNICA/Raspberry_Pico/Pico/pico-sdk/lib/tinyusb/src/portable/raspberrypi/rp2040/dcd_rp2040.c.obj
 .text.reset_ep0_pid
                0x10006018       0x28 CMakeFiles/FaceID1_1_E.dir/C_/Users/TECNICA/Raspberry_Pico/Pico/pico-sdk/lib/tinyusb/src/portable/raspberrypi/rp2040/dcd_rp2040.c.obj
 .text._hw_endpoint_alloc
                0x10006040       0x70 CMakeFiles/FaceID1_1_E.dir/C_/Users/TECNICA/Raspberry_Pico/Pico/pico-sdk/lib/tinyusb/src/portable/raspberrypi/rp2040/dcd_rp2040.c.obj
 .text.hw_endpoint_init
                0x100060b0       0x88 CMakeFiles/FaceID1_1_E.dir/C_/Users/TECNICA/Raspberry_Pico/Pico/pico-sdk/lib/tinyusb/src/portable/raspberrypi/rp2040/dcd_rp2040.c.obj
 .text.reset_non_control_endpoints
                0x10006138       0x40 CMakeFiles/FaceID1_1_E.dir/C_/Users/TECNICA/Raspberry_Pico/Pico/pico-sdk/lib/tinyusb/src/portable/raspberrypi/rp2040/dcd_rp2040.c.obj
 .text.hw_handle_buff_status
                0x10006178       0x8c CMakeFiles/FaceID1_1_E.dir/C_/Users/TECNICA/Raspberry_Pico/Pico/pico-sdk/lib/tinyusb/src/portable/raspberrypi/rp2040/dcd_rp2040.c.obj
 .text.dcd_rp2040_irq
                0x10006204       0xc0 CMakeFiles/FaceID1_1_E.dir/C_/Users/TECNICA/Raspberry_Pico/Pico/pico-sdk/lib/tinyusb/src/portable/raspberrypi/rp2040/dcd_rp2040.c.obj
 .text.hw_endpoint_xfer
                0x100062c4       0x14 CMakeFiles/FaceID1_1_E.dir/C_/Users/TECNICA/Raspberry_Pico/Pico/pico-sdk/lib/tinyusb/src/portable/raspberrypi/rp2040/dcd_rp2040.c.obj
 .text.dcd_int_enable
                0x100062d8       0x2c CMakeFiles/FaceID1_1_E.dir/C_/Users/TECNICA/Raspberry_Pico/Pico/pico-sdk/lib/tinyusb/src/portable/raspberrypi/rp2040/dcd_rp2040.c.obj
                0x100062d8                dcd_int_enable
 .text.dcd_set_address
                0x10006304       0x2c CMakeFiles/FaceID1_1_E.dir/C_/Users/TECNICA/Raspberry_Pico/Pico/pico-sdk/lib/tinyusb/src/portable/raspberrypi/rp2040/dcd_rp2040.c.obj
                0x10006304                dcd_set_address
 .text.dcd_connect
                0x10006330       0x10 CMakeFiles/FaceID1_1_E.dir/C_/Users/TECNICA/Raspberry_Pico/Pico/pico-sdk/lib/tinyusb/src/portable/raspberrypi/rp2040/dcd_rp2040.c.obj
                0x10006330                dcd_connect
 .text.dcd_init
                0x10006340       0x7c CMakeFiles/FaceID1_1_E.dir/C_/Users/TECNICA/Raspberry_Pico/Pico/pico-sdk/lib/tinyusb/src/portable/raspberrypi/rp2040/dcd_rp2040.c.obj
                0x10006340                dcd_init
 .text.dcd_edpt0_status_complete
                0x100063bc       0x1c CMakeFiles/FaceID1_1_E.dir/C_/Users/TECNICA/Raspberry_Pico/Pico/pico-sdk/lib/tinyusb/src/portable/raspberrypi/rp2040/dcd_rp2040.c.obj
                0x100063bc                dcd_edpt0_status_complete
 .text.dcd_edpt_open
                0x100063d8       0x40 CMakeFiles/FaceID1_1_E.dir/C_/Users/TECNICA/Raspberry_Pico/Pico/pico-sdk/lib/tinyusb/src/portable/raspberrypi/rp2040/dcd_rp2040.c.obj
                0x100063d8                dcd_edpt_open
 .text.dcd_edpt_close_all
                0x10006418        0x8 CMakeFiles/FaceID1_1_E.dir/C_/Users/TECNICA/Raspberry_Pico/Pico/pico-sdk/lib/tinyusb/src/portable/raspberrypi/rp2040/dcd_rp2040.c.obj
                0x10006418                dcd_edpt_close_all
 .text.dcd_edpt_xfer
                0x10006420       0x30 CMakeFiles/FaceID1_1_E.dir/C_/Users/TECNICA/Raspberry_Pico/Pico/pico-sdk/lib/tinyusb/src/portable/raspberrypi/rp2040/dcd_rp2040.c.obj
                0x10006420                dcd_edpt_xfer
 .text.dcd_edpt_stall
                0x10006450       0x2c CMakeFiles/FaceID1_1_E.dir/C_/Users/TECNICA/Raspberry_Pico/Pico/pico-sdk/lib/tinyusb/src/portable/raspberrypi/rp2040/dcd_rp2040.c.obj
                0x10006450                dcd_edpt_stall
 .text.dcd_edpt_clear_stall
                0x1000647c       0x20 CMakeFiles/FaceID1_1_E.dir/C_/Users/TECNICA/Raspberry_Pico/Pico/pico-sdk/lib/tinyusb/src/portable/raspberrypi/rp2040/dcd_rp2040.c.obj
                0x1000647c                dcd_edpt_clear_stall
 .text.prepare_ep_buffer
                0x1000649c       0x70 CMakeFiles/FaceID1_1_E.dir/C_/Users/TECNICA/Raspberry_Pico/Pico/pico-sdk/lib/tinyusb/src/portable/raspberrypi/rp2040/rp2040_usb.c.obj
 .text.sync_ep_buffer
                0x1000650c       0x7c CMakeFiles/FaceID1_1_E.dir/C_/Users/TECNICA/Raspberry_Pico/Pico/pico-sdk/lib/tinyusb/src/portable/raspberrypi/rp2040/rp2040_usb.c.obj
 .text._hw_endpoint_xfer_sync
                0x10006588       0x28 CMakeFiles/FaceID1_1_E.dir/C_/Users/TECNICA/Raspberry_Pico/Pico/pico-sdk/lib/tinyusb/src/portable/raspberrypi/rp2040/rp2040_usb.c.obj
 .text.rp2040_usb_init
                0x100065b0       0x4c CMakeFiles/FaceID1_1_E.dir/C_/Users/TECNICA/Raspberry_Pico/Pico/pico-sdk/lib/tinyusb/src/portable/raspberrypi/rp2040/rp2040_usb.c.obj
                0x100065b0                rp2040_usb_init
 .text.hw_endpoint_reset_transfer
                0x100065fc        0xc CMakeFiles/FaceID1_1_E.dir/C_/Users/TECNICA/Raspberry_Pico/Pico/pico-sdk/lib/tinyusb/src/portable/raspberrypi/rp2040/rp2040_usb.c.obj
                0x100065fc                hw_endpoint_reset_transfer
 .text._hw_endpoint_buffer_control_update32
                0x10006608       0x58 CMakeFiles/FaceID1_1_E.dir/C_/Users/TECNICA/Raspberry_Pico/Pico/pico-sdk/lib/tinyusb/src/portable/raspberrypi/rp2040/rp2040_usb.c.obj
                0x10006608                _hw_endpoint_buffer_control_update32
 .text._hw_endpoint_start_next_buffer
                0x10006660       0x74 CMakeFiles/FaceID1_1_E.dir/C_/Users/TECNICA/Raspberry_Pico/Pico/pico-sdk/lib/tinyusb/src/portable/raspberrypi/rp2040/rp2040_usb.c.obj
 .text.hw_endpoint_xfer_start
                0x100066d4       0x48 CMakeFiles/FaceID1_1_E.dir/C_/Users/TECNICA/Raspberry_Pico/Pico/pico-sdk/lib/tinyusb/src/portable/raspberrypi/rp2040/rp2040_usb.c.obj
                0x100066d4                hw_endpoint_xfer_start
 .text.hw_endpoint_xfer_continue
                0x1000671c       0x38 CMakeFiles/FaceID1_1_E.dir/C_/Users/TECNICA/Raspberry_Pico/Pico/pico-sdk/lib/tinyusb/src/portable/raspberrypi/rp2040/rp2040_usb.c.obj
                0x1000671c                hw_endpoint_xfer_continue
 .text.configuration_reset
                0x10006754       0x84 CMakeFiles/FaceID1_1_E.dir/C_/Users/TECNICA/Raspberry_Pico/Pico/pico-sdk/lib/tinyusb/src/device/usbd.c.obj
 .text.usbd_reset
                0x100067d8        0xc CMakeFiles/FaceID1_1_E.dir/C_/Users/TECNICA/Raspberry_Pico/Pico/pico-sdk/lib/tinyusb/src/device/usbd.c.obj
 .text.invoke_class_control
                0x100067e4       0x1a CMakeFiles/FaceID1_1_E.dir/C_/Users/TECNICA/Raspberry_Pico/Pico/pico-sdk/lib/tinyusb/src/device/usbd.c.obj
 *fill*         0x100067fe        0x2 
 .text.process_set_config
                0x10006800      0x1b0 CMakeFiles/FaceID1_1_E.dir/C_/Users/TECNICA/Raspberry_Pico/Pico/pico-sdk/lib/tinyusb/src/device/usbd.c.obj
 .text.process_get_descriptor
                0x100069b0       0xec CMakeFiles/FaceID1_1_E.dir/C_/Users/TECNICA/Raspberry_Pico/Pico/pico-sdk/lib/tinyusb/src/device/usbd.c.obj
 .text.tud_mounted
                0x10006a9c       0x10 CMakeFiles/FaceID1_1_E.dir/C_/Users/TECNICA/Raspberry_Pico/Pico/pico-sdk/lib/tinyusb/src/device/usbd.c.obj
                0x10006a9c                tud_mounted
 .text.tud_suspended
                0x10006aac       0x10 CMakeFiles/FaceID1_1_E.dir/C_/Users/TECNICA/Raspberry_Pico/Pico/pico-sdk/lib/tinyusb/src/device/usbd.c.obj
                0x10006aac                tud_suspended
 .text.tud_inited
                0x10006abc        0xc CMakeFiles/FaceID1_1_E.dir/C_/Users/TECNICA/Raspberry_Pico/Pico/pico-sdk/lib/tinyusb/src/device/usbd.c.obj
                0x10006abc                tud_inited
 .text.tud_init
                0x10006ac8       0xcc CMakeFiles/FaceID1_1_E.dir/C_/Users/TECNICA/Raspberry_Pico/Pico/pico-sdk/lib/tinyusb/src/device/usbd.c.obj
                0x10006ac8                tud_init
 .text.dcd_event_handler
                0x10006b94      0x1e0 CMakeFiles/FaceID1_1_E.dir/C_/Users/TECNICA/Raspberry_Pico/Pico/pico-sdk/lib/tinyusb/src/device/usbd.c.obj
                0x10006b94                dcd_event_handler
 .text.dcd_event_bus_signal
                0x10006d74       0x26 CMakeFiles/FaceID1_1_E.dir/C_/Users/TECNICA/Raspberry_Pico/Pico/pico-sdk/lib/tinyusb/src/device/usbd.c.obj
                0x10006d74                dcd_event_bus_signal
 .text.dcd_event_bus_reset
                0x10006d9a       0x2a CMakeFiles/FaceID1_1_E.dir/C_/Users/TECNICA/Raspberry_Pico/Pico/pico-sdk/lib/tinyusb/src/device/usbd.c.obj
                0x10006d9a                dcd_event_bus_reset
 .text.dcd_event_setup_received
                0x10006dc4       0x34 CMakeFiles/FaceID1_1_E.dir/C_/Users/TECNICA/Raspberry_Pico/Pico/pico-sdk/lib/tinyusb/src/device/usbd.c.obj
                0x10006dc4                dcd_event_setup_received
 .text.dcd_event_xfer_complete
                0x10006df8       0x44 CMakeFiles/FaceID1_1_E.dir/C_/Users/TECNICA/Raspberry_Pico/Pico/pico-sdk/lib/tinyusb/src/device/usbd.c.obj
                0x10006df8                dcd_event_xfer_complete
 .text.usbd_edpt_open
                0x10006e3c       0x58 CMakeFiles/FaceID1_1_E.dir/C_/Users/TECNICA/Raspberry_Pico/Pico/pico-sdk/lib/tinyusb/src/device/usbd.c.obj
                0x10006e3c                usbd_edpt_open
 .text.usbd_open_edpt_pair
                0x10006e94       0x8c CMakeFiles/FaceID1_1_E.dir/C_/Users/TECNICA/Raspberry_Pico/Pico/pico-sdk/lib/tinyusb/src/device/usbd.c.obj
                0x10006e94                usbd_open_edpt_pair
 .text.usbd_edpt_claim
                0x10006f20       0x8c CMakeFiles/FaceID1_1_E.dir/C_/Users/TECNICA/Raspberry_Pico/Pico/pico-sdk/lib/tinyusb/src/device/usbd.c.obj
                0x10006f20                usbd_edpt_claim
 .text.usbd_edpt_release
                0x10006fac       0x68 CMakeFiles/FaceID1_1_E.dir/C_/Users/TECNICA/Raspberry_Pico/Pico/pico-sdk/lib/tinyusb/src/device/usbd.c.obj
                0x10006fac                usbd_edpt_release
 .text.usbd_edpt_xfer
                0x10007014       0x80 CMakeFiles/FaceID1_1_E.dir/C_/Users/TECNICA/Raspberry_Pico/Pico/pico-sdk/lib/tinyusb/src/device/usbd.c.obj
                0x10007014                usbd_edpt_xfer
 .text.usbd_edpt_stall
                0x10007094       0x40 CMakeFiles/FaceID1_1_E.dir/C_/Users/TECNICA/Raspberry_Pico/Pico/pico-sdk/lib/tinyusb/src/device/usbd.c.obj
                0x10007094                usbd_edpt_stall
 .text.usbd_edpt_clear_stall
                0x100070d4       0x40 CMakeFiles/FaceID1_1_E.dir/C_/Users/TECNICA/Raspberry_Pico/Pico/pico-sdk/lib/tinyusb/src/device/usbd.c.obj
                0x100070d4                usbd_edpt_clear_stall
 .text.usbd_edpt_stalled
                0x10007114       0x1c CMakeFiles/FaceID1_1_E.dir/C_/Users/TECNICA/Raspberry_Pico/Pico/pico-sdk/lib/tinyusb/src/device/usbd.c.obj
                0x10007114                usbd_edpt_stalled
 .text.process_control_request
                0x10007130      0x3b8 CMakeFiles/FaceID1_1_E.dir/C_/Users/TECNICA/Raspberry_Pico/Pico/pico-sdk/lib/tinyusb/src/device/usbd.c.obj
 .text.tud_task
                0x100074e8      0x218 CMakeFiles/FaceID1_1_E.dir/C_/Users/TECNICA/Raspberry_Pico/Pico/pico-sdk/lib/tinyusb/src/device/usbd.c.obj
                0x100074e8                tud_task
 .text._data_stage_xact
                0x10007700       0x58 CMakeFiles/FaceID1_1_E.dir/C_/Users/TECNICA/Raspberry_Pico/Pico/pico-sdk/lib/tinyusb/src/device/usbd_control.c.obj
 .text.tud_control_status
                0x10007758       0x38 CMakeFiles/FaceID1_1_E.dir/C_/Users/TECNICA/Raspberry_Pico/Pico/pico-sdk/lib/tinyusb/src/device/usbd_control.c.obj
                0x10007758                tud_control_status
 .text.tud_control_xfer
                0x10007790       0xa8 CMakeFiles/FaceID1_1_E.dir/C_/Users/TECNICA/Raspberry_Pico/Pico/pico-sdk/lib/tinyusb/src/device/usbd_control.c.obj
                0x10007790                tud_control_xfer
 .text.usbd_control_reset
                0x10007838       0x14 CMakeFiles/FaceID1_1_E.dir/C_/Users/TECNICA/Raspberry_Pico/Pico/pico-sdk/lib/tinyusb/src/device/usbd_control.c.obj
                0x10007838                usbd_control_reset
 .text.usbd_control_set_complete_callback
                0x1000784c        0xc CMakeFiles/FaceID1_1_E.dir/C_/Users/TECNICA/Raspberry_Pico/Pico/pico-sdk/lib/tinyusb/src/device/usbd_control.c.obj
                0x1000784c                usbd_control_set_complete_callback
 .text.usbd_control_set_request
                0x10007858       0x1c CMakeFiles/FaceID1_1_E.dir/C_/Users/TECNICA/Raspberry_Pico/Pico/pico-sdk/lib/tinyusb/src/device/usbd_control.c.obj
                0x10007858                usbd_control_set_request
 .text.usbd_control_xfer_cb
                0x10007874       0xfc CMakeFiles/FaceID1_1_E.dir/C_/Users/TECNICA/Raspberry_Pico/Pico/pico-sdk/lib/tinyusb/src/device/usbd_control.c.obj
                0x10007874                usbd_control_xfer_cb
 .text._prep_out_transaction
                0x10007970       0x46 CMakeFiles/FaceID1_1_E.dir/C_/Users/TECNICA/Raspberry_Pico/Pico/pico-sdk/lib/tinyusb/src/class/cdc/cdc_device.c.obj
 *fill*         0x100079b6        0x2 
 .text.tud_cdc_n_connected
                0x100079b8       0x44 CMakeFiles/FaceID1_1_E.dir/C_/Users/TECNICA/Raspberry_Pico/Pico/pico-sdk/lib/tinyusb/src/class/cdc/cdc_device.c.obj
                0x100079b8                tud_cdc_n_connected
 .text.tud_cdc_n_available
                0x100079fc       0x18 CMakeFiles/FaceID1_1_E.dir/C_/Users/TECNICA/Raspberry_Pico/Pico/pico-sdk/lib/tinyusb/src/class/cdc/cdc_device.c.obj
                0x100079fc                tud_cdc_n_available
 .text.tud_cdc_n_read
                0x10007a14       0x28 CMakeFiles/FaceID1_1_E.dir/C_/Users/TECNICA/Raspberry_Pico/Pico/pico-sdk/lib/tinyusb/src/class/cdc/cdc_device.c.obj
                0x10007a14                tud_cdc_n_read
 .text.tud_cdc_n_write_flush
                0x10007a3c       0xcc CMakeFiles/FaceID1_1_E.dir/C_/Users/TECNICA/Raspberry_Pico/Pico/pico-sdk/lib/tinyusb/src/class/cdc/cdc_device.c.obj
                0x10007a3c                tud_cdc_n_write_flush
 .text.tud_cdc_n_write
                0x10007b08       0x38 CMakeFiles/FaceID1_1_E.dir/C_/Users/TECNICA/Raspberry_Pico/Pico/pico-sdk/lib/tinyusb/src/class/cdc/cdc_device.c.obj
                0x10007b08                tud_cdc_n_write
 .text.tud_cdc_n_write_available
                0x10007b40       0x1c CMakeFiles/FaceID1_1_E.dir/C_/Users/TECNICA/Raspberry_Pico/Pico/pico-sdk/lib/tinyusb/src/class/cdc/cdc_device.c.obj
                0x10007b40                tud_cdc_n_write_available
 .text.cdcd_init
                0x10007b5c       0xbc CMakeFiles/FaceID1_1_E.dir/C_/Users/TECNICA/Raspberry_Pico/Pico/pico-sdk/lib/tinyusb/src/class/cdc/cdc_device.c.obj
                0x10007b5c                cdcd_init
 .text.cdcd_reset
                0x10007c18       0x44 CMakeFiles/FaceID1_1_E.dir/C_/Users/TECNICA/Raspberry_Pico/Pico/pico-sdk/lib/tinyusb/src/class/cdc/cdc_device.c.obj
                0x10007c18                cdcd_reset
 .text.cdcd_open
                0x10007c5c       0xf8 CMakeFiles/FaceID1_1_E.dir/C_/Users/TECNICA/Raspberry_Pico/Pico/pico-sdk/lib/tinyusb/src/class/cdc/cdc_device.c.obj
                0x10007c5c                cdcd_open
 .text.cdcd_control_xfer_cb
                0x10007d54      0x134 CMakeFiles/FaceID1_1_E.dir/C_/Users/TECNICA/Raspberry_Pico/Pico/pico-sdk/lib/tinyusb/src/class/cdc/cdc_device.c.obj
                0x10007d54                cdcd_control_xfer_cb
 .text.cdcd_xfer_cb
                0x10007e88      0x144 CMakeFiles/FaceID1_1_E.dir/C_/Users/TECNICA/Raspberry_Pico/Pico/pico-sdk/lib/tinyusb/src/class/cdc/cdc_device.c.obj
                0x10007e88                cdcd_xfer_cb
 .text.tusb_init
                0x10007fcc       0x24 CMakeFiles/FaceID1_1_E.dir/C_/Users/TECNICA/Raspberry_Pico/Pico/pico-sdk/lib/tinyusb/src/tusb.c.obj
                0x10007fcc                tusb_init
 .text.tusb_inited
                0x10007ff0        0xe CMakeFiles/FaceID1_1_E.dir/C_/Users/TECNICA/Raspberry_Pico/Pico/pico-sdk/lib/tinyusb/src/tusb.c.obj
                0x10007ff0                tusb_inited
 *fill*         0x10007ffe        0x2 
 .text.tu_edpt_validate
                0x10008000       0xa8 CMakeFiles/FaceID1_1_E.dir/C_/Users/TECNICA/Raspberry_Pico/Pico/pico-sdk/lib/tinyusb/src/tusb.c.obj
                0x10008000                tu_edpt_validate
 .text.tu_edpt_bind_driver
                0x100080a8       0x2a CMakeFiles/FaceID1_1_E.dir/C_/Users/TECNICA/Raspberry_Pico/Pico/pico-sdk/lib/tinyusb/src/tusb.c.obj
                0x100080a8                tu_edpt_bind_driver
 .text.advance_pointer
                0x100080d2       0x18 CMakeFiles/FaceID1_1_E.dir/C_/Users/TECNICA/Raspberry_Pico/Pico/pico-sdk/lib/tinyusb/src/common/tusb_fifo.c.obj
 .text.backward_pointer
                0x100080ea       0x1e CMakeFiles/FaceID1_1_E.dir/C_/Users/TECNICA/Raspberry_Pico/Pico/pico-sdk/lib/tinyusb/src/common/tusb_fifo.c.obj
 .text.get_relative_pointer
                0x10008108       0x10 CMakeFiles/FaceID1_1_E.dir/C_/Users/TECNICA/Raspberry_Pico/Pico/pico-sdk/lib/tinyusb/src/common/tusb_fifo.c.obj
 .text._tu_fifo_peek
                0x10008118       0x50 CMakeFiles/FaceID1_1_E.dir/C_/Users/TECNICA/Raspberry_Pico/Pico/pico-sdk/lib/tinyusb/src/common/tusb_fifo.c.obj
 .text._ff_pull_const_addr
                0x10008168       0x4c CMakeFiles/FaceID1_1_E.dir/C_/Users/TECNICA/Raspberry_Pico/Pico/pico-sdk/lib/tinyusb/src/common/tusb_fifo.c.obj
 .text._ff_pull_n
                0x100081b4      0x10c CMakeFiles/FaceID1_1_E.dir/C_/Users/TECNICA/Raspberry_Pico/Pico/pico-sdk/lib/tinyusb/src/common/tusb_fifo.c.obj
 .text._tu_fifo_peek_n
                0x100082c0       0x5e CMakeFiles/FaceID1_1_E.dir/C_/Users/TECNICA/Raspberry_Pico/Pico/pico-sdk/lib/tinyusb/src/common/tusb_fifo.c.obj
 .text._tu_fifo_read_n
                0x1000831e       0x4e CMakeFiles/FaceID1_1_E.dir/C_/Users/TECNICA/Raspberry_Pico/Pico/pico-sdk/lib/tinyusb/src/common/tusb_fifo.c.obj
 .text._ff_push_const_addr
                0x1000836c       0x40 CMakeFiles/FaceID1_1_E.dir/C_/Users/TECNICA/Raspberry_Pico/Pico/pico-sdk/lib/tinyusb/src/common/tusb_fifo.c.obj
 .text._ff_push_n
                0x100083ac      0x108 CMakeFiles/FaceID1_1_E.dir/C_/Users/TECNICA/Raspberry_Pico/Pico/pico-sdk/lib/tinyusb/src/common/tusb_fifo.c.obj
 .text._tu_fifo_write_n
                0x100084b4       0x9e CMakeFiles/FaceID1_1_E.dir/C_/Users/TECNICA/Raspberry_Pico/Pico/pico-sdk/lib/tinyusb/src/common/tusb_fifo.c.obj
 .text.tu_fifo_config
                0x10008552       0x72 CMakeFiles/FaceID1_1_E.dir/C_/Users/TECNICA/Raspberry_Pico/Pico/pico-sdk/lib/tinyusb/src/common/tusb_fifo.c.obj
                0x10008552                tu_fifo_config
 .text.tu_fifo_count
                0x100085c4       0x26 CMakeFiles/FaceID1_1_E.dir/C_/Users/TECNICA/Raspberry_Pico/Pico/pico-sdk/lib/tinyusb/src/common/tusb_fifo.c.obj
                0x100085c4                tu_fifo_count
 .text.tu_fifo_empty
                0x100085ea       0x10 CMakeFiles/FaceID1_1_E.dir/C_/Users/TECNICA/Raspberry_Pico/Pico/pico-sdk/lib/tinyusb/src/common/tusb_fifo.c.obj
                0x100085ea                tu_fifo_empty
 .text.tu_fifo_remaining
                0x100085fa       0x20 CMakeFiles/FaceID1_1_E.dir/C_/Users/TECNICA/Raspberry_Pico/Pico/pico-sdk/lib/tinyusb/src/common/tusb_fifo.c.obj
                0x100085fa                tu_fifo_remaining
 .text.tu_fifo_read
                0x1000861a       0x42 CMakeFiles/FaceID1_1_E.dir/C_/Users/TECNICA/Raspberry_Pico/Pico/pico-sdk/lib/tinyusb/src/common/tusb_fifo.c.obj
                0x1000861a                tu_fifo_read
 .text.tu_fifo_read_n
                0x1000865c        0xa CMakeFiles/FaceID1_1_E.dir/C_/Users/TECNICA/Raspberry_Pico/Pico/pico-sdk/lib/tinyusb/src/common/tusb_fifo.c.obj
                0x1000865c                tu_fifo_read_n
 .text.tu_fifo_write
                0x10008666       0x6c CMakeFiles/FaceID1_1_E.dir/C_/Users/TECNICA/Raspberry_Pico/Pico/pico-sdk/lib/tinyusb/src/common/tusb_fifo.c.obj
                0x10008666                tu_fifo_write
 .text.tu_fifo_write_n
                0x100086d2        0xa CMakeFiles/FaceID1_1_E.dir/C_/Users/TECNICA/Raspberry_Pico/Pico/pico-sdk/lib/tinyusb/src/common/tusb_fifo.c.obj
                0x100086d2                tu_fifo_write_n
 .text.tu_fifo_clear
                0x100086dc       0x4c CMakeFiles/FaceID1_1_E.dir/C_/Users/TECNICA/Raspberry_Pico/Pico/pico-sdk/lib/tinyusb/src/common/tusb_fifo.c.obj
                0x100086dc                tu_fifo_clear
 .text.tu_fifo_set_overwritable
                0x10008728       0x3c CMakeFiles/FaceID1_1_E.dir/C_/Users/TECNICA/Raspberry_Pico/Pico/pico-sdk/lib/tinyusb/src/common/tusb_fifo.c.obj
                0x10008728                tu_fifo_set_overwritable
 .text._retrieve_unique_id_on_boot
                0x10008764       0x10 CMakeFiles/FaceID1_1_E.dir/C_/Users/TECNICA/Raspberry_Pico/Pico/pico-sdk/src/rp2_common/pico_unique_id/unique_id.c.obj
 .text.pico_get_unique_board_id_string
                0x10008774       0x60 CMakeFiles/FaceID1_1_E.dir/C_/Users/TECNICA/Raspberry_Pico/Pico/pico-sdk/src/rp2_common/pico_unique_id/unique_id.c.obj
                0x10008774                pico_get_unique_board_id_string
 .text.flash_get_unique_id
                0x100087d4       0x46 CMakeFiles/FaceID1_1_E.dir/C_/Users/TECNICA/Raspberry_Pico/Pico/pico-sdk/src/rp2_common/hardware_flash/flash.c.obj
                0x100087d4                flash_get_unique_id
 *fill*         0x1000881a        0x2 
 .text.strlen   0x1000881c       0x5c c:/progra~2/gnuarm~1/102020~1/bin/../lib/gcc/arm-none-eabi/10.2.1/../../../../arm-none-eabi/lib/thumb/v6-m/nofp\libg.a(lib_a-strlen-stub.o)
                0x1000881c                strlen
 *(.fini)
 .fini          0x10008878        0x4 c:/progra~2/gnuarm~1/102020~1/bin/../lib/gcc/arm-none-eabi/10.2.1/thumb/v6-m/nofp/crti.o
                0x10008878                _fini
 *fill*         0x1000887c        0x4 
 .fini.__stub   0x10008880       0x70 linker stubs
 *crtbegin.o(.ctors)
 *crtbegin?.o(.ctors)
 *(EXCLUDE_FILE(*crtend.o *crtend?.o) .ctors)
 *(SORT_BY_NAME(.ctors.*))
 *(.ctors)
 *crtbegin.o(.dtors)
 *crtbegin?.o(.dtors)
 *(EXCLUDE_FILE(*crtend.o *crtend?.o) .dtors)
 *(SORT_BY_NAME(.dtors.*))
 *(.dtors)
 *(.eh_frame*)
 .eh_frame      0x100088f0        0x0 c:/progra~2/gnuarm~1/102020~1/bin/../lib/gcc/arm-none-eabi/10.2.1/thumb/v6-m/nofp/crtbegin.o
                0x100088f0                . = ALIGN (0x4)

.glue_7         0x100088f0        0x0
 .glue_7        0x100088f0        0x0 linker stubs

.glue_7t        0x100088f0        0x0
 .glue_7t       0x100088f0        0x0 linker stubs

.vfp11_veneer   0x100088f0        0x0
 .vfp11_veneer  0x100088f0        0x0 linker stubs

.v4_bx          0x100088f0        0x0
 .v4_bx         0x100088f0        0x0 linker stubs

.iplt           0x100088f0        0x0
 .iplt          0x100088f0        0x0 c:/progra~2/gnuarm~1/102020~1/bin/../lib/gcc/arm-none-eabi/10.2.1/thumb/v6-m/nofp/crtbegin.o

.rodata         0x100088f0     0x19a8
 *(EXCLUDE_FILE(*libm.a: *libc.a:*lib_a-mem*.o *libgcc.a:) .rodata*)
 .rodata.RX_TX.str1.4
                0x100088f0       0x7c CMakeFiles/FaceID1_1_E.dir/src/main.c.obj
 .rodata.RX_TX  0x1000896c       0xcc CMakeFiles/FaceID1_1_E.dir/src/main.c.obj
 .rodata.loop.str1.4
                0x10008a38        0xa CMakeFiles/FaceID1_1_E.dir/src/main.c.obj
 *fill*         0x10008a42        0x2 
 .rodata.spin_lock_claim_unused.str1.4
                0x10008a44       0x1b CMakeFiles/FaceID1_1_E.dir/C_/Users/TECNICA/Raspberry_Pico/Pico/pico-sdk/src/rp2_common/hardware_sync/sync.c.obj
 *fill*         0x10008a5f        0x1 
 .rodata.make_branch.str1.4
                0x10008a60       0x80 CMakeFiles/FaceID1_1_E.dir/C_/Users/TECNICA/Raspberry_Pico/Pico/pico-sdk/src/rp2_common/hardware_irq/irq.c.obj
 .rodata.insert_branch_and_link.str1.4
                0x10008ae0       0x10 CMakeFiles/FaceID1_1_E.dir/C_/Users/TECNICA/Raspberry_Pico/Pico/pico-sdk/src/rp2_common/hardware_irq/irq.c.obj
 .rodata.irq_set_exclusive_handler.str1.4
                0x10008af0       0x36 CMakeFiles/FaceID1_1_E.dir/C_/Users/TECNICA/Raspberry_Pico/Pico/pico-sdk/src/rp2_common/hardware_irq/irq.c.obj
 *fill*         0x10008b26        0x2 
 .rodata.irq_add_shared_handler.str1.4
                0x10008b28       0xd9 CMakeFiles/FaceID1_1_E.dir/C_/Users/TECNICA/Raspberry_Pico/Pico/pico-sdk/src/rp2_common/hardware_irq/irq.c.obj
 *fill*         0x10008c01        0x3 
 .rodata.irq_remove_handler.str1.4
                0x10008c04       0x2a CMakeFiles/FaceID1_1_E.dir/C_/Users/TECNICA/Raspberry_Pico/Pico/pico-sdk/src/rp2_common/hardware_irq/irq.c.obj
 *fill*         0x10008c2e        0x2 
 .rodata.irq_add_tail_to_free_list.str1.4
                0x10008c30       0x3a CMakeFiles/FaceID1_1_E.dir/C_/Users/TECNICA/Raspberry_Pico/Pico/pico-sdk/src/rp2_common/hardware_irq/irq.c.obj
 *fill*         0x10008c6a        0x2 
 .rodata.user_irq_claim_unused.str1.4
                0x10008c6c       0x1b CMakeFiles/FaceID1_1_E.dir/C_/Users/TECNICA/Raspberry_Pico/Pico/pico-sdk/src/rp2_common/hardware_irq/irq.c.obj
 *fill*         0x10008c87        0x1 
 .rodata.__func__.0
                0x10008c88       0x1a CMakeFiles/FaceID1_1_E.dir/C_/Users/TECNICA/Raspberry_Pico/Pico/pico-sdk/src/rp2_common/hardware_irq/irq.c.obj
 *fill*         0x10008ca2        0x2 
 .rodata.__func__.1
                0x10008ca4       0x17 CMakeFiles/FaceID1_1_E.dir/C_/Users/TECNICA/Raspberry_Pico/Pico/pico-sdk/src/rp2_common/hardware_irq/irq.c.obj
 *fill*         0x10008cbb        0x1 
 .rodata.__func__.2
                0x10008cbc       0x13 CMakeFiles/FaceID1_1_E.dir/C_/Users/TECNICA/Raspberry_Pico/Pico/pico-sdk/src/rp2_common/hardware_irq/irq.c.obj
 *fill*         0x10008ccf        0x1 
 .rodata.__func__.3
                0x10008cd0        0xc CMakeFiles/FaceID1_1_E.dir/C_/Users/TECNICA/Raspberry_Pico/Pico/pico-sdk/src/rp2_common/hardware_irq/irq.c.obj
 .rodata.__func__.4
                0x10008cdc        0xf CMakeFiles/FaceID1_1_E.dir/C_/Users/TECNICA/Raspberry_Pico/Pico/pico-sdk/src/rp2_common/hardware_irq/irq.c.obj
 *fill*         0x10008ceb        0x1 
 .rodata.__func__.5
                0x10008cec       0x17 CMakeFiles/FaceID1_1_E.dir/C_/Users/TECNICA/Raspberry_Pico/Pico/pico-sdk/src/rp2_common/hardware_irq/irq.c.obj
 *fill*         0x10008d03        0x1 
 .rodata.__func__.6
                0x10008d04       0x1a CMakeFiles/FaceID1_1_E.dir/C_/Users/TECNICA/Raspberry_Pico/Pico/pico-sdk/src/rp2_common/hardware_irq/irq.c.obj
 *fill*         0x10008d1e        0x2 
 .rodata.repeating_timer_callback.str1.4
                0x10008d20       0x5e CMakeFiles/FaceID1_1_E.dir/C_/Users/TECNICA/Raspberry_Pico/Pico/pico-sdk/src/common/pico_time/time.c.obj
 *fill*         0x10008d7e        0x2 
 .rodata.alarm_pool_dump_key.str1.4
                0x10008d80       0x33 CMakeFiles/FaceID1_1_E.dir/C_/Users/TECNICA/Raspberry_Pico/Pico/pico-sdk/src/common/pico_time/time.c.obj
 *fill*         0x10008db3        0x1 
 .rodata.ph_add_child_node.str1.4
                0x10008db4       0xaa CMakeFiles/FaceID1_1_E.dir/C_/Users/TECNICA/Raspberry_Pico/Pico/pico-sdk/src/common/pico_time/time.c.obj
 *fill*         0x10008e5e        0x2 
 .rodata.add_alarm_under_lock.str1.4
                0x10008e60       0x28 CMakeFiles/FaceID1_1_E.dir/C_/Users/TECNICA/Raspberry_Pico/Pico/pico-sdk/src/common/pico_time/time.c.obj
                                 0x2b (size before relaxing)
 .rodata.alarm_pool_alarm_callback.str1.4
                0x10008e88       0xf6 CMakeFiles/FaceID1_1_E.dir/C_/Users/TECNICA/Raspberry_Pico/Pico/pico-sdk/src/common/pico_time/time.c.obj
 *fill*         0x10008f7e        0x2 
 .rodata.alarm_pool_get_default.str1.4
                0x10008f80       0x21 CMakeFiles/FaceID1_1_E.dir/C_/Users/TECNICA/Raspberry_Pico/Pico/pico-sdk/src/common/pico_time/time.c.obj
 *fill*         0x10008fa1        0x3 
 .rodata.alarm_pool_cancel_alarm.str1.4
                0x10008fa4       0x27 CMakeFiles/FaceID1_1_E.dir/C_/Users/TECNICA/Raspberry_Pico/Pico/pico-sdk/src/common/pico_time/time.c.obj
 *fill*         0x10008fcb        0x1 
 .rodata.sleep_until.str1.4
                0x10008fcc       0x4d CMakeFiles/FaceID1_1_E.dir/C_/Users/TECNICA/Raspberry_Pico/Pico/pico-sdk/src/common/pico_time/time.c.obj
 *fill*         0x10009019        0x3 
 .rodata.__func__.1
                0x1000901c       0x18 CMakeFiles/FaceID1_1_E.dir/C_/Users/TECNICA/Raspberry_Pico/Pico/pico-sdk/src/common/pico_time/time.c.obj
 .rodata.__func__.10
                0x10009034       0x15 CMakeFiles/FaceID1_1_E.dir/C_/Users/TECNICA/Raspberry_Pico/Pico/pico-sdk/src/common/pico_time/time.c.obj
 *fill*         0x10009049        0x3 
 .rodata.__func__.11
                0x1000904c       0x1a CMakeFiles/FaceID1_1_E.dir/C_/Users/TECNICA/Raspberry_Pico/Pico/pico-sdk/src/common/pico_time/time.c.obj
 *fill*         0x10009066        0x2 
 .rodata.__func__.12
                0x10009068        0xa CMakeFiles/FaceID1_1_E.dir/C_/Users/TECNICA/Raspberry_Pico/Pico/pico-sdk/src/common/pico_time/time.c.obj
 *fill*         0x10009072        0x2 
 .rodata.__func__.3
                0x10009074       0x17 CMakeFiles/FaceID1_1_E.dir/C_/Users/TECNICA/Raspberry_Pico/Pico/pico-sdk/src/common/pico_time/time.c.obj
 *fill*         0x1000908b        0x1 
 .rodata.__func__.4
                0x1000908c       0x12 CMakeFiles/FaceID1_1_E.dir/C_/Users/TECNICA/Raspberry_Pico/Pico/pico-sdk/src/common/pico_time/time.c.obj
 *fill*         0x1000909e        0x2 
 .rodata.__func__.5
                0x100090a0        0xd CMakeFiles/FaceID1_1_E.dir/C_/Users/TECNICA/Raspberry_Pico/Pico/pico-sdk/src/common/pico_time/time.c.obj
 *fill*         0x100090ad        0x3 
 .rodata.__func__.6
                0x100090b0       0x12 CMakeFiles/FaceID1_1_E.dir/C_/Users/TECNICA/Raspberry_Pico/Pico/pico-sdk/src/common/pico_time/time.c.obj
 *fill*         0x100090c2        0x2 
 .rodata.__func__.7
                0x100090c4        0xf CMakeFiles/FaceID1_1_E.dir/C_/Users/TECNICA/Raspberry_Pico/Pico/pico-sdk/src/common/pico_time/time.c.obj
 *fill*         0x100090d3        0x1 
 .rodata.__func__.8
                0x100090d4        0xc CMakeFiles/FaceID1_1_E.dir/C_/Users/TECNICA/Raspberry_Pico/Pico/pico-sdk/src/common/pico_time/time.c.obj
 .rodata.__func__.9
                0x100090e0       0x15 CMakeFiles/FaceID1_1_E.dir/C_/Users/TECNICA/Raspberry_Pico/Pico/pico-sdk/src/common/pico_time/time.c.obj
 *fill*         0x100090f5        0x3 
 .rodata.hardware_alarm_claim.str1.4
                0x100090f8       0x22 CMakeFiles/FaceID1_1_E.dir/C_/Users/TECNICA/Raspberry_Pico/Pico/pico-sdk/src/rp2_common/hardware_timer/timer.c.obj
 *fill*         0x1000911a        0x2 
 .rodata.hardware_alarm_set_target.str1.4
                0x1000911c       0x78 CMakeFiles/FaceID1_1_E.dir/C_/Users/TECNICA/Raspberry_Pico/Pico/pico-sdk/src/rp2_common/hardware_timer/timer.c.obj
 .rodata.__func__.0
                0x10009194       0x1a CMakeFiles/FaceID1_1_E.dir/C_/Users/TECNICA/Raspberry_Pico/Pico/pico-sdk/src/rp2_common/hardware_timer/timer.c.obj
 .rodata.ph_add_child_node.str1.4
                0x100091ae       0xaa CMakeFiles/FaceID1_1_E.dir/C_/Users/TECNICA/Raspberry_Pico/Pico/pico-sdk/src/common/pico_util/pheap.c.obj
 *fill*         0x100091ae        0x2 
 .rodata.ph_remove_any_head.str1.4
                0x100091b0       0xa0 CMakeFiles/FaceID1_1_E.dir/C_/Users/TECNICA/Raspberry_Pico/Pico/pico-sdk/src/common/pico_util/pheap.c.obj
 .rodata.ph_remove_and_free_node.str1.4
                0x10009250       0x1e CMakeFiles/FaceID1_1_E.dir/C_/Users/TECNICA/Raspberry_Pico/Pico/pico-sdk/src/common/pico_util/pheap.c.obj
                                 0x26 (size before relaxing)
 *fill*         0x1000926e        0x2 
 .rodata.__func__.0
                0x10009270       0x18 CMakeFiles/FaceID1_1_E.dir/C_/Users/TECNICA/Raspberry_Pico/Pico/pico-sdk/src/common/pico_util/pheap.c.obj
 .rodata.__func__.1
                0x10009288       0x13 CMakeFiles/FaceID1_1_E.dir/C_/Users/TECNICA/Raspberry_Pico/Pico/pico-sdk/src/common/pico_util/pheap.c.obj
 *fill*         0x1000929b        0x1 
 .rodata.__func__.2
                0x1000929c       0x12 CMakeFiles/FaceID1_1_E.dir/C_/Users/TECNICA/Raspberry_Pico/Pico/pico-sdk/src/common/pico_util/pheap.c.obj
 *fill*         0x100092ae        0x2 
 .rodata.__func__.3
                0x100092b0        0xc CMakeFiles/FaceID1_1_E.dir/C_/Users/TECNICA/Raspberry_Pico/Pico/pico-sdk/src/common/pico_util/pheap.c.obj
 .rodata.str1.4
                0x100092bc       0x9d CMakeFiles/FaceID1_1_E.dir/C_/Users/TECNICA/Raspberry_Pico/Pico/pico-sdk/src/common/pico_sync/mutex.c.obj
                                0x111 (size before relaxing)
 *fill*         0x10009359        0x3 
 .rodata.__func__.1
                0x1000935c        0xb CMakeFiles/FaceID1_1_E.dir/C_/Users/TECNICA/Raspberry_Pico/Pico/pico-sdk/src/common/pico_sync/mutex.c.obj
 *fill*         0x10009367        0x1 
 .rodata.__func__.3
                0x10009368       0x18 CMakeFiles/FaceID1_1_E.dir/C_/Users/TECNICA/Raspberry_Pico/Pico/pico-sdk/src/common/pico_sync/mutex.c.obj
 .rodata.__func__.4
                0x10009380       0x15 CMakeFiles/FaceID1_1_E.dir/C_/Users/TECNICA/Raspberry_Pico/Pico/pico-sdk/src/common/pico_sync/mutex.c.obj
 *fill*         0x10009395        0x3 
 .rodata.__assert_func.str1.4
                0x10009398       0x3f CMakeFiles/FaceID1_1_E.dir/C_/Users/TECNICA/Raspberry_Pico/Pico/pico-sdk/src/rp2_common/pico_runtime/runtime.c.obj
                                 0x43 (size before relaxing)
 *fill*         0x100093d7        0x1 
 .rodata.runtime_init.str1.4
                0x100093d8       0x74 CMakeFiles/FaceID1_1_E.dir/C_/Users/TECNICA/Raspberry_Pico/Pico/pico-sdk/src/rp2_common/pico_runtime/runtime.c.obj
 .rodata.panic.str1.4
                0x1000944c       0x12 CMakeFiles/FaceID1_1_E.dir/C_/Users/TECNICA/Raspberry_Pico/Pico/pico-sdk/src/rp2_common/pico_runtime/runtime.c.obj
 *fill*         0x1000945e        0x2 
 .rodata.__func__.1
                0x10009460        0xd CMakeFiles/FaceID1_1_E.dir/C_/Users/TECNICA/Raspberry_Pico/Pico/pico-sdk/src/rp2_common/pico_runtime/runtime.c.obj
 *fill*         0x1000946d        0x3 
 .rodata.clock_configure.str1.4
                0x10009470       0x6a CMakeFiles/FaceID1_1_E.dir/C_/Users/TECNICA/Raspberry_Pico/Pico/pico-sdk/src/rp2_common/hardware_clocks/clocks.c.obj
 *fill*         0x100094da        0x2 
 .rodata.__func__.1
                0x100094dc       0x10 CMakeFiles/FaceID1_1_E.dir/C_/Users/TECNICA/Raspberry_Pico/Pico/pico-sdk/src/rp2_common/hardware_clocks/clocks.c.obj
 .rodata.pll_init.str1.4
                0x100094ec      0x14b CMakeFiles/FaceID1_1_E.dir/C_/Users/TECNICA/Raspberry_Pico/Pico/pico-sdk/src/rp2_common/hardware_pll/pll.c.obj
 *fill*         0x10009637        0x1 
 .rodata.__func__.0
                0x10009638        0x9 CMakeFiles/FaceID1_1_E.dir/C_/Users/TECNICA/Raspberry_Pico/Pico/pico-sdk/src/rp2_common/hardware_pll/pll.c.obj
 *fill*         0x10009641        0x3 
 .rodata._ftoa.str1.4
                0x10009644       0x15 CMakeFiles/FaceID1_1_E.dir/C_/Users/TECNICA/Raspberry_Pico/Pico/pico-sdk/src/rp2_common/pico_printf/printf.c.obj
 *fill*         0x10009659        0x3 
 .rodata._vsnprintf
                0x1000965c      0x1e0 CMakeFiles/FaceID1_1_E.dir/C_/Users/TECNICA/Raspberry_Pico/Pico/pico-sdk/src/rp2_common/pico_printf/printf.c.obj
 *fill*         0x1000983c        0x4 
 .rodata.pow10.0
                0x10009840       0x50 CMakeFiles/FaceID1_1_E.dir/C_/Users/TECNICA/Raspberry_Pico/Pico/pico-sdk/src/rp2_common/pico_printf/printf.c.obj
 .rodata.__aeabi_double_init.str1.4
                0x10009890       0xbb CMakeFiles/FaceID1_1_E.dir/C_/Users/TECNICA/Raspberry_Pico/Pico/pico-sdk/src/rp2_common/pico_double/double_init_rom.c.obj
 *fill*         0x1000994b        0x1 
 .rodata.__func__.0
                0x1000994c       0x14 CMakeFiles/FaceID1_1_E.dir/C_/Users/TECNICA/Raspberry_Pico/Pico/pico-sdk/src/rp2_common/pico_double/double_init_rom.c.obj
 .rodata.__aeabi_float_init.str1.4
                0x10009960       0x8d CMakeFiles/FaceID1_1_E.dir/C_/Users/TECNICA/Raspberry_Pico/Pico/pico-sdk/src/rp2_common/pico_float/float_init_rom.c.obj
                                 0x91 (size before relaxing)
 *fill*         0x100099ed        0x3 
 .rodata.__func__.0
                0x100099f0       0x13 CMakeFiles/FaceID1_1_E.dir/C_/Users/TECNICA/Raspberry_Pico/Pico/pico-sdk/src/rp2_common/pico_float/float_init_rom.c.obj
 *fill*         0x10009a03        0x1 
 .rodata.str1.4
                0x10009a04       0x44 CMakeFiles/FaceID1_1_E.dir/C_/Users/TECNICA/Raspberry_Pico/Pico/pico-sdk/src/rp2_common/pico_standard_link/binary_info.c.obj
 .rodata.__bi_44
                0x10009a48        0xc CMakeFiles/FaceID1_1_E.dir/C_/Users/TECNICA/Raspberry_Pico/Pico/pico-sdk/src/rp2_common/pico_standard_link/binary_info.c.obj
 .rodata.__bi_56
                0x10009a54        0xc CMakeFiles/FaceID1_1_E.dir/C_/Users/TECNICA/Raspberry_Pico/Pico/pico-sdk/src/rp2_common/pico_standard_link/binary_info.c.obj
 .rodata.__bi_75
                0x10009a60        0xc CMakeFiles/FaceID1_1_E.dir/C_/Users/TECNICA/Raspberry_Pico/Pico/pico-sdk/src/rp2_common/pico_standard_link/binary_info.c.obj
 .rodata.__bi_81
                0x10009a6c        0xc CMakeFiles/FaceID1_1_E.dir/C_/Users/TECNICA/Raspberry_Pico/Pico/pico-sdk/src/rp2_common/pico_standard_link/binary_info.c.obj
 .rodata.crlf_str.3
                0x10009a78        0x2 CMakeFiles/FaceID1_1_E.dir/C_/Users/TECNICA/Raspberry_Pico/Pico/pico-sdk/src/rp2_common/pico_stdio/stdio.c.obj
 *fill*         0x10009a7a        0x2 
 .rodata.str1.4
                0x10009a7c       0x2c CMakeFiles/FaceID1_1_E.dir/C_/Users/TECNICA/Raspberry_Pico/Pico/pico-sdk/src/rp2_common/pico_stdio_uart/stdio_uart.c.obj
 .rodata.__bi_28.4
                0x10009aa8        0xc CMakeFiles/FaceID1_1_E.dir/C_/Users/TECNICA/Raspberry_Pico/Pico/pico-sdk/src/rp2_common/pico_stdio_uart/stdio_uart.c.obj
 .rodata.__bi_29.5
                0x10009ab4        0x8 CMakeFiles/FaceID1_1_E.dir/C_/Users/TECNICA/Raspberry_Pico/Pico/pico-sdk/src/rp2_common/pico_stdio_uart/stdio_uart.c.obj
 .rodata._resetd_driver
                0x10009abc       0x18 CMakeFiles/FaceID1_1_E.dir/C_/Users/TECNICA/Raspberry_Pico/Pico/pico-sdk/src/rp2_common/pico_stdio_usb/reset_interface.c.obj
 .rodata.timer_task.str1.4
                0x10009ad4       0x80 CMakeFiles/FaceID1_1_E.dir/C_/Users/TECNICA/Raspberry_Pico/Pico/pico-sdk/src/rp2_common/pico_stdio_usb/stdio_usb.c.obj
 .rodata.stdio_usb_init.str1.4
                0x10009b54       0x74 CMakeFiles/FaceID1_1_E.dir/C_/Users/TECNICA/Raspberry_Pico/Pico/pico-sdk/src/rp2_common/pico_stdio_usb/stdio_usb.c.obj
 .rodata.str1.4
                0x10009b54       0x13 CMakeFiles/FaceID1_1_E.dir/C_/Users/TECNICA/Raspberry_Pico/Pico/pico-sdk/src/rp2_common/pico_stdio_usb/stdio_usb.c.obj
 *fill*         0x10009b67        0x1 
 .rodata.__bi_118.2
                0x10009b68        0xc CMakeFiles/FaceID1_1_E.dir/C_/Users/TECNICA/Raspberry_Pico/Pico/pico-sdk/src/rp2_common/pico_stdio_usb/stdio_usb.c.obj
 .rodata.__func__.0
                0x10009b74       0x15 CMakeFiles/FaceID1_1_E.dir/C_/Users/TECNICA/Raspberry_Pico/Pico/pico-sdk/src/rp2_common/pico_stdio_usb/stdio_usb.c.obj
 *fill*         0x10009b89        0x3 
 .rodata.__func__.1
                0x10009b8c        0xb CMakeFiles/FaceID1_1_E.dir/C_/Users/TECNICA/Raspberry_Pico/Pico/pico-sdk/src/rp2_common/pico_stdio_usb/stdio_usb.c.obj
 *fill*         0x10009b97        0x1 
 .rodata.str1.4
                0x10009b98       0x2a CMakeFiles/FaceID1_1_E.dir/C_/Users/TECNICA/Raspberry_Pico/Pico/pico-sdk/src/rp2_common/pico_stdio_usb/stdio_usb_descriptors.c.obj
 *fill*         0x10009bc2        0x2 
 .rodata.usbd_desc_cfg
                0x10009bc4       0x54 CMakeFiles/FaceID1_1_E.dir/C_/Users/TECNICA/Raspberry_Pico/Pico/pico-sdk/src/rp2_common/pico_stdio_usb/stdio_usb_descriptors.c.obj
 .rodata.usbd_desc_device
                0x10009c18       0x12 CMakeFiles/FaceID1_1_E.dir/C_/Users/TECNICA/Raspberry_Pico/Pico/pico-sdk/src/rp2_common/pico_stdio_usb/stdio_usb_descriptors.c.obj
 *fill*         0x10009c2a        0x2 
 .rodata.usbd_desc_str
                0x10009c2c       0x18 CMakeFiles/FaceID1_1_E.dir/C_/Users/TECNICA/Raspberry_Pico/Pico/pico-sdk/src/rp2_common/pico_stdio_usb/stdio_usb_descriptors.c.obj
 .rodata._hw_endpoint_alloc.str1.4
                0x10009c44       0xc9 CMakeFiles/FaceID1_1_E.dir/C_/Users/TECNICA/Raspberry_Pico/Pico/pico-sdk/lib/tinyusb/src/portable/raspberrypi/rp2040/dcd_rp2040.c.obj
 *fill*         0x10009d0d        0x3 
 .rodata.dcd_rp2040_irq.str1.4
                0x10009d10       0x14 CMakeFiles/FaceID1_1_E.dir/C_/Users/TECNICA/Raspberry_Pico/Pico/pico-sdk/lib/tinyusb/src/portable/raspberrypi/rp2040/dcd_rp2040.c.obj
 .rodata.dcd_int_enable.str1.4
                0x10009d24        0xc CMakeFiles/FaceID1_1_E.dir/C_/Users/TECNICA/Raspberry_Pico/Pico/pico-sdk/lib/tinyusb/src/portable/raspberrypi/rp2040/dcd_rp2040.c.obj
 .rodata.__func__.0
                0x10009d30        0xe CMakeFiles/FaceID1_1_E.dir/C_/Users/TECNICA/Raspberry_Pico/Pico/pico-sdk/lib/tinyusb/src/portable/raspberrypi/rp2040/dcd_rp2040.c.obj
 *fill*         0x10009d3e        0x2 
 .rodata.__func__.1
                0x10009d40        0xe CMakeFiles/FaceID1_1_E.dir/C_/Users/TECNICA/Raspberry_Pico/Pico/pico-sdk/lib/tinyusb/src/portable/raspberrypi/rp2040/dcd_rp2040.c.obj
 *fill*         0x10009d4e        0x2 
 .rodata.__func__.3
                0x10009d50       0x10 CMakeFiles/FaceID1_1_E.dir/C_/Users/TECNICA/Raspberry_Pico/Pico/pico-sdk/lib/tinyusb/src/portable/raspberrypi/rp2040/dcd_rp2040.c.obj
 .rodata.__func__.5
                0x10009d60        0xf CMakeFiles/FaceID1_1_E.dir/C_/Users/TECNICA/Raspberry_Pico/Pico/pico-sdk/lib/tinyusb/src/portable/raspberrypi/rp2040/dcd_rp2040.c.obj
 *fill*         0x10009d6f        0x1 
 .rodata.__func__.6
                0x10009d70       0x13 CMakeFiles/FaceID1_1_E.dir/C_/Users/TECNICA/Raspberry_Pico/Pico/pico-sdk/lib/tinyusb/src/portable/raspberrypi/rp2040/dcd_rp2040.c.obj
 *fill*         0x10009d83        0x1 
 .rodata.__func__.7
                0x10009d84        0x9 CMakeFiles/FaceID1_1_E.dir/C_/Users/TECNICA/Raspberry_Pico/Pico/pico-sdk/lib/tinyusb/src/portable/raspberrypi/rp2040/dcd_rp2040.c.obj
 *fill*         0x10009d8d        0x3 
 .rodata.sync_ep_buffer.str1.4
                0x10009d90       0xa5 CMakeFiles/FaceID1_1_E.dir/C_/Users/TECNICA/Raspberry_Pico/Pico/pico-sdk/lib/tinyusb/src/portable/raspberrypi/rp2040/rp2040_usb.c.obj
 *fill*         0x10009e35        0x3 
 .rodata._hw_endpoint_buffer_control_update32.str1.4
                0x10009e38       0x1f CMakeFiles/FaceID1_1_E.dir/C_/Users/TECNICA/Raspberry_Pico/Pico/pico-sdk/lib/tinyusb/src/portable/raspberrypi/rp2040/rp2040_usb.c.obj
 *fill*         0x10009e57        0x1 
 .rodata.hw_endpoint_xfer_start.str1.4
                0x10009e58       0x38 CMakeFiles/FaceID1_1_E.dir/C_/Users/TECNICA/Raspberry_Pico/Pico/pico-sdk/lib/tinyusb/src/portable/raspberrypi/rp2040/rp2040_usb.c.obj
 .rodata.hw_endpoint_xfer_continue.str1.4
                0x10009e90       0x29 CMakeFiles/FaceID1_1_E.dir/C_/Users/TECNICA/Raspberry_Pico/Pico/pico-sdk/lib/tinyusb/src/portable/raspberrypi/rp2040/rp2040_usb.c.obj
 .rodata.str1.4
                0x10009eb9       0x29 CMakeFiles/FaceID1_1_E.dir/C_/Users/TECNICA/Raspberry_Pico/Pico/pico-sdk/lib/tinyusb/src/portable/raspberrypi/rp2040/rp2040_usb.c.obj
                                  0x7 (size before relaxing)
 *fill*         0x10009eb9        0x3 
 .rodata.__func__.0
                0x10009ebc        0xf CMakeFiles/FaceID1_1_E.dir/C_/Users/TECNICA/Raspberry_Pico/Pico/pico-sdk/lib/tinyusb/src/portable/raspberrypi/rp2040/rp2040_usb.c.obj
 *fill*         0x10009ecb        0x1 
 .rodata.process_set_config.str1.4
                0x10009ecc       0x17 CMakeFiles/FaceID1_1_E.dir/C_/Users/TECNICA/Raspberry_Pico/Pico/pico-sdk/lib/tinyusb/src/device/usbd.c.obj
 *fill*         0x10009ee3        0x1 
 .rodata.process_get_descriptor
                0x10009ee4       0x40 CMakeFiles/FaceID1_1_E.dir/C_/Users/TECNICA/Raspberry_Pico/Pico/pico-sdk/lib/tinyusb/src/device/usbd.c.obj
 .rodata.process_control_request
                0x10009f24       0x28 CMakeFiles/FaceID1_1_E.dir/C_/Users/TECNICA/Raspberry_Pico/Pico/pico-sdk/lib/tinyusb/src/device/usbd.c.obj
 .rodata.tud_task
                0x10009f4c       0x24 CMakeFiles/FaceID1_1_E.dir/C_/Users/TECNICA/Raspberry_Pico/Pico/pico-sdk/lib/tinyusb/src/device/usbd.c.obj
 .rodata.__func__.2
                0x10009f70        0xf CMakeFiles/FaceID1_1_E.dir/C_/Users/TECNICA/Raspberry_Pico/Pico/pico-sdk/lib/tinyusb/src/device/usbd.c.obj
 *fill*         0x10009f7f        0x1 
 .rodata.__func__.3
                0x10009f80        0xf CMakeFiles/FaceID1_1_E.dir/C_/Users/TECNICA/Raspberry_Pico/Pico/pico-sdk/lib/tinyusb/src/device/usbd.c.obj
 *fill*         0x10009f8f        0x1 
 .rodata.__func__.4
                0x10009f90       0x14 CMakeFiles/FaceID1_1_E.dir/C_/Users/TECNICA/Raspberry_Pico/Pico/pico-sdk/lib/tinyusb/src/device/usbd.c.obj
 .rodata.__func__.5
                0x10009fa4       0x10 CMakeFiles/FaceID1_1_E.dir/C_/Users/TECNICA/Raspberry_Pico/Pico/pico-sdk/lib/tinyusb/src/device/usbd.c.obj
 .rodata.__func__.6
                0x10009fb4       0x17 CMakeFiles/FaceID1_1_E.dir/C_/Users/TECNICA/Raspberry_Pico/Pico/pico-sdk/lib/tinyusb/src/device/usbd.c.obj
 *fill*         0x10009fcb        0x1 
 .rodata.__func__.7
                0x10009fcc       0x13 CMakeFiles/FaceID1_1_E.dir/C_/Users/TECNICA/Raspberry_Pico/Pico/pico-sdk/lib/tinyusb/src/device/usbd.c.obj
 *fill*         0x10009fdf        0x1 
 .rodata.__func__.8
                0x10009fe0       0x18 CMakeFiles/FaceID1_1_E.dir/C_/Users/TECNICA/Raspberry_Pico/Pico/pico-sdk/lib/tinyusb/src/device/usbd.c.obj
 .rodata.__func__.9
                0x10009ff8        0x9 CMakeFiles/FaceID1_1_E.dir/C_/Users/TECNICA/Raspberry_Pico/Pico/pico-sdk/lib/tinyusb/src/device/usbd.c.obj
 *fill*         0x1000a001        0x3 
 .rodata._usbd_driver
                0x1000a004       0x18 CMakeFiles/FaceID1_1_E.dir/C_/Users/TECNICA/Raspberry_Pico/Pico/pico-sdk/lib/tinyusb/src/device/usbd.c.obj
 .rodata.tud_control_xfer.str1.4
                0x1000a01c       0x17 CMakeFiles/FaceID1_1_E.dir/C_/Users/TECNICA/Raspberry_Pico/Pico/pico-sdk/lib/tinyusb/src/device/usbd_control.c.obj
 .rodata.__func__.0
                0x1000a01c       0x15 CMakeFiles/FaceID1_1_E.dir/C_/Users/TECNICA/Raspberry_Pico/Pico/pico-sdk/lib/tinyusb/src/device/usbd_control.c.obj
 *fill*         0x1000a031        0x3 
 .rodata.__func__.1
                0x1000a034       0x11 CMakeFiles/FaceID1_1_E.dir/C_/Users/TECNICA/Raspberry_Pico/Pico/pico-sdk/lib/tinyusb/src/device/usbd_control.c.obj
 .rodata.tud_cdc_n_write_flush.str1.4
                0x1000a045       0x17 CMakeFiles/FaceID1_1_E.dir/C_/Users/TECNICA/Raspberry_Pico/Pico/pico-sdk/lib/tinyusb/src/class/cdc/cdc_device.c.obj
 *fill*         0x1000a045        0x3 
 .rodata.__func__.0
                0x1000a048        0xd CMakeFiles/FaceID1_1_E.dir/C_/Users/TECNICA/Raspberry_Pico/Pico/pico-sdk/lib/tinyusb/src/class/cdc/cdc_device.c.obj
 *fill*         0x1000a055        0x3 
 .rodata.__func__.1
                0x1000a058        0xa CMakeFiles/FaceID1_1_E.dir/C_/Users/TECNICA/Raspberry_Pico/Pico/pico-sdk/lib/tinyusb/src/class/cdc/cdc_device.c.obj
 *fill*         0x1000a062        0x2 
 .rodata.__func__.2
                0x1000a064       0x16 CMakeFiles/FaceID1_1_E.dir/C_/Users/TECNICA/Raspberry_Pico/Pico/pico-sdk/lib/tinyusb/src/class/cdc/cdc_device.c.obj
 .rodata.tusb_init.str1.4
                0x1000a07a       0x17 CMakeFiles/FaceID1_1_E.dir/C_/Users/TECNICA/Raspberry_Pico/Pico/pico-sdk/lib/tinyusb/src/tusb.c.obj
 *fill*         0x1000a07a        0x2 
 .rodata.__func__.0
                0x1000a07c       0x11 CMakeFiles/FaceID1_1_E.dir/C_/Users/TECNICA/Raspberry_Pico/Pico/pico-sdk/lib/tinyusb/src/tusb.c.obj
 *fill*         0x1000a08d        0x3 
 .rodata.__func__.1
                0x1000a090        0xa CMakeFiles/FaceID1_1_E.dir/C_/Users/TECNICA/Raspberry_Pico/Pico/pico-sdk/lib/tinyusb/src/tusb.c.obj
 *fill*         0x1000a09a        0x2 
 .rodata.pico_get_unique_board_id_string.str1.4
                0x1000a09c       0x60 CMakeFiles/FaceID1_1_E.dir/C_/Users/TECNICA/Raspberry_Pico/Pico/pico-sdk/src/rp2_common/pico_unique_id/unique_id.c.obj
 .rodata.__func__.0
                0x1000a0fc       0x20 CMakeFiles/FaceID1_1_E.dir/C_/Users/TECNICA/Raspberry_Pico/Pico/pico-sdk/src/rp2_common/pico_unique_id/unique_id.c.obj
 .rodata.str1.4
                0x1000a11c      0x16a CMakeFiles/FaceID1_1_E.dir/C_/Users/TECNICA/Raspberry_Pico/Pico/pico-sdk/src/rp2_common/hardware_flash/flash.c.obj
 *fill*         0x1000a286        0x2 
 .rodata.__func__.0
                0x1000a288        0xd CMakeFiles/FaceID1_1_E.dir/C_/Users/TECNICA/Raspberry_Pico/Pico/pico-sdk/src/rp2_common/hardware_flash/flash.c.obj
                0x1000a298                . = ALIGN (0x4)
 *fill*         0x1000a295        0x3 
 *(SORT_BY_ALIGNMENT(SORT_BY_NAME(.flashdata*)))
                0x1000a298                . = ALIGN (0x4)

.rel.dyn        0x1000a298        0x0
 .rel.iplt      0x1000a298        0x0 c:/progra~2/gnuarm~1/102020~1/bin/../lib/gcc/arm-none-eabi/10.2.1/thumb/v6-m/nofp/crtbegin.o

.ARM.extab
 *(.ARM.extab* .gnu.linkonce.armextab.*)
                0x1000a298                __exidx_start = .

.ARM.exidx
 *(.ARM.exidx* .gnu.linkonce.armexidx.*)
                0x1000a298                __exidx_end = .
                0x1000a298                . = ALIGN (0x4)
                0x1000a298                __binary_info_start = .

.binary_info    0x1000a298       0x2c
 *(.binary_info.keep.*)
 .binary_info.keep.__bi_ptr22
                0x1000a298        0x4 CMakeFiles/FaceID1_1_E.dir/C_/Users/TECNICA/Raspberry_Pico/Pico/pico-sdk/src/rp2_common/pico_standard_link/binary_info.c.obj
 .binary_info.keep.__bi_ptr30