Archive member included to satisfy reference by file (symbol)

c:/progra~2/gnuarm~1/102021~1.10/bin/../lib/gcc/arm-none-eabi/10.3.1/thumb/v6-m/nofp\libgcc.a(_dvmd_tls.o)
                              CMakeFiles/Armazem.dir/C_/Users/User/Documents/Pico/pico-sdk/src/rp2_common/pico_divider/divider.S.obj (__aeabi_idiv0)
c:/progra~2/gnuarm~1/102021~1.10/bin/../lib/gcc/arm-none-eabi/10.3.1/../../../../arm-none-eabi/lib/thumb/v6-m/nofp\libg.a(lib_a-calloc.o)
                              CMakeFiles/Armazem.dir/C_/Users/User/Documents/Pico/pico-sdk/src/rp2_common/pico_malloc/pico_malloc.c.obj (calloc)
c:/progra~2/gnuarm~1/102021~1.10/bin/../lib/gcc/arm-none-eabi/10.3.1/../../../../arm-none-eabi/lib/thumb/v6-m/nofp\libg.a(lib_a-callocr.o)
                              c:/progra~2/gnuarm~1/102021~1.10/bin/../lib/gcc/arm-none-eabi/10.3.1/../../../../arm-none-eabi/lib/thumb/v6-m/nofp\libg.a(lib_a-calloc.o) (_calloc_r)
c:/progra~2/gnuarm~1/102021~1.10/bin/../lib/gcc/arm-none-eabi/10.3.1/../../../../arm-none-eabi/lib/thumb/v6-m/nofp\libg.a(lib_a-ctype_.o)
                              CMakeFiles/Armazem.dir/C_/Users/User/Documents/Pico/pico-sdk/lib/tinyusb/src/tusb.c.obj (_ctype_)
c:/progra~2/gnuarm~1/102021~1.10/bin/../lib/gcc/arm-none-eabi/10.3.1/../../../../arm-none-eabi/lib/thumb/v6-m/nofp\libg.a(lib_a-errno.o)
                              CMakeFiles/Armazem.dir/lib/no-OS-FatFS-SD-SPI-RPi-Pico/FatFs_SPI/src/ff_stdio.c.obj (__errno)
c:/progra~2/gnuarm~1/102021~1.10/bin/../lib/gcc/arm-none-eabi/10.3.1/../../../../arm-none-eabi/lib/thumb/v6-m/nofp\libg.a(lib_a-fflush.o)
                              CMakeFiles/Armazem.dir/lib/no-OS-FatFS-SD-SPI-RPi-Pico/FatFs_SPI/sd_driver/demo_logging.c.obj (fflush)
c:/progra~2/gnuarm~1/102021~1.10/bin/../lib/gcc/arm-none-eabi/10.3.1/../../../../arm-none-eabi/lib/thumb/v6-m/nofp\libg.a(lib_a-findfp.o)
                              c:/progra~2/gnuarm~1/102021~1.10/bin/../lib/gcc/arm-none-eabi/10.3.1/../../../../arm-none-eabi/lib/thumb/v6-m/nofp\libg.a(lib_a-fflush.o) (__sinit)
c:/progra~2/gnuarm~1/102021~1.10/bin/../lib/gcc/arm-none-eabi/10.3.1/../../../../arm-none-eabi/lib/thumb/v6-m/nofp\libg.a(lib_a-freer.o)
                              c:/progra~2/gnuarm~1/102021~1.10/bin/../lib/gcc/arm-none-eabi/10.3.1/../../../../arm-none-eabi/lib/thumb/v6-m/nofp\libg.a(lib_a-fflush.o) (_free_r)
c:/progra~2/gnuarm~1/102021~1.10/bin/../lib/gcc/arm-none-eabi/10.3.1/../../../../arm-none-eabi/lib/thumb/v6-m/nofp\libg.a(lib_a-fwalk.o)
                              c:/progra~2/gnuarm~1/102021~1.10/bin/../lib/gcc/arm-none-eabi/10.3.1/../../../../arm-none-eabi/lib/thumb/v6-m/nofp\libg.a(lib_a-findfp.o) (_fwalk)
c:/progra~2/gnuarm~1/102021~1.10/bin/../lib/gcc/arm-none-eabi/10.3.1/../../../../arm-none-eabi/lib/thumb/v6-m/nofp\libg.a(lib_a-impure.o)
                              c:/progra~2/gnuarm~1/102021~1.10/bin/../lib/gcc/arm-none-eabi/10.3.1/../../../../arm-none-eabi/lib/thumb/v6-m/nofp\libg.a(lib_a-fflush.o) (_global_impure_ptr)
c:/progra~2/gnuarm~1/102021~1.10/bin/../lib/gcc/arm-none-eabi/10.3.1/../../../../arm-none-eabi/lib/thumb/v6-m/nofp\libg.a(lib_a-init.o)
                              c:/progra~2/gnuarm~1/102021~1.10/bin/../lib/gcc/arm-none-eabi/10.3.1/../../../../arm-none-eabi/lib/thumb/v6-m/nofp/crt0.o (__libc_init_array)
c:/progra~2/gnuarm~1/102021~1.10/bin/../lib/gcc/arm-none-eabi/10.3.1/../../../../arm-none-eabi/lib/thumb/v6-m/nofp\libg.a(lib_a-lock.o)
                              c:/progra~2/gnuarm~1/102021~1.10/bin/../lib/gcc/arm-none-eabi/10.3.1/../../../../arm-none-eabi/lib/thumb/v6-m/nofp\libg.a(lib_a-findfp.o) (__retarget_lock_init_recursive)
c:/progra~2/gnuarm~1/102021~1.10/bin/../lib/gcc/arm-none-eabi/10.3.1/../../../../arm-none-eabi/lib/thumb/v6-m/nofp\libg.a(lib_a-malloc.o)
                              CMakeFiles/Armazem.dir/C_/Users/User/Documents/Pico/pico-sdk/src/rp2_common/pico_malloc/pico_malloc.c.obj (malloc)
c:/progra~2/gnuarm~1/102021~1.10/bin/../lib/gcc/arm-none-eabi/10.3.1/../../../../arm-none-eabi/lib/thumb/v6-m/nofp\libg.a(lib_a-mallocr.o)
                              c:/progra~2/gnuarm~1/102021~1.10/bin/../lib/gcc/arm-none-eabi/10.3.1/../../../../arm-none-eabi/lib/thumb/v6-m/nofp\libg.a(lib_a-callocr.o) (_malloc_r)
c:/progra~2/gnuarm~1/102021~1.10/bin/../lib/gcc/arm-none-eabi/10.3.1/../../../../arm-none-eabi/lib/thumb/v6-m/nofp\libg.a(lib_a-mktime.o)
                              CMakeFiles/Armazem.dir/lib/no-OS-FatFS-SD-SPI-RPi-Pico/FatFs_SPI/src/rtc.c.obj (mktime)
c:/progra~2/gnuarm~1/102021~1.10/bin/../lib/gcc/arm-none-eabi/10.3.1/../../../../arm-none-eabi/lib/thumb/v6-m/nofp\libg.a(lib_a-mlock.o)
                              c:/progra~2/gnuarm~1/102021~1.10/bin/../lib/gcc/arm-none-eabi/10.3.1/../../../../arm-none-eabi/lib/thumb/v6-m/nofp\libg.a(lib_a-freer.o) (__malloc_lock)
c:/progra~2/gnuarm~1/102021~1.10/bin/../lib/gcc/arm-none-eabi/10.3.1/../../../../arm-none-eabi/lib/thumb/v6-m/nofp\libg.a(lib_a-realloc.o)
[...]
Memory Configuration

Name             Origin             Length             Attributes
FLASH            0x10000000         0x00200000         xr
RAM              0x20000000         0x00040000         xrw
SCRATCH_X        0x20040000         0x00001000         xrw
SCRATCH_Y        0x20041000         0x00001000         xrw
*default*        0x00000000         0xffffffff

Linker script and memory map

LOAD c:/progra~2/gnuarm~1/102021~1.10/bin/../lib/gcc/arm-none-eabi/10.3.1/thumb/v6-m/nofp/crti.o
LOAD c:/progra~2/gnuarm~1/102021~1.10/bin/../lib/gcc/arm-none-eabi/10.3.1/thumb/v6-m/nofp/crtbegin.o
LOAD c:/progra~2/gnuarm~1/102021~1.10/bin/../lib/gcc/arm-none-eabi/10.3.1/../../../../arm-none-eabi/lib/thumb/v6-m/nofp/crt0.o

.flash_begin    0x10000000        0x0
                0x10000000                __flash_binary_start = .

.boot2          0x10000000      0x100
                0x10000000                __boot2_start__ = .
 *(.boot2)
 .boot2         0x10000000      0x100 C:\Users\User\AppData\Local\Temp\ccW6qMR1.o
                0x10000100                __boot2_end__ = .
                0x00000001                ASSERT (((__boot2_end__ - __boot2_start__) == 0x100), ERROR: Pico second stage bootloader must be 256 bytes in size)

.text           0x10000100    0x28058
                0x10000100                __logical_binary_start = .
 *(.vectors)
 .vectors       0x10000100       0xd4 CMakeFiles/Armazem.dir/C_/Users/User/Documents/Pico/pico-sdk/src/rp2_common/pico_standard_link/crt0.S.obj
                0x10000100                __VECTOR_TABLE
                0x10000100                __vectors
                0x100001c0                isr_invalid
                0x100001c0                __default_isrs_start
                0x100001c2                isr_nmi
                0x100001c4                isr_hardfault
                0x100001c6                isr_svcall
                0x100001c8                isr_pendsv
                0x100001ca                isr_systick
                0x100001cc                isr_irq23
                0x100001cc                isr_irq18
                0x100001cc                isr_irq11
                0x100001cc                isr_irq28
                0x100001cc                isr_irq19
                0x100001cc                isr_irq0
                0x100001cc                isr_irq6
                0x100001cc                isr_irq5
                0x100001cc                isr_irq12
                0x100001cc                isr_irq22
                0x100001cc                isr_irq31
                0x100001cc                isr_irq17
                0x100001cc                isr_irq27
                0x100001cc                isr_irq30
                0x100001cc                isr_irq2
                0x100001cc                isr_irq10
                0x100001cc                isr_irq8
                0x100001cc                isr_irq24
                0x100001cc                isr_irq1
                0x100001cc                isr_irq7
                0x100001cc                isr_irq21
                0x100001cc                isr_irq20
                0x100001cc                isr_irq15
                0x100001cc                isr_irq25
                0x100001cc                isr_irq13
                0x100001cc                __unhandled_user_irq
                0x100001cc                isr_irq4
                0x100001cc                isr_irq16
                0x100001cc                isr_irq29
                0x100001cc                isr_irq26
                0x100001cc                __default_isrs_end
                0x100001cc                isr_irq3
                0x100001cc                isr_irq14
                0x100001cc                isr_irq9
                0x100001d2                unhandled_user_irq_num_in_r0
 *(.binary_info_header)
 .binary_info_header
                0x100001d4       0x14 CMakeFiles/Armazem.dir/C_/Users/User/Documents/Pico/pico-sdk/src/rp2_common/pico_standard_link/crt0.S.obj
                0x100001e8                __binary_info_header_end = .
 *(.reset)
 .reset         0x100001e8       0xa8 CMakeFiles/Armazem.dir/C_/Users/User/Documents/Pico/pico-sdk/src/rp2_common/pico_standard_link/crt0.S.obj
                0x100001e8                _entry_point
                0x10000266                __get_current_exception
 .reset         0x10000290       0x30 CMakeFiles/Armazem.dir/C_/Users/User/Documents/Pico/pico-sdk/src/rp2_common/pico_standard_link/binary_info.c.obj
 *(.init)
 .init          0x100002c0        0x4 c:/progra~2/gnuarm~1/102021~1.10/bin/../lib/gcc/arm-none-eabi/10.3.1/thumb/v6-m/nofp/crti.o
                0x100002c0                _init
 *(EXCLUDE_FILE(*libm.a: *libc.a:*lib_a-mem*.o *libgcc.a:) .text*)
 .text          0x100002c4       0x48 c:/progra~2/gnuarm~1/102021~1.10/bin/../lib/gcc/arm-none-eabi/10.3.1/thumb/v6-m/nofp/crtbegin.o
 .text.spi0_dma_isr
                0x1000030c       0x10 CMakeFiles/Armazem.dir/src/hw_config.c.obj
                0x1000030c                spi0_dma_isr
 .text.sd_get_num
                0x1000031c        0x4 CMakeFiles/Armazem.dir/src/hw_config.c.obj
                0x1000031c                sd_get_num
 .text.sd_get_by_num
                0x10000320       0x20 CMakeFiles/Armazem.dir/src/hw_config.c.obj
                0x10000320                sd_get_by_num
 .text.spi_get_num
                0x10000340        0x4 CMakeFiles/Armazem.dir/src/hw_config.c.obj
                0x10000340                spi_get_num
 .text.spi_get_by_num
                0x10000344       0x20 CMakeFiles/Armazem.dir/src/hw_config.c.obj
                0x10000344                spi_get_by_num
 .text.uart_puts
                0x10000364       0x98 CMakeFiles/Armazem.dir/src/CH9121.c.obj
 .text.DEV_Delay_ms
                0x100003fc        0x8 CMakeFiles/Armazem.dir/src/CH9121.c.obj
                0x100003fc                DEV_Delay_ms
 .text.CH9121_TX_3_bytes
                0x10000404       0xac CMakeFiles/Armazem.dir/src/CH9121.c.obj
                0x10000404                CH9121_TX_3_bytes
 .text.CH9121_TX_7_bytes
                0x100004b0       0xb4 CMakeFiles/Armazem.dir/src/CH9121.c.obj
                0x100004b0                CH9121_TX_7_bytes
 .text.CH9121_init
                0x10000564      0x13c CMakeFiles/Armazem.dir/src/CH9121.c.obj
                0x10000564                CH9121_init
 .text.zera_comando
                0x100006a0       0xc0 CMakeFiles/Armazem.dir/src/CH9121.c.obj
                0x100006a0                zera_comando
 .text.apaga_qr
                0x10000760       0x2c CMakeFiles/Armazem.dir/src/CH9121.c.obj
                0x10000760                apaga_qr
 .text.liberado
                0x1000078c       0x62 CMakeFiles/Armazem.dir/src/CH9121.c.obj
                0x1000078c                liberado
 *fill*         0x100007ee        0x2 
 .text.RX       0x100007f0      0x1dc CMakeFiles/Armazem.dir/src/CH9121.c.obj
                0x100007f0                RX
 .text.Regula_Tensao
                0x100009cc    0x15f1c CMakeFiles/Armazem.dir/src/CH9121.c.obj
                0x100009cc                Regula_Tensao
 .text.bloqueado
                0x100168e8      0x10c CMakeFiles/Armazem.dir/src/CH9121.c.obj
                0x100168e8                bloqueado
 .text.loop     0x100169f4      0x4bc CMakeFiles/Armazem.dir/src/CH9121.c.obj
                0x100169f4                loop
 .text.RX_TX    0x10016eb0     0x3e34 CMakeFiles/Armazem.dir/src/CH9121.c.obj
                0x10016eb0                RX_TX
 .text.standby  0x1001ace4       0x18 CMakeFiles/Armazem.dir/src/SP.c.obj
                0x1001ace4                standby
 .text.mountSDCard
                0x1001acfc       0x38 CMakeFiles/Armazem.dir/src/storage.c.obj
                0x1001acfc                mountSDCard
 .text.storageInit
                0x1001ad34       0x38 CMakeFiles/Armazem.dir/src/storage.c.obj
                0x1001ad34                storageInit
 .text.storageLog
                0x1001ad6c       0x50 CMakeFiles/Armazem.dir/src/storage.c.obj
                0x1001ad6c                storageLog
 .text.readLog  0x1001adbc      0x13c CMakeFiles/Armazem.dir/src/storage.c.obj
                0x1001adbc                readLog
 .text.main     0x1001aef8       0x2c CMakeFiles/Armazem.dir/src/main.c.obj
                0x1001aef8                main
 .text.gpio_set_function
                0x1001af24       0x30 CMakeFiles/Armazem.dir/C_/Users/User/Documents/Pico/pico-sdk/src/rp2_common/hardware_gpio/gpio.c.obj
                0x1001af24                gpio_set_function
 .text.gpio_set_pulls
                0x1001af54       0x34 CMakeFiles/Armazem.dir/C_/Users/User/Documents/Pico/pico-sdk/src/rp2_common/hardware_gpio/gpio.c.obj
                0x1001af54                gpio_set_pulls
 .text.gpio_init
                0x1001af88       0x16 CMakeFiles/Armazem.dir/C_/Users/User/Documents/Pico/pico-sdk/src/rp2_common/hardware_gpio/gpio.c.obj
                0x1001af88                gpio_init
 *fill*         0x1001af9e        0x2 
 .text.hw_claim_lock
                0x1001afa0       0x18 CMakeFiles/Armazem.dir/C_/Users/User/Documents/Pico/pico-sdk/src/rp2_common/hardware_claim/claim.c.obj
                0x1001afa0                hw_claim_lock
 .text.hw_claim_unlock
                0x1001afb8       0x14 CMakeFiles/Armazem.dir/C_/Users/User/Documents/Pico/pico-sdk/src/rp2_common/hardware_claim/claim.c.obj
                0x1001afb8                hw_claim_unlock
 .text.hw_claim_or_assert
                0x1001afcc       0x32 CMakeFiles/Armazem.dir/C_/Users/User/Documents/Pico/pico-sdk/src/rp2_common/hardware_claim/claim.c.obj
                0x1001afcc                hw_claim_or_assert
 .text.hw_claim_unused_from_range
                0x1001affe       0x50 CMakeFiles/Armazem.dir/C_/Users/User/Documents/Pico/pico-sdk/src/rp2_common/hardware_claim/claim.c.obj
                0x1001affe                hw_claim_unused_from_range
 *fill*         0x1001b04e        0x2 
 .text.running_on_fpga
                0x1001b050       0x14 CMakeFiles/Armazem.dir/C_/Users/User/Documents/Pico/pico-sdk/src/rp2_common/pico_platform/platform.c.obj
                0x1001b050                running_on_fpga
 .text.spin_locks_reset
                0x1001b064       0x20 CMakeFiles/Armazem.dir/C_/Users/User/Documents/Pico/pico-sdk/src/rp2_common/hardware_sync/sync.c.obj
                0x1001b064                spin_locks_reset
 .text.next_striped_spin_lock_num
                0x1001b084       0x1c CMakeFiles/Armazem.dir/C_/Users/User/Documents/Pico/pico-sdk/src/rp2_common/hardware_sync/sync.c.obj
                0x1001b084                next_striped_spin_lock_num
 .text.spin_lock_claim_unused
                0x1001b0a0       0x20 CMakeFiles/Armazem.dir/C_/Users/User/Documents/Pico/pico-sdk/src/rp2_common/hardware_sync/sync.c.obj
                0x1001b0a0                spin_lock_claim_unused
 .text.set_raw_irq_handler_and_unlock
                0x1001b0c0       0x28 CMakeFiles/Armazem.dir/C_/Users/User/Documents/Pico/pico-sdk/src/rp2_common/hardware_irq/irq.c.obj
 .text.make_branch
                0x1001b0e8       0x48 CMakeFiles/Armazem.dir/C_/Users/User/Documents/Pico/pico-sdk/src/rp2_common/hardware_irq/irq.c.obj
 .text.insert_branch_and_link
                0x1001b130       0x40 CMakeFiles/Armazem.dir/C_/Users/User/Documents/Pico/pico-sdk/src/rp2_common/hardware_irq/irq.c.obj
 .text.irq_is_enabled
                0x1001b170       0x18 CMakeFiles/Armazem.dir/C_/Users/User/Documents/Pico/pico-sdk/src/rp2_common/hardware_irq/irq.c.obj
                0x1001b170                irq_is_enabled
 .text.irq_set_mask_enabled
                0x1001b188       0x20 CMakeFiles/Armazem.dir/C_/Users/User/Documents/Pico/pico-sdk/src/rp2_common/hardware_irq/irq.c.obj
                0x1001b188                irq_set_mask_enabled
 .text.irq_set_enabled
                0x1001b1a8        0xe CMakeFiles/Armazem.dir/C_/Users/User/Documents/Pico/pico-sdk/src/rp2_common/hardware_irq/irq.c.obj
                0x1001b1a8                irq_set_enabled
 *fill*         0x1001b1b6        0x2 
 .text.irq_set_pending
                0x1001b1b8       0x10 CMakeFiles/Armazem.dir/C_/Users/User/Documents/Pico/pico-sdk/src/rp2_common/hardware_irq/irq.c.obj
                0x1001b1b8                irq_set_pending
 .text.irq_get_vtable_handler
                0x1001b1c8       0x10 CMakeFiles/Armazem.dir/C_/Users/User/Documents/Pico/pico-sdk/src/rp2_common/hardware_irq/irq.c.obj
                0x1001b1c8                irq_get_vtable_handler
 .text.irq_has_shared_handler
                0x1001b1d8       0x24 CMakeFiles/Armazem.dir/C_/Users/User/Documents/Pico/pico-sdk/src/rp2_common/hardware_irq/irq.c.obj
                0x1001b1d8                irq_has_shared_handler
 .text.irq_set_exclusive_handler
                0x1001b1fc       0x54 CMakeFiles/Armazem.dir/C_/Users/User/Documents/Pico/pico-sdk/src/rp2_common/hardware_irq/irq.c.obj
                0x1001b1fc                irq_set_exclusive_handler
 .text.irq_add_shared_handler
                0x1001b250      0x230 CMakeFiles/Armazem.dir/C_/Users/User/Documents/Pico/pico-sdk/src/rp2_common/hardware_irq/irq.c.obj
                0x1001b250                irq_add_shared_handler
 .text.irq_remove_handler
                0x1001b480      0x1a8 CMakeFiles/Armazem.dir/C_/Users/User/Documents/Pico/pico-sdk/src/rp2_common/hardware_irq/irq.c.obj
                0x1001b480                irq_remove_handler
 .text.irq_add_tail_to_free_list
                0x1001b628       0xf0 CMakeFiles/Armazem.dir/C_/Users/User/Documents/Pico/pico-sdk/src/rp2_common/hardware_irq/irq.c.obj
                0x1001b628                irq_add_tail_to_free_list
 .text.irq_init_priorities
                0x1001b718       0x1c CMakeFiles/Armazem.dir/C_/Users/User/Documents/Pico/pico-sdk/src/rp2_common/hardware_irq/irq.c.obj
                0x1001b718                irq_init_priorities
 .text.user_irq_claim_unused
                0x1001b734       0x30 CMakeFiles/Armazem.dir/C_/Users/User/Documents/Pico/pico-sdk/src/rp2_common/hardware_irq/irq.c.obj
                0x1001b734                user_irq_claim_unused
 .text.sem_init
                0x1001b764       0x1e CMakeFiles/Armazem.dir/C_/Users/User/Documents/Pico/pico-sdk/src/common/pico_sync/sem.c.obj
                0x1001b764                sem_init
 *fill*         0x1001b782        0x2 
 .text.lock_init
                0x1001b784       0x10 CMakeFiles/Armazem.dir/C_/Users/User/Documents/Pico/pico-sdk/src/common/pico_sync/lock_core.c.obj
                0x1001b784                lock_init
 .text.alarm_pool_post_alloc_init
                0x1001b794       0x40 CMakeFiles/Armazem.dir/C_/Users/User/Documents/Pico/pico-sdk/src/common/pico_time/time.c.obj
 .text.sleep_until_callback
                0x1001b7d4       0x30 CMakeFiles/Armazem.dir/C_/Users/User/Documents/Pico/pico-sdk/src/common/pico_time/time.c.obj
 .text.timer_pool_entry_comparator
                0x1001b804       0x7c CMakeFiles/Armazem.dir/C_/Users/User/Documents/Pico/pico-sdk/src/common/pico_time/time.c.obj
                0x1001b804                timer_pool_entry_comparator
 .text.ph_add_child_node
                0x1001b880       0xa4 CMakeFiles/Armazem.dir/C_/Users/User/Documents/Pico/pico-sdk/src/common/pico_time/time.c.obj
 .text.ph_merge_nodes
                0x1001b924       0x3e CMakeFiles/Armazem.dir/C_/Users/User/Documents/Pico/pico-sdk/src/common/pico_time/time.c.obj
 *fill*         0x1001b962        0x2 
 .text.add_alarm_under_lock
                0x1001b964      0x174 CMakeFiles/Armazem.dir/C_/Users/User/Documents/Pico/pico-sdk/src/common/pico_time/time.c.obj
 .text.alarm_pool_alarm_callback
                0x1001bad8      0x328 CMakeFiles/Armazem.dir/C_/Users/User/Documents/Pico/pico-sdk/src/common/pico_time/time.c.obj
 .text.alarm_pool_init_default
                0x1001be00       0x38 CMakeFiles/Armazem.dir/C_/Users/User/Documents/Pico/pico-sdk/src/common/pico_time/time.c.obj
                0x1001be00                alarm_pool_init_default
 .text.alarm_pool_get_default
                0x1001be38       0x2c CMakeFiles/Armazem.dir/C_/Users/User/Documents/Pico/pico-sdk/src/common/pico_time/time.c.obj
                0x1001be38                alarm_pool_get_default
 .text.alarm_pool_add_alarm_at
                0x1001be64      0x170 CMakeFiles/Armazem.dir/C_/Users/User/Documents/Pico/pico-sdk/src/common/pico_time/time.c.obj
                0x1001be64                alarm_pool_add_alarm_at
 .text.alarm_pool_cancel_alarm
                0x1001bfd4       0xf0 CMakeFiles/Armazem.dir/C_/Users/User/Documents/Pico/pico-sdk/src/common/pico_time/time.c.obj
                0x1001bfd4                alarm_pool_cancel_alarm
 .text.sleep_until
                0x1001c0c4       0xfc CMakeFiles/Armazem.dir/C_/Users/User/Documents/Pico/pico-sdk/src/common/pico_time/time.c.obj
                0x1001c0c4                sleep_until
 .text.sleep_us
                0x1001c1c0       0x58 CMakeFiles/Armazem.dir/C_/Users/User/Documents/Pico/pico-sdk/src/common/pico_time/time.c.obj
                0x1001c1c0                sleep_us
 .text.sleep_ms
                0x1001c218       0x14 CMakeFiles/Armazem.dir/C_/Users/User/Documents/Pico/pico-sdk/src/common/pico_time/time.c.obj
                0x1001c218                sleep_ms
 .text.best_effort_wfe_or_timeout
                0x1001c22c       0x80 CMakeFiles/Armazem.dir/C_/Users/User/Documents/Pico/pico-sdk/src/common/pico_time/time.c.obj
                0x1001c22c                best_effort_wfe_or_timeout
 .text.hardware_alarm_irq_handler
                0x1001c2ac       0x8c CMakeFiles/Armazem.dir/C_/Users/User/Documents/Pico/pico-sdk/src/rp2_common/hardware_timer/timer.c.obj
 .text.hardware_alarm_claim
                0x1001c338       0x18 CMakeFiles/Armazem.dir/C_/Users/User/Documents/Pico/pico-sdk/src/rp2_common/hardware_timer/timer.c.obj
                0x1001c338                hardware_alarm_claim
 .text.time_us_64
                0x1001c350       0x18 CMakeFiles/Armazem.dir/C_/Users/User/Documents/Pico/pico-sdk/src/rp2_common/hardware_timer/timer.c.obj
                0x1001c350                time_us_64
 .text.busy_wait_until
                0x1001c368       0x28 CMakeFiles/Armazem.dir/C_/Users/User/Documents/Pico/pico-sdk/src/rp2_common/hardware_timer/timer.c.obj
                0x1001c368                busy_wait_until
 .text.busy_wait_us
                0x1001c390       0x48 CMakeFiles/Armazem.dir/C_/Users/User/Documents/Pico/pico-sdk/src/rp2_common/hardware_timer/timer.c.obj
                0x1001c390                busy_wait_us
 .text.hardware_alarm_set_callback
                0x1001c3d8       0x90 CMakeFiles/Armazem.dir/C_/Users/User/Documents/Pico/pico-sdk/src/rp2_common/hardware_timer/timer.c.obj
                0x1001c3d8                hardware_alarm_set_callback
 .text.hardware_alarm_set_target
                0x1001c468       0xe8 CMakeFiles/Armazem.dir/C_/Users/User/Documents/Pico/pico-sdk/src/rp2_common/hardware_timer/timer.c.obj
                0x1001c468                hardware_alarm_set_target
 .text.hardware_alarm_cancel
                0x1001c550       0x40 CMakeFiles/Armazem.dir/C_/Users/User/Documents/Pico/pico-sdk/src/rp2_common/hardware_timer/timer.c.obj
                0x1001c550                hardware_alarm_cancel
 .text.ph_add_child_node
                0x1001c590       0xa4 CMakeFiles/Armazem.dir/C_/Users/User/Documents/Pico/pico-sdk/src/common/pico_util/pheap.c.obj
 .text.ph_merge_nodes
                0x1001c634       0x3e CMakeFiles/Armazem.dir/C_/Users/User/Documents/Pico/pico-sdk/src/common/pico_util/pheap.c.obj
 *fill*         0x1001c672        0x2 
 .text.ph_clear
                0x1001c674       0x70 CMakeFiles/Armazem.dir/C_/Users/User/Documents/Pico/pico-sdk/src/common/pico_util/pheap.c.obj
                0x1001c674                ph_clear
 .text.ph_post_alloc_init
                0x1001c6e4        0xe CMakeFiles/Armazem.dir/C_/Users/User/Documents/Pico/pico-sdk/src/common/pico_util/pheap.c.obj
                0x1001c6e4                ph_post_alloc_init
 *fill*         0x1001c6f2        0x2 
 .text.ph_merge_two_pass
                0x1001c6f4       0xa8 CMakeFiles/Armazem.dir/C_/Users/User/Documents/Pico/pico-sdk/src/common/pico_util/pheap.c.obj
                0x1001c6f4                ph_merge_two_pass
 .text.ph_remove_any_head
                0x1001c79c      0x108 CMakeFiles/Armazem.dir/C_/Users/User/Documents/Pico/pico-sdk/src/common/pico_util/pheap.c.obj
 .text.ph_remove_head
                0x1001c8a4       0x14 CMakeFiles/Armazem.dir/C_/Users/User/Documents/Pico/pico-sdk/src/common/pico_util/pheap.c.obj
                0x1001c8a4                ph_remove_head
 .text.ph_remove_and_free_node
                0x1001c8b8       0xf8 CMakeFiles/Armazem.dir/C_/Users/User/Documents/Pico/pico-sdk/src/common/pico_util/pheap.c.obj
                0x1001c8b8                ph_remove_and_free_node
 .text.mutex_init
                0x1001c9b0       0x1a CMakeFiles/Armazem.dir/C_/Users/User/Documents/Pico/pico-sdk/src/common/pico_sync/mutex.c.obj
                0x1001c9b0                mutex_init
 .text.recursive_mutex_init
                0x1001c9ca       0x1e CMakeFiles/Armazem.dir/C_/Users/User/Documents/Pico/pico-sdk/src/common/pico_sync/mutex.c.obj
                0x1001c9ca                recursive_mutex_init
 .text.critical_section_init_with_lock_num
                0x1001c9e8       0x14 CMakeFiles/Armazem.dir/C_/Users/User/Documents/Pico/pico-sdk/src/common/pico_sync/critical_section.c.obj
                0x1001c9e8                critical_section_init_with_lock_num
 .text.critical_section_init
                0x1001c9fc       0x14 CMakeFiles/Armazem.dir/C_/Users/User/Documents/Pico/pico-sdk/src/common/pico_sync/critical_section.c.obj
                0x1001c9fc                critical_section_init
 .text.uart_set_baudrate
                0x1001ca10       0x5c CMakeFiles/Armazem.dir/C_/Users/User/Documents/Pico/pico-sdk/src/rp2_common/hardware_uart/uart.c.obj
                0x1001ca10                uart_set_baudrate
 .text.uart_set_translate_crlf
                0x1001ca6c       0x28 CMakeFiles/Armazem.dir/C_/Users/User/Documents/Pico/pico-sdk/src/rp2_common/hardware_uart/uart.c.obj
                0x1001ca6c                uart_set_translate_crlf
 .text.uart_init
                0x1001ca94       0x80 CMakeFiles/Armazem.dir/C_/Users/User/Documents/Pico/pico-sdk/src/rp2_common/hardware_uart/uart.c.obj
                0x1001ca94                uart_init
 .text._exit    0x1001cb14        0x4 CMakeFiles/Armazem.dir/C_/Users/User/Documents/Pico/pico-sdk/src/rp2_common/pico_runtime/runtime.c.obj
                0x1001cb14                _exit
 .text._sbrk    0x1001cb18       0x38 CMakeFiles/Armazem.dir/C_/Users/User/Documents/Pico/pico-sdk/src/rp2_common/pico_runtime/runtime.c.obj
                0x1001cb18                _sbrk
 .text.exit     0x1001cb50        0x6 CMakeFiles/Armazem.dir/C_/Users/User/Documents/Pico/pico-sdk/src/rp2_common/pico_runtime/runtime.c.obj
                0x1001cb50                exit
 *fill*         0x1001cb56        0x2 
 .text.__assert_func
                0x1001cb58       0x3c CMakeFiles/Armazem.dir/C_/Users/User/Documents/Pico/pico-sdk/src/rp2_common/pico_runtime/runtime.c.obj
                0x1001cb58                __assert_func
 .text.runtime_init
                0x1001cb94       0xf8 CMakeFiles/Armazem.dir/C_/Users/User/Documents/Pico/pico-sdk/src/rp2_common/pico_runtime/runtime.c.obj
                0x1001cb94                runtime_init
 .text.panic    0x1001cc8c       0x30 CMakeFiles/Armazem.dir/C_/Users/User/Documents/Pico/pico-sdk/src/rp2_common/pico_runtime/runtime.c.obj
                0x1001cc8c                panic
 .text.clock_configure
                0x1001ccbc      0x104 CMakeFiles/Armazem.dir/C_/Users/User/Documents/Pico/pico-sdk/src/rp2_common/hardware_clocks/clocks.c.obj
                0x1001ccbc                clock_configure
 .text.clocks_init
                0x1001cdc0      0x100 CMakeFiles/Armazem.dir/C_/Users/User/Documents/Pico/pico-sdk/src/rp2_common/hardware_clocks/clocks.c.obj
                0x1001cdc0                clocks_init
 .text.clock_get_hz
                0x1001cec0        0xc CMakeFiles/Armazem.dir/C_/Users/User/Documents/Pico/pico-sdk/src/rp2_common/hardware_clocks/clocks.c.obj
                0x1001cec0                clock_get_hz
 .text.pll_init
                0x1001cecc      0x140 CMakeFiles/Armazem.dir/C_/Users/User/Documents/Pico/pico-sdk/src/rp2_common/hardware_pll/pll.c.obj
                0x1001cecc                pll_init
 .text.watchdog_start_tick
                0x1001d00c       0x10 CMakeFiles/Armazem.dir/C_/Users/User/Documents/Pico/pico-sdk/src/rp2_common/hardware_watchdog/watchdog.c.obj
                0x1001d00c                watchdog_start_tick
 .text.watchdog_update
                0x1001d01c       0x14 CMakeFiles/Armazem.dir/C_/Users/User/Documents/Pico/pico-sdk/src/rp2_common/hardware_watchdog/watchdog.c.obj
                0x1001d01c                watchdog_update
 .text._watchdog_enable
                0x1001d030       0x78 CMakeFiles/Armazem.dir/C_/Users/User/Documents/Pico/pico-sdk/src/rp2_common/hardware_watchdog/watchdog.c.obj
                0x1001d030                _watchdog_enable
 .text.watchdog_reboot
                0x1001d0a8       0x48 CMakeFiles/Armazem.dir/C_/Users/User/Documents/Pico/pico-sdk/src/rp2_common/hardware_watchdog/watchdog.c.obj
                0x1001d0a8                watchdog_reboot
 .text.xosc_init
                0x1001d0f0       0x28 CMakeFiles/Armazem.dir/C_/Users/User/Documents/Pico/pico-sdk/src/rp2_common/hardware_xosc/xosc.c.obj
                0x1001d0f0                xosc_init
 .text._out_buffer
                0x1001d118        0x8 CMakeFiles/Armazem.dir/C_/Users/User/Documents/Pico/pico-sdk/src/rp2_common/pico_printf/printf.c.obj
 .text._out_null
                0x1001d120        0x2 CMakeFiles/Armazem.dir/C_/Users/User/Documents/Pico/pico-sdk/src/rp2_common/pico_printf/printf.c.obj
 .text._out_fct
                0x1001d122        0xe CMakeFiles/Armazem.dir/C_/Users/User/Documents/Pico/pico-sdk/src/rp2_common/pico_printf/printf.c.obj
 .text._atoi    0x1001d130       0x24 CMakeFiles/Armazem.dir/C_/Users/User/Documents/Pico/pico-sdk/src/rp2_common/pico_printf/printf.c.obj
 .text._out_rev
                0x1001d154       0xae CMakeFiles/Armazem.dir/C_/Users/User/Documents/Pico/pico-sdk/src/rp2_common/pico_printf/printf.c.obj
 .text._ntoa_format
                0x1001d202      0x112 CMakeFiles/Armazem.dir/C_/Users/User/Documents/Pico/pico-sdk/src/rp2_common/pico_printf/printf.c.obj
 .text._ntoa_long
                0x1001d314       0xbc CMakeFiles/Armazem.dir/C_/Users/User/Documents/Pico/pico-sdk/src/rp2_common/pico_printf/printf.c.obj
 .text._ntoa_long_long
                0x1001d3d0       0xe2 CMakeFiles/Armazem.dir/C_/Users/User/Documents/Pico/pico-sdk/src/rp2_common/pico_printf/printf.c.obj
 *fill*         0x1001d4b2        0x2 
 .text._etoa    0x1001d4b4      0x414 CMakeFiles/Armazem.dir/C_/Users/User/Documents/Pico/pico-sdk/src/rp2_common/pico_printf/printf.c.obj
 .text._ftoa    0x1001d8c8      0x354 CMakeFiles/Armazem.dir/C_/Users/User/Documents/Pico/pico-sdk/src/rp2_common/pico_printf/printf.c.obj
 .text._vsnprintf
                0x1001dc1c      0x624 CMakeFiles/Armazem.dir/C_/Users/User/Documents/Pico/pico-sdk/src/rp2_common/pico_printf/printf.c.obj
 .text.__wrap_snprintf
                0x1001e240       0x28 CMakeFiles/Armazem.dir/C_/Users/User/Documents/Pico/pico-sdk/src/rp2_common/pico_printf/printf.c.obj
                0x1001e240                __wrap_snprintf
 .text.__wrap_vsnprintf
                0x1001e268       0x1c CMakeFiles/Armazem.dir/C_/Users/User/Documents/Pico/pico-sdk/src/rp2_common/pico_printf/printf.c.obj
                0x1001e268                __wrap_vsnprintf
 .text.vfctprintf
                0x1001e284       0x20 CMakeFiles/Armazem.dir/C_/Users/User/Documents/Pico/pico-sdk/src/rp2_common/pico_printf/printf.c.obj
                0x1001e284                vfctprintf
 .text          0x1001e2a4       0x10 CMakeFiles/Armazem.dir/C_/Users/User/Documents/Pico/pico-sdk/src/rp2_common/pico_bit_ops/bit_ops_aeabi.S.obj
 .text.rom_func_lookup
                0x1001e2b4       0x10 CMakeFiles/Armazem.dir/C_/Users/User/Documents/Pico/pico-sdk/src/rp2_common/pico_bootrom/bootrom.c.obj
                0x1001e2b4                rom_func_lookup
 .text.rom_data_lookup
                0x1001e2c4       0x10 CMakeFiles/Armazem.dir/C_/Users/User/Documents/Pico/pico-sdk/src/rp2_common/pico_bootrom/bootrom.c.obj
                0x1001e2c4                rom_data_lookup
 .text.rom_funcs_lookup
                0x1001e2d4       0x36 CMakeFiles/Armazem.dir/C_/Users/User/Documents/Pico/pico-sdk/src/rp2_common/pico_bootrom/bootrom.c.obj
                0x1001e2d4                rom_funcs_lookup
 *fill*         0x1001e30a        0x2 
 .text.__wrap___aeabi_idiv
                0x1001e30c       0x50 CMakeFiles/Armazem.dir/C_/Users/User/Documents/Pico/pico-sdk/src/rp2_common/pico_divider/divider.S.obj
                0x1001e30c                __wrap___aeabi_idivmod
                0x1001e30c                divmod_s32s32
                0x1001e30c                div_s32s32
                0x1001e30c                __wrap___aeabi_idiv
                0x1001e314                divmod_s32s32_unsafe
                0x1001e340                divmod_s32s32_savestate
 .text.__wrap___aeabi_uidiv
                0x1001e35c       0x4c CMakeFiles/Armazem.dir/C_/Users/User/Documents/Pico/pico-sdk/src/rp2_common/pico_divider/divider.S.obj
                0x1001e35c                __wrap___aeabi_uidiv
                0x1001e35c                __wrap___aeabi_uidivmod
                0x1001e35c                div_u32u32
                0x1001e35c                divmod_u32u32
                0x1001e364                divmod_u32u32_unsafe
                0x1001e38c                divmod_u32u32_savestate
 .text.__wrap___aeabi_ldiv
                0x1001e3a8      0x434 CMakeFiles/Armazem.dir/C_/Users/User/Documents/Pico/pico-sdk/src/rp2_common/pico_divider/divider.S.obj
                0x1001e3a8                div_s64s64
                0x1001e3a8                divmod_s64s64
                0x1001e3a8                __wrap___aeabi_ldivmod
                0x1001e3e0                divmod_u64u64
                0x1001e3e0                div_u64u64
                0x1001e3e0                __wrap___aeabi_uldivmod
                0x1001e3f0                divmod_u64u64_savestate
                0x1001e418                divmod_s64s64_unsafe
                0x1001e4a0                divmod_u64u64_unsafe
 .text.__wrap___aeabi_darithmetic
                0x1001e7dc       0x80 CMakeFiles/Armazem.dir/C_/Users/User/Documents/Pico/pico-sdk/src/rp2_common/pico_double/double_aeabi.S.obj
                0x1001e7dc                __wrap___aeabi_drsub
                0x1001e7e2                __wrap___aeabi_dsub
                0x1001e7f4                __wrap___aeabi_dadd
                0x1001e806                __wrap___aeabi_ddiv
                0x1001e842                __wrap___aeabi_dmul
 .text.__wrap___aeabi_cdcmple
                0x1001e85c       0x6c CMakeFiles/Armazem.dir/C_/Users/User/Documents/Pico/pico-sdk/src/rp2_common/pico_double/double_aeabi.S.obj
                0x1001e85c                __wrap___aeabi_cdrcmple
                0x1001e86c                __wrap___aeabi_cdcmpeq
                0x1001e86c                __wrap___aeabi_cdcmple
 .text.__wrap___aeabi_dcmplt
                0x1001e8c8        0xc CMakeFiles/Armazem.dir/C_/Users/User/Documents/Pico/pico-sdk/src/rp2_common/pico_double/double_aeabi.S.obj
                0x1001e8c8                __wrap___aeabi_dcmplt
 .text.__wrap___aeabi_dcmple
                0x1001e8d4       0x10 CMakeFiles/Armazem.dir/C_/Users/User/Documents/Pico/pico-sdk/src/rp2_common/pico_double/double_aeabi.S.obj
                0x1001e8d4                __wrap___aeabi_dcmple
 .text.__wrap___aeabi_dcmpge
                0x1001e8e4       0x10 CMakeFiles/Armazem.dir/C_/Users/User/Documents/Pico/pico-sdk/src/rp2_common/pico_double/double_aeabi.S.obj
                0x1001e8e4                __wrap___aeabi_dcmpge
 .text.__wrap___aeabi_dcmpgt
                0x1001e8f4        0xa CMakeFiles/Armazem.dir/C_/Users/User/Documents/Pico/pico-sdk/src/rp2_common/pico_double/double_aeabi.S.obj
                0x1001e8f4                __wrap___aeabi_dcmpgt
 .text.__wrap___aeabi_dcmpun
                0x1001e8fe       0x1c CMakeFiles/Armazem.dir/C_/Users/User/Documents/Pico/pico-sdk/src/rp2_common/pico_double/double_aeabi.S.obj
                0x1001e8fe                __wrap___aeabi_dcmpun
 *fill*         0x1001e91a        0x2 
 .text.__wrap___aeabi_i2d
                0x1001e91c       0x38 CMakeFiles/Armazem.dir/C_/Users/User/Documents/Pico/pico-sdk/src/rp2_common/pico_double/double_aeabi.S.obj
                0x1001e91c                __wrap___aeabi_ui2d
                0x1001e924                __wrap___aeabi_i2d
 .text.__wrap___aeabi_d2iz
                0x1001e954       0x48 CMakeFiles/Armazem.dir/C_/Users/User/Documents/Pico/pico-sdk/src/rp2_common/pico_double/double_aeabi.S.obj
                0x1001e954                double2int_z
                0x1001e954                __wrap___aeabi_d2iz
 .text.__wrap___aeabi_d2uiz
                0x1001e99c       0x18 CMakeFiles/Armazem.dir/C_/Users/User/Documents/Pico/pico-sdk/src/rp2_common/pico_double/double_aeabi.S.obj
                0x1001e99c                __wrap___aeabi_d2uiz
                0x1001e99c                double2uint
 .text.__aeabi_double_init
                0x1001e9b4       0xc8 CMakeFiles/Armazem.dir/C_/Users/User/Documents/Pico/pico-sdk/src/rp2_common/pico_double/double_init_rom.c.obj
                0x1001e9b4                __aeabi_double_init
 .text.double_table_shim_on_use_helper
                0x1001ea7c       0x34 CMakeFiles/Armazem.dir/C_/Users/User/Documents/Pico/pico-sdk/src/rp2_common/pico_double/double_v1_rom_shim.S.obj
                0x1001ea7c                double_table_shim_on_use_helper
 .text.__wrap___aeabi_dsub
                0x1001eab0       0x10 CMakeFiles/Armazem.dir/C_/Users/User/Documents/Pico/pico-sdk/src/rp2_common/pico_double/double_v1_rom_shim.S.obj
                0x1001eab0                drsub_shim
                0x1001eab6                dsub_shim
 .text.dadd_shim
                0x1001eac0      0x15c CMakeFiles/Armazem.dir/C_/Users/User/Documents/Pico/pico-sdk/src/rp2_common/pico_double/double_v1_rom_shim.S.obj
                0x1001eac0                dadd_shim
 .text.dmul_shim
                0x1001ec1c      0x15c CMakeFiles/Armazem.dir/C_/Users/User/Documents/Pico/pico-sdk/src/rp2_common/pico_double/double_v1_rom_shim.S.obj
                0x1001ec1c                dmul_shim
 .text.ddiv_shim
                0x1001ed78      0x1b0 CMakeFiles/Armazem.dir/C_/Users/User/Documents/Pico/pico-sdk/src/rp2_common/pico_double/double_v1_rom_shim.S.obj
                0x1001ed78                ddiv_shim
 .text.double2uint_shim
                0x1001ef28        0xe CMakeFiles/Armazem.dir/C_/Users/User/Documents/Pico/pico-sdk/src/rp2_common/pico_double/double_v1_rom_shim.S.obj
                0x1001ef28                double2uint_shim
                0x1001ef2a                double2ufix_shim
 *fill*         0x1001ef36        0x2 
 .text.double2uint64_shim
                0x1001ef38       0x70 CMakeFiles/Armazem.dir/C_/Users/User/Documents/Pico/pico-sdk/src/rp2_common/pico_double/double_v1_rom_shim.S.obj
                0x1001ef38                double2uint64_shim
                0x1001ef3a                double2ufix64_shim
                0x1001ef5a                d2fix_a
 .text.dunpacks
                0x1001efa8       0x3c CMakeFiles/Armazem.dir/C_/Users/User/Documents/Pico/pico-sdk/src/rp2_common/pico_double/double_v1_rom_shim.S.obj
                0x1001efa8                dunpacks
 .text.__aeabi_lmul
                0x1001efe4       0x32 CMakeFiles/Armazem.dir/C_/Users/User/Documents/Pico/pico-sdk/src/rp2_common/pico_int64_ops/pico_int64_ops_aeabi.S.obj
                0x1001efe4                __wrap___aeabi_lmul
 *fill*         0x1001f016        0x2 
 .text.__aeabi_float_init
                0x1001f018       0xfc CMakeFiles/Armazem.dir/C_/Users/User/Documents/Pico/pico-sdk/src/rp2_common/pico_float/float_init_rom.c.obj
                0x1001f018                __aeabi_float_init
 .text.float_table_shim_on_use_helper
                0x1001f114       0x34 CMakeFiles/Armazem.dir/C_/Users/User/Documents/Pico/pico-sdk/src/rp2_common/pico_float/float_v1_rom_shim.S.obj
                0x1001f114                float_table_shim_on_use_helper
 .text.__wrap_malloc
                0x1001f148       0x24 CMakeFiles/Armazem.dir/C_/Users/User/Documents/Pico/pico-sdk/src/rp2_common/pico_malloc/pico_malloc.c.obj
                0x1001f148                __wrap_malloc
 .text.__wrap_free
                0x1001f16c        0x8 CMakeFiles/Armazem.dir/C_/Users/User/Documents/Pico/pico-sdk/src/rp2_common/pico_malloc/pico_malloc.c.obj
                0x1001f16c                __wrap_free
 .text          0x1001f174       0x10 CMakeFiles/Armazem.dir/C_/Users/User/Documents/Pico/pico-sdk/src/rp2_common/pico_mem_ops/mem_ops_aeabi.S.obj
                0x1001f174                __aeabi_mem_init
 .text.memset   0x1001f184        0xc CMakeFiles/Armazem.dir/C_/Users/User/Documents/Pico/pico-sdk/src/rp2_common/pico_mem_ops/mem_ops_aeabi.S.obj
                0x1001f184                __wrap_memset
 .text.memcpy   0x1001f190        0xc CMakeFiles/Armazem.dir/C_/Users/User/Documents/Pico/pico-sdk/src/rp2_common/pico_mem_ops/mem_ops_aeabi.S.obj
                0x1001f190                __wrap_memcpy
                0x1001f190                __wrap___aeabi_memcpy
 .text.stdio_out_chars_no_crlf
                0x1001f19c        0xe CMakeFiles/Armazem.dir/C_/Users/User/Documents/Pico/pico-sdk/src/rp2_common/pico_stdio/stdio.c.obj
 *fill*         0x1001f1aa        0x2 
 .text.stdio_out_chars_crlf
                0x1001f1ac       0x80 CMakeFiles/Armazem.dir/C_/Users/User/Documents/Pico/pico-sdk/src/rp2_common/pico_stdio/stdio.c.obj
 .text.stdio_stack_buffer_flush
                0x1001f22c       0x44 CMakeFiles/Armazem.dir/C_/Users/User/Documents/Pico/pico-sdk/src/rp2_common/pico_stdio/stdio.c.obj
 .text.stdio_buffered_printer
                0x1001f270       0x20 CMakeFiles/Armazem.dir/C_/Users/User/Documents/Pico/pico-sdk/src/rp2_common/pico_stdio/stdio.c.obj
 .text.stdio_get_until
                0x1001f290       0x80 CMakeFiles/Armazem.dir/C_/Users/User/Documents/Pico/pico-sdk/src/rp2_common/pico_stdio/stdio.c.obj
 .text.stdout_serialize_begin
                0x1001f310       0x30 CMakeFiles/Armazem.dir/C_/Users/User/Documents/Pico/pico-sdk/src/rp2_common/pico_stdio/stdio.c.obj
                0x1001f310                stdout_serialize_begin
 .text.stdout_serialize_end
                0x1001f340       0x10 CMakeFiles/Armazem.dir/C_/Users/User/Documents/Pico/pico-sdk/src/rp2_common/pico_stdio/stdio.c.obj
                0x1001f340                stdout_serialize_end
 .text.stdio_put_string
                0x1001f350       0x98 CMakeFiles/Armazem.dir/C_/Users/User/Documents/Pico/pico-sdk/src/rp2_common/pico_stdio/stdio.c.obj
 .text.__wrap_putchar
                0x1001f3e8       0x1c CMakeFiles/Armazem.dir/C_/Users/User/Documents/Pico/pico-sdk/src/rp2_common/pico_stdio/stdio.c.obj
                0x1001f3e8                __wrap_putchar
 .text._read    0x1001f404       0x24 CMakeFiles/Armazem.dir/C_/Users/User/Documents/Pico/pico-sdk/src/rp2_common/pico_stdio/stdio.c.obj
                0x1001f404                _read
 .text._write   0x1001f428       0x22 CMakeFiles/Armazem.dir/C_/Users/User/Documents/Pico/pico-sdk/src/rp2_common/pico_stdio/stdio.c.obj
                0x1001f428                _write
 *fill*         0x1001f44a        0x2 
 .text.stdio_set_driver_enabled
                0x1001f44c       0x2c CMakeFiles/Armazem.dir/C_/Users/User/Documents/Pico/pico-sdk/src/rp2_common/pico_stdio/stdio.c.obj
                0x1001f44c                stdio_set_driver_enabled
 .text.stdio_flush
                0x1001f478       0x20 CMakeFiles/Armazem.dir/C_/Users/User/Documents/Pico/pico-sdk/src/rp2_common/pico_stdio/stdio.c.obj
                0x1001f478                stdio_flush
 .text.__wrap_puts
                0x1001f498       0x1e CMakeFiles/Armazem.dir/C_/Users/User/Documents/Pico/pico-sdk/src/rp2_common/pico_stdio/stdio.c.obj
                0x1001f498                __wrap_puts
 *fill*         0x1001f4b6        0x2 
 .text.__wrap_vprintf
                0x1001f4b8       0x44 CMakeFiles/Armazem.dir/C_/Users/User/Documents/Pico/pico-sdk/src/rp2_common/pico_stdio/stdio.c.obj
                0x1001f4b8                __wrap_vprintf
 .text.__wrap_printf
                0x1001f4fc       0x18 CMakeFiles/Armazem.dir/C_/Users/User/Documents/Pico/pico-sdk/src/rp2_common/pico_stdio/stdio.c.obj
                0x1001f4fc                __wrap_printf
 .text.stdio_init_all
                0x1001f514        0xc CMakeFiles/Armazem.dir/C_/Users/User/Documents/Pico/pico-sdk/src/rp2_common/pico_stdio/stdio.c.obj
                0x1001f514                stdio_init_all
 .text.stdio_uart_out_chars
                0x1001f520       0x74 CMakeFiles/Armazem.dir/C_/Users/User/Documents/Pico/pico-sdk/src/rp2_common/pico_stdio_uart/stdio_uart.c.obj
 .text.stdio_uart_in_chars
                0x1001f594       0x58 CMakeFiles/Armazem.dir/C_/Users/User/Documents/Pico/pico-sdk/src/rp2_common/pico_stdio_uart/stdio_uart.c.obj
                0x1001f594                stdio_uart_in_chars
 .text.stdio_uart_init_full
                0x1001f5ec       0x3c CMakeFiles/Armazem.dir/C_/Users/User/Documents/Pico/pico-sdk/src/rp2_common/pico_stdio_uart/stdio_uart.c.obj
                0x1001f5ec                stdio_uart_init_full
 .text.stdio_uart_init
                0x1001f628       0x28 CMakeFiles/Armazem.dir/C_/Users/User/Documents/Pico/pico-sdk/src/rp2_common/pico_stdio_uart/stdio_uart.c.obj
                0x1001f628                stdio_uart_init
 .text.resetd_init
                0x1001f650        0x2 CMakeFiles/Armazem.dir/C_/Users/User/Documents/Pico/pico-sdk/src/rp2_common/pico_stdio_usb/reset_interface.c.obj
 *fill*         0x1001f652        0x2 
 .text.resetd_reset
                0x1001f654        0xc CMakeFiles/Armazem.dir/C_/Users/User/Documents/Pico/pico-sdk/src/rp2_common/pico_stdio_usb/reset_interface.c.obj
 .text.resetd_open
                0x1001f660       0x34 CMakeFiles/Armazem.dir/C_/Users/User/Documents/Pico/pico-sdk/src/rp2_common/pico_stdio_usb/reset_interface.c.obj
 .text.resetd_xfer_cb
                0x1001f694        0x4 CMakeFiles/Armazem.dir/C_/Users/User/Documents/Pico/pico-sdk/src/rp2_common/pico_stdio_usb/reset_interface.c.obj
 .text.reset_usb_boot
                0x1001f698       0x18 CMakeFiles/Armazem.dir/C_/Users/User/Documents/Pico/pico-sdk/src/rp2_common/pico_stdio_usb/reset_interface.c.obj
 .text.resetd_control_xfer_cb
                0x1001f6b0       0x5c CMakeFiles/Armazem.dir/C_/Users/User/Documents/Pico/pico-sdk/src/rp2_common/pico_stdio_usb/reset_interface.c.obj
 .text.usbd_app_driver_get_cb
                0x1001f70c        0xc CMakeFiles/Armazem.dir/C_/Users/User/Documents/Pico/pico-sdk/src/rp2_common/pico_stdio_usb/reset_interface.c.obj
                0x1001f70c                usbd_app_driver_get_cb
 .text.tud_cdc_line_coding_cb
                0x1001f718       0x28 CMakeFiles/Armazem.dir/C_/Users/User/Documents/Pico/pico-sdk/src/rp2_common/pico_stdio_usb/reset_interface.c.obj
                0x1001f718                tud_cdc_line_coding_cb
 .text.stdio_usb_in_chars
                0x1001f740       0x70 CMakeFiles/Armazem.dir/C_/Users/User/Documents/Pico/pico-sdk/src/rp2_common/pico_stdio_usb/stdio_usb.c.obj
                0x1001f740                stdio_usb_in_chars
 .text.low_priority_worker_irq
                0x1001f7b0       0x20 CMakeFiles/Armazem.dir/C_/Users/User/Documents/Pico/pico-sdk/src/rp2_common/pico_stdio_usb/stdio_usb.c.obj
 .text.stdio_usb_out_chars
                0x1001f7d0       0xd4 CMakeFiles/Armazem.dir/C_/Users/User/Documents/Pico/pico-sdk/src/rp2_common/pico_stdio_usb/stdio_usb.c.obj
 .text.timer_task
                0x1001f8a4       0x40 CMakeFiles/Armazem.dir/C_/Users/User/Documents/Pico/pico-sdk/src/rp2_common/pico_stdio_usb/stdio_usb.c.obj
 .text.usb_irq  0x1001f8e4       0x10 CMakeFiles/Armazem.dir/C_/Users/User/Documents/Pico/pico-sdk/src/rp2_common/pico_stdio_usb/stdio_usb.c.obj
 .text.stdio_usb_init
                0x1001f8f4       0xec CMakeFiles/Armazem.dir/C_/Users/User/Documents/Pico/pico-sdk/src/rp2_common/pico_stdio_usb/stdio_usb.c.obj
                0x1001f8f4                stdio_usb_init
 .text.tud_descriptor_device_cb
                0x1001f9e0        0x8 CMakeFiles/Armazem.dir/C_/Users/User/Documents/Pico/pico-sdk/src/rp2_common/pico_stdio_usb/stdio_usb_descriptors.c.obj
                0x1001f9e0                tud_descriptor_device_cb
 .text.tud_descriptor_configuration_cb
                0x1001f9e8        0x8 CMakeFiles/Armazem.dir/C_/Users/User/Documents/Pico/pico-sdk/src/rp2_common/pico_stdio_usb/stdio_usb_descriptors.c.obj
                0x1001f9e8                tud_descriptor_configuration_cb
 .text.tud_descriptor_string_cb
                0x1001f9f0       0x6c CMakeFiles/Armazem.dir/C_/Users/User/Documents/Pico/pico-sdk/src/rp2_common/pico_stdio_usb/stdio_usb_descriptors.c.obj
                0x1001f9f0                tud_descriptor_string_cb
 .text.hw_endpoint_get_by_addr
                0x1001fa5c       0x18 CMakeFiles/Armazem.dir/C_/Users/User/Documents/Pico/pico-sdk/lib/tinyusb/src/portable/raspberrypi/rp2040/dcd_rp2040.c.obj
 .text.reset_ep0_pid
                0x1001fa74       0x28 CMakeFiles/Armazem.dir/C_/Users/User/Documents/Pico/pico-sdk/lib/tinyusb/src/portable/raspberrypi/rp2040/dcd_rp2040.c.obj
 .text._hw_endpoint_alloc
                0x1001fa9c       0x70 CMakeFiles/Armazem.dir/C_/Users/User/Documents/Pico/pico-sdk/lib/tinyusb/src/portable/raspberrypi/rp2040/dcd_rp2040.c.obj
 .text.hw_endpoint_init
                0x1001fb0c       0x88 CMakeFiles/Armazem.dir/C_/Users/User/Documents/Pico/pico-sdk/lib/tinyusb/src/portable/raspberrypi/rp2040/dcd_rp2040.c.obj
 .text.reset_non_control_endpoints
                0x1001fb94       0x40 CMakeFiles/Armazem.dir/C_/Users/User/Documents/Pico/pico-sdk/lib/tinyusb/src/portable/raspberrypi/rp2040/dcd_rp2040.c.obj
 .text.hw_handle_buff_status
                0x1001fbd4       0x8c CMakeFiles/Armazem.dir/C_/Users/User/Documents/Pico/pico-sdk/lib/tinyusb/src/portable/raspberrypi/rp2040/dcd_rp2040.c.obj
 .text.dcd_rp2040_irq
                0x1001fc60       0xc0 CMakeFiles/Armazem.dir/C_/Users/User/Documents/Pico/pico-sdk/lib/tinyusb/src/portable/raspberrypi/rp2040/dcd_rp2040.c.obj
 .text.hw_endpoint_xfer
                0x1001fd20       0x14 CMakeFiles/Armazem.dir/C_/Users/User/Documents/Pico/pico-sdk/lib/tinyusb/src/portable/raspberrypi/rp2040/dcd_rp2040.c.obj
 .text.dcd_int_enable
                0x1001fd34       0x2c CMakeFiles/Armazem.dir/C_/Users/User/Documents/Pico/pico-sdk/lib/tinyusb/src/portable/raspberrypi/rp2040/dcd_rp2040.c.obj
                0x1001fd34                dcd_int_enable
 .text.dcd_set_address
                0x1001fd60       0x2c CMakeFiles/Armazem.dir/C_/Users/User/Documents/Pico/pico-sdk/lib/tinyusb/src/portable/raspberrypi/rp2040/dcd_rp2040.c.obj
                0x1001fd60                dcd_set_address
 .text.dcd_connect
                0x1001fd8c       0x10 CMakeFiles/Armazem.dir/C_/Users/User/Documents/Pico/pico-sdk/lib/tinyusb/src/portable/raspberrypi/rp2040/dcd_rp2040.c.obj
                0x1001fd8c                dcd_connect
 .text.dcd_init
                0x1001fd9c       0x7c CMakeFiles/Armazem.dir/C_/Users/User/Documents/Pico/pico-sdk/lib/tinyusb/src/portable/raspberrypi/rp2040/dcd_rp2040.c.obj
                0x1001fd9c                dcd_init
 .text.dcd_edpt0_status_complete
                0x1001fe18       0x1c CMakeFiles/Armazem.dir/C_/Users/User/Documents/Pico/pico-sdk/lib/tinyusb/src/portable/raspberrypi/rp2040/dcd_rp2040.c.obj
                0x1001fe18                dcd_edpt0_status_complete
 .text.dcd_edpt_open
                0x1001fe34       0x40 CMakeFiles/Armazem.dir/C_/Users/User/Documents/Pico/pico-sdk/lib/tinyusb/src/portable/raspberrypi/rp2040/dcd_rp2040.c.obj
                0x1001fe34                dcd_edpt_open
 .text.dcd_edpt_close_all
                0x1001fe74        0x8 CMakeFiles/Armazem.dir/C_/Users/User/Documents/Pico/pico-sdk/lib/tinyusb/src/portable/raspberrypi/rp2040/dcd_rp2040.c.obj
                0x1001fe74                dcd_edpt_close_all
 .text.dcd_edpt_xfer
                0x1001fe7c       0x30 CMakeFiles/Armazem.dir/C_/Users/User/Documents/Pico/pico-sdk/lib/tinyusb/src/portable/raspberrypi/rp2040/dcd_rp2040.c.obj
                0x1001fe7c                dcd_edpt_xfer
 .text.dcd_edpt_stall
                0x1001feac       0x2c CMakeFiles/Armazem.dir/C_/Users/User/Documents/Pico/pico-sdk/lib/tinyusb/src/portable/raspberrypi/rp2040/dcd_rp2040.c.obj
                0x1001feac                dcd_edpt_stall
 .text.dcd_edpt_clear_stall
                0x1001fed8       0x20 CMakeFiles/Armazem.dir/C_/Users/User/Documents/Pico/pico-sdk/lib/tinyusb/src/portable/raspberrypi/rp2040/dcd_rp2040.c.obj
                0x1001fed8                dcd_edpt_clear_stall
 .text.prepare_ep_buffer
                0x1001fef8       0x70 CMakeFiles/Armazem.dir/C_/Users/User/Documents/Pico/pico-sdk/lib/tinyusb/src/portable/raspberrypi/rp2040/rp2040_usb.c.obj
 .text.sync_ep_buffer
                0x1001ff68       0x7c CMakeFiles/Armazem.dir/C_/Users/User/Documents/Pico/pico-sdk/lib/tinyusb/src/portable/raspberrypi/rp2040/rp2040_usb.c.obj
 .text._hw_endpoint_xfer_sync
                0x1001ffe4       0x28 CMakeFiles/Armazem.dir/C_/Users/User/Documents/Pico/pico-sdk/lib/tinyusb/src/portable/raspberrypi/rp2040/rp2040_usb.c.obj
 .text.rp2040_usb_init
                0x1002000c       0x4c CMakeFiles/Armazem.dir/C_/Users/User/Documents/Pico/pico-sdk/lib/tinyusb/src/portable/raspberrypi/rp2040/rp2040_usb.c.obj
                0x1002000c                rp2040_usb_init
 .text.hw_endpoint_reset_transfer
                0x10020058        0xc CMakeFiles/Armazem.dir/C_/Users/User/Documents/Pico/pico-sdk/lib/tinyusb/src/portable/raspberrypi/rp2040/rp2040_usb.c.obj
                0x10020058                hw_endpoint_reset_transfer
 .text._hw_endpoint_buffer_control_update32
                0x10020064       0x58 CMakeFiles/Armazem.dir/C_/Users/User/Documents/Pico/pico-sdk/lib/tinyusb/src/portable/raspberrypi/rp2040/rp2040_usb.c.obj
                0x10020064                _hw_endpoint_buffer_control_update32
 .text._hw_endpoint_start_next_buffer
                0x100200bc       0x74 CMakeFiles/Armazem.dir/C_/Users/User/Documents/Pico/pico-sdk/lib/tinyusb/src/portable/raspberrypi/rp2040/rp2040_usb.c.obj
 .text.hw_endpoint_xfer_start
                0x10020130       0x48 CMakeFiles/Armazem.dir/C_/Users/User/Documents/Pico/pico-sdk/lib/tinyusb/src/portable/raspberrypi/rp2040/rp2040_usb.c.obj
                0x10020130                hw_endpoint_xfer_start
 .text.hw_endpoint_xfer_continue
                0x10020178       0x38 CMakeFiles/Armazem.dir/C_/Users/User/Documents/Pico/pico-sdk/lib/tinyusb/src/portable/raspberrypi/rp2040/rp2040_usb.c.obj
                0x10020178                hw_endpoint_xfer_continue
 .text.configuration_reset
                0x100201b0       0x84 CMakeFiles/Armazem.dir/C_/Users/User/Documents/Pico/pico-sdk/lib/tinyusb/src/device/usbd.c.obj
 .text.usbd_reset
                0x10020234        0xc CMakeFiles/Armazem.dir/C_/Users/User/Documents/Pico/pico-sdk/lib/tinyusb/src/device/usbd.c.obj
 .text.invoke_class_control
                0x10020240       0x1a CMakeFiles/Armazem.dir/C_/Users/User/Documents/Pico/pico-sdk/lib/tinyusb/src/device/usbd.c.obj
 *fill*         0x1002025a        0x2 
 .text.process_set_config
                0x1002025c      0x1b0 CMakeFiles/Armazem.dir/C_/Users/User/Documents/Pico/pico-sdk/lib/tinyusb/src/device/usbd.c.obj
 .text.process_get_descriptor
                0x1002040c       0xec CMakeFiles/Armazem.dir/C_/Users/User/Documents/Pico/pico-sdk/lib/tinyusb/src/device/usbd.c.obj
 .text.tud_mounted
                0x100204f8       0x10 CMakeFiles/Armazem.dir/C_/Users/User/Documents/Pico/pico-sdk/lib/tinyusb/src/device/usbd.c.obj
                0x100204f8                tud_mounted
 .text.tud_suspended
                0x10020508       0x10 CMakeFiles/Armazem.dir/C_/Users/User/Documents/Pico/pico-sdk/lib/tinyusb/src/device/usbd.c.obj
                0x10020508                tud_suspended
 .text.tud_inited
                0x10020518        0xc CMakeFiles/Armazem.dir/C_/Users/User/Documents/Pico/pico-sdk/lib/tinyusb/src/device/usbd.c.obj
                0x10020518                tud_inited
 .text.tud_init
                0x10020524       0xcc CMakeFiles/Armazem.dir/C_/Users/User/Documents/Pico/pico-sdk/lib/tinyusb/src/device/usbd.c.obj
                0x10020524                tud_init
 .text.dcd_event_handler
                0x100205f0      0x1e0 CMakeFiles/Armazem.dir/C_/Users/User/Documents/Pico/pico-sdk/lib/tinyusb/src/device/usbd.c.obj
                0x100205f0                dcd_event_handler
 .text.dcd_event_bus_signal
                0x100207d0       0x26 CMakeFiles/Armazem.dir/C_/Users/User/Documents/Pico/pico-sdk/lib/tinyusb/src/device/usbd.c.obj
                0x100207d0                dcd_event_bus_signal
 .text.dcd_event_bus_reset
                0x100207f6       0x2a CMakeFiles/Armazem.dir/C_/Users/User/Documents/Pico/pico-sdk/lib/tinyusb/src/device/usbd.c.obj
                0x100207f6                dcd_event_bus_reset
 .text.dcd_event_setup_received
                0x10020820       0x34 CMakeFiles/Armazem.dir/C_/Users/User/Documents/Pico/pico-sdk/lib/tinyusb/src/device/usbd.c.obj
                0x10020820                dcd_event_setup_received
 .text.dcd_event_xfer_complete
                0x10020854       0x44 CMakeFiles/Armazem.dir/C_/Users/User/Documents/Pico/pico-sdk/lib/tinyusb/src/device/usbd.c.obj
                0x10020854                dcd_event_xfer_complete
 .text.usbd_edpt_open
                0x10020898       0x58 CMakeFiles/Armazem.dir/C_/Users/User/Documents/Pico/pico-sdk/lib/tinyusb/src/device/usbd.c.obj
                0x10020898                usbd_edpt_open
 .text.usbd_open_edpt_pair
                0x100208f0       0x8c CMakeFiles/Armazem.dir/C_/Users/User/Documents/Pico/pico-sdk/lib/tinyusb/src/device/usbd.c.obj
                0x100208f0                usbd_open_edpt_pair
 .text.usbd_edpt_claim
                0x1002097c       0x8c CMakeFiles/Armazem.dir/C_/Users/User/Documents/Pico/pico-sdk/lib/tinyusb/src/device/usbd.c.obj
                0x1002097c                usbd_edpt_claim
 .text.usbd_edpt_release
                0x10020a08       0x68 CMakeFiles/Armazem.dir/C_/Users/User/Documents/Pico/pico-sdk/lib/tinyusb/src/device/usbd.c.obj
                0x10020a08                usbd_edpt_release
 .text.usbd_edpt_xfer
                0x10020a70       0x80 CMakeFiles/Armazem.dir/C_/Users/User/Documents/Pico/pico-sdk/lib/tinyusb/src/device/usbd.c.obj
                0x10020a70                usbd_edpt_xfer
 .text.usbd_edpt_stall
                0x10020af0       0x40 CMakeFiles/Armazem.dir/C_/Users/User/Documents/Pico/pico-sdk/lib/tinyusb/src/device/usbd.c.obj
                0x10020af0                usbd_edpt_stall
 .text.usbd_edpt_clear_stall
                0x10020b30       0x40 CMakeFiles/Armazem.dir/C_/Users/User/Documents/Pico/pico-sdk/lib/tinyusb/src/device/usbd.c.obj
                0x10020b30                usbd_edpt_clear_stall
 .text.usbd_edpt_stalled
                0x10020b70       0x1c CMakeFiles/Armazem.dir/C_/Users/User/Documents/Pico/pico-sdk/lib/tinyusb/src/device/usbd.c.obj
                0x10020b70                usbd_edpt_stalled
 .text.process_control_request
                0x10020b8c      0x3b8 CMakeFiles/Armazem.dir/C_/Users/User/Documents/Pico/pico-sdk/lib/tinyusb/src/device/usbd.c.obj
 .text.tud_task
                0x10020f44      0x218 CMakeFiles/Armazem.dir/C_/Users/User/Documents/Pico/pico-sdk/lib/tinyusb/src/device/usbd.c.obj
                0x10020f44                tud_task
 .text._data_stage_xact
                0x1002115c       0x58 CMakeFiles/Armazem.dir/C_/Users/User/Documents/Pico/pico-sdk/lib/tinyusb/src/device/usbd_control.c.obj
 .text.tud_control_status
                0x100211b4       0x38 CMakeFiles/Armazem.dir/C_/Users/User/Documents/Pico/pico-sdk/lib/tinyusb/src/device/usbd_control.c.obj
                0x100211b4                tud_control_status
 .text.tud_control_xfer
                0x100211ec       0xa8 CMakeFiles/Armazem.dir/C_/Users/User/Documents/Pico/pico-sdk/lib/tinyusb/src/device/usbd_control.c.obj
                0x100211ec                tud_control_xfer
 .text.usbd_control_reset
                0x10021294       0x14 CMakeFiles/Armazem.dir/C_/Users/User/Documents/Pico/pico-sdk/lib/tinyusb/src/device/usbd_control.c.obj
                0x10021294                usbd_control_reset
 .text.usbd_control_set_complete_callback
                0x100212a8        0xc CMakeFiles/Armazem.dir/C_/Users/User/Documents/Pico/pico-sdk/lib/tinyusb/src/device/usbd_control.c.obj
                0x100212a8                usbd_control_set_complete_callback
 .text.usbd_control_set_request
                0x100212b4       0x1c CMakeFiles/Armazem.dir/C_/Users/User/Documents/Pico/pico-sdk/lib/tinyusb/src/device/usbd_control.c.obj
                0x100212b4                usbd_control_set_request
 .text.usbd_control_xfer_cb
                0x100212d0       0xfc CMakeFiles/Armazem.dir/C_/Users/User/Documents/Pico/pico-sdk/lib/tinyusb/src/device/usbd_control.c.obj
                0x100212d0                usbd_control_xfer_cb
 .text._prep_out_transaction
                0x100213cc       0x46 CMakeFiles/Armazem.dir/C_/Users/User/Documents/Pico/pico-sdk/lib/tinyusb/src/class/cdc/cdc_device.c.obj
 *fill*         0x10021412        0x2 
 .text.tud_cdc_n_connected
                0x10021414       0x44 CMakeFiles/Armazem.dir/C_/Users/User/Documents/Pico/pico-sdk/lib/tinyusb/src/class/cdc/cdc_device.c.obj
                0x10021414                tud_cdc_n_connected
 .text.tud_cdc_n_available
                0x10021458       0x18 CMakeFiles/Armazem.dir/C_/Users/User/Documents/Pico/pico-sdk/lib/tinyusb/src/class/cdc/cdc_device.c.obj
                0x10021458                tud_cdc_n_available
 .text.tud_cdc_n_read
                0x10021470       0x28 CMakeFiles/Armazem.dir/C_/Users/User/Documents/Pico/pico-sdk/lib/tinyusb/src/class/cdc/cdc_device.c.obj
                0x10021470                tud_cdc_n_read
 .text.tud_cdc_n_write_flush
                0x10021498       0xcc CMakeFiles/Armazem.dir/C_/Users/User/Documents/Pico/pico-sdk/lib/tinyusb/src/class/cdc/cdc_device.c.obj
                0x10021498                tud_cdc_n_write_flush
 .text.tud_cdc_n_write
                0x10021564       0x38 CMakeFiles/Armazem.dir/C_/Users/User/Documents/Pico/pico-sdk/lib/tinyusb/src/class/cdc/cdc_device.c.obj
                0x10021564                tud_cdc_n_write
 .text.tud_cdc_n_write_available
                0x1002159c       0x1c CMakeFiles/Armazem.dir/C_/Users/User/Documents/Pico/pico-sdk/lib/tinyusb/src/class/cdc/cdc_device.c.obj
                0x1002159c                tud_cdc_n_write_available
 .text.cdcd_init
                0x100215b8       0xbc CMakeFiles/Armazem.dir/C_/Users/User/Documents/Pico/pico-sdk/lib/tinyusb/src/class/cdc/cdc_device.c.obj
                0x100215b8                cdcd_init
 .text.cdcd_reset
                0x10021674       0x44 CMakeFiles/Armazem.dir/C_/Users/User/Documents/Pico/pico-sdk/lib/tinyusb/src/class/cdc/cdc_device.c.obj
                0x10021674                cdcd_reset
 .text.cdcd_open
                0x100216b8       0xf8 CMakeFiles/Armazem.dir/C_/Users/User/Documents/Pico/pico-sdk/lib/tinyusb/src/class/cdc/cdc_device.c.obj
                0x100216b8                cdcd_open
 .text.cdcd_control_xfer_cb
                0x100217b0      0x134 CMakeFiles/Armazem.dir/C_/Users/User/Documents/Pico/pico-sdk/lib/tinyusb/src/class/cdc/cdc_device.c.obj
                0x100217b0                cdcd_control_xfer_cb
 .text.cdcd_xfer_cb
                0x100218e4      0x144 CMakeFiles/Armazem.dir/C_/Users/User/Documents/Pico/pico-sdk/lib/tinyusb/src/class/cdc/cdc_device.c.obj
                0x100218e4                cdcd_xfer_cb
 .text.tusb_init
                0x10021a28       0x24 CMakeFiles/Armazem.dir/C_/Users/User/Documents/Pico/pico-sdk/lib/tinyusb/src/tusb.c.obj
                0x10021a28                tusb_init
 .text.tusb_inited
                0x10021a4c        0xe CMakeFiles/Armazem.dir/C_/Users/User/Documents/Pico/pico-sdk/lib/tinyusb/src/tusb.c.obj
                0x10021a4c                tusb_inited
 *fill*         0x10021a5a        0x2 
 .text.tu_edpt_validate
                0x10021a5c       0xa8 CMakeFiles/Armazem.dir/C_/Users/User/Documents/Pico/pico-sdk/lib/tinyusb/src/tusb.c.obj
                0x10021a5c                tu_edpt_validate
 .text.tu_edpt_bind_driver
                0x10021b04       0x2a CMakeFiles/Armazem.dir/C_/Users/User/Documents/Pico/pico-sdk/lib/tinyusb/src/tusb.c.obj
                0x10021b04                tu_edpt_bind_driver
 .text.advance_pointer
                0x10021b2e       0x18 CMakeFiles/Armazem.dir/C_/Users/User/Documents/Pico/pico-sdk/lib/tinyusb/src/common/tusb_fifo.c.obj
 .text.backward_pointer
                0x10021b46       0x1e CMakeFiles/Armazem.dir/C_/Users/User/Documents/Pico/pico-sdk/lib/tinyusb/src/common/tusb_fifo.c.obj
 .text.get_relative_pointer
                0x10021b64       0x10 CMakeFiles/Armazem.dir/C_/Users/User/Documents/Pico/pico-sdk/lib/tinyusb/src/common/tusb_fifo.c.obj
 .text._tu_fifo_peek
                0x10021b74       0x50 CMakeFiles/Armazem.dir/C_/Users/User/Documents/Pico/pico-sdk/lib/tinyusb/src/common/tusb_fifo.c.obj
 .text._ff_pull_const_addr
                0x10021bc4       0x4c CMakeFiles/Armazem.dir/C_/Users/User/Documents/Pico/pico-sdk/lib/tinyusb/src/common/tusb_fifo.c.obj
 .text._ff_pull_n
                0x10021c10      0x10c CMakeFiles/Armazem.dir/C_/Users/User/Documents/Pico/pico-sdk/lib/tinyusb/src/common/tusb_fifo.c.obj
 .text._tu_fifo_peek_n
                0x10021d1c       0x5e CMakeFiles/Armazem.dir/C_/Users/User/Documents/Pico/pico-sdk/lib/tinyusb/src/common/tusb_fifo.c.obj
 .text._tu_fifo_read_n
                0x10021d7a       0x4e CMakeFiles/Armazem.dir/C_/Users/User/Documents/Pico/pico-sdk/lib/tinyusb/src/common/tusb_fifo.c.obj
 .text._ff_push_const_addr
                0x10021dc8       0x40 CMakeFiles/Armazem.dir/C_/Users/User/Documents/Pico/pico-sdk/lib/tinyusb/src/common/tusb_fifo.c.obj
 .text._ff_push_n
                0x10021e08      0x108 CMakeFiles/Armazem.dir/C_/Users/User/Documents/Pico/pico-sdk/lib/tinyusb/src/common/tusb_fifo.c.obj
 .text._tu_fifo_write_n
                0x10021f10       0x9e CMakeFiles/Armazem.dir/C_/Users/User/Documents/Pico/pico-sdk/lib/tinyusb/src/common/tusb_fifo.c.obj
 .text.tu_fifo_config
                0x10021fae       0x72 CMakeFiles/Armazem.dir/C_/Users/User/Documents/Pico/pico-sdk/lib/tinyusb/src/common/tusb_fifo.c.obj
                0x10021fae                tu_fifo_config
 .text.tu_fifo_count
                0x10022020       0x26 CMakeFiles/Armazem.dir/C_/Users/User/Documents/Pico/pico-sdk/lib/tinyusb/src/common/tusb_fifo.c.obj
                0x10022020                tu_fifo_count
 .text.tu_fifo_empty
                0x10022046       0x10 CMakeFiles/Armazem.dir/C_/Users/User/Documents/Pico/pico-sdk/lib/tinyusb/src/common/tusb_fifo.c.obj
                0x10022046                tu_fifo_empty
 .text.tu_fifo_remaining
                0x10022056       0x20 CMakeFiles/Armazem.dir/C_/Users/User/Documents/Pico/pico-sdk/lib/tinyusb/src/common/tusb_fifo.c.obj
                0x10022056                tu_fifo_remaining
 .text.tu_fifo_read
                0x10022076       0x42 CMakeFiles/Armazem.dir/C_/Users/User/Documents/Pico/pico-sdk/lib/tinyusb/src/common/tusb_fifo.c.obj
                0x10022076                tu_fifo_read
 .text.tu_fifo_read_n
                0x100220b8        0xa CMakeFiles/Armazem.dir/C_/Users/User/Documents/Pico/pico-sdk/lib/tinyusb/src/common/tusb_fifo.c.obj
                0x100220b8                tu_fifo_read_n
 .text.tu_fifo_write
                0x100220c2       0x6c CMakeFiles/Armazem.dir/C_/Users/User/Documents/Pico/pico-sdk/lib/tinyusb/src/common/tusb_fifo.c.obj
                0x100220c2                tu_fifo_write
 .text.tu_fifo_write_n
                0x1002212e        0xa CMakeFiles/Armazem.dir/C_/Users/User/Documents/Pico/pico-sdk/lib/tinyusb/src/common/tusb_fifo.c.obj
                0x1002212e                tu_fifo_write_n
 .text.tu_fifo_clear
                0x10022138       0x4c CMakeFiles/Armazem.dir/C_/Users/User/Documents/Pico/pico-sdk/lib/tinyusb/src/common/tusb_fifo.c.obj
                0x10022138                tu_fifo_clear
 .text.tu_fifo_set_overwritable
                0x10022184       0x3c CMakeFiles/Armazem.dir/C_/Users/User/Documents/Pico/pico-sdk/lib/tinyusb/src/common/tusb_fifo.c.obj
                0x10022184                tu_fifo_set_overwritable
 .text._retrieve_unique_id_on_boot
                0x100221c0       0x10 CMakeFiles/Armazem.dir/C_/Users/User/Documents/Pico/pico-sdk/src/rp2_common/pico_unique_id/unique_id.c.obj
 .text.pico_get_unique_board_id_string
                0x100221d0       0x60 CMakeFiles/Armazem.dir/C_/Users/User/Documents/Pico/pico-sdk/src/rp2_common/pico_unique_id/unique_id.c.obj
                0x100221d0                pico_get_unique_board_id_string
 .text.flash_get_unique_id
                0x10022230       0x46 CMakeFiles/Armazem.dir/C_/Users/User/Documents/Pico/pico-sdk/src/rp2_common/hardware_flash/flash.c.obj
                0x10022230                flash_get_unique_id
 .text.ff_memalloc
                0x10022276        0x8 CMakeFiles/Armazem.dir/lib/no-OS-FatFS-SD-SPI-RPi-Pico/FatFs_SPI/ff14a/source/ffsystem.c.obj
                0x10022276                ff_memalloc
 .text.ff_memfree
                0x1002227e        0x8 CMakeFiles/Armazem.dir/lib/no-OS-FatFS-SD-SPI-RPi-Pico/FatFs_SPI/ff14a/source/ffsystem.c.obj
                0x1002227e                ff_memfree
 *fill*         0x10022286        0x2 
 .text.ff_uni2oem
                0x10022288       0x44 CMakeFiles/Armazem.dir/lib/no-OS-FatFS-SD-SPI-RPi-Pico/FatFs_SPI/ff14a/source/ffunicode.c.obj
                0x10022288                ff_uni2oem
 .text.ff_oem2uni
                0x100222cc       0x30 CMakeFiles/Armazem.dir/lib/no-OS-FatFS-SD-SPI-RPi-Pico/FatFs_SPI/ff14a/source/ffunicode.c.obj
                0x100222cc                ff_oem2uni
 .text.ff_wtoupper
                0x100222fc       0xa8 CMakeFiles/Armazem.dir/lib/no-OS-FatFS-SD-SPI-RPi-Pico/FatFs_SPI/ff14a/source/ffunicode.c.obj
                0x100222fc                ff_wtoupper
 .text.ld_word  0x100223a4        0xa CMakeFiles/Armazem.dir/lib/no-OS-FatFS-SD-SPI-RPi-Pico/FatFs_SPI/ff14a/source/ff.c.obj
 .text.ld_dword
                0x100223ae       0x18 CMakeFiles/Armazem.dir/lib/no-OS-FatFS-SD-SPI-RPi-Pico/FatFs_SPI/ff14a/source/ff.c.obj
 .text.ld_qword
                0x100223c6       0x42 CMakeFiles/Armazem.dir/lib/no-OS-FatFS-SD-SPI-RPi-Pico/FatFs_SPI/ff14a/source/ff.c.obj
 .text.st_word  0x10022408        0x8 CMakeFiles/Armazem.dir/lib/no-OS-FatFS-SD-SPI-RPi-Pico/FatFs_SPI/ff14a/source/ff.c.obj
 .text.st_dword
                0x10022410       0x10 CMakeFiles/Armazem.dir/lib/no-OS-FatFS-SD-SPI-RPi-Pico/FatFs_SPI/ff14a/source/ff.c.obj
 .text.st_qword
                0x10022420       0x1e CMakeFiles/Armazem.dir/lib/no-OS-FatFS-SD-SPI-RPi-Pico/FatFs_SPI/ff14a/source/ff.c.obj
 .text.mem_cpy  0x1002243e       0x16 CMakeFiles/Armazem.dir/lib/no-OS-FatFS-SD-SPI-RPi-Pico/FatFs_SPI/ff14a/source/ff.c.obj
 .text.mem_set  0x10022454        0xc CMakeFiles/Armazem.dir/lib/no-OS-FatFS-SD-SPI-RPi-Pico/FatFs_SPI/ff14a/source/ff.c.obj
 .text.mem_cmp  0x10022460       0x1a CMakeFiles/Armazem.dir/lib/no-OS-FatFS-SD-SPI-RPi-Pico/FatFs_SPI/ff14a/source/ff.c.obj
 .text.chk_chr  0x1002247a       0x12 CMakeFiles/Armazem.dir/lib/no-OS-FatFS-SD-SPI-RPi-Pico/FatFs_SPI/ff14a/source/ff.c.obj
 .text.dbc_1st  0x1002248c        0x4 CMakeFiles/Armazem.dir/lib/no-OS-FatFS-SD-SPI-RPi-Pico/FatFs_SPI/ff14a/source/ff.c.obj
 .text.dbc_2nd  0x10022490        0x4 CMakeFiles/Armazem.dir/lib/no-OS-FatFS-SD-SPI-RPi-Pico/FatFs_SPI/ff14a/source/ff.c.obj
 .text.tchar2uni
                0x10022494       0xd0 CMakeFiles/Armazem.dir/lib/no-OS-FatFS-SD-SPI-RPi-Pico/FatFs_SPI/ff14a/source/ff.c.obj
 .text.put_utf  0x10022564       0xfc CMakeFiles/Armazem.dir/lib/no-OS-FatFS-SD-SPI-RPi-Pico/FatFs_SPI/ff14a/source/ff.c.obj
 .text.chk_lock
                0x10022660       0x78 CMakeFiles/Armazem.dir/lib/no-OS-FatFS-SD-SPI-RPi-Pico/FatFs_SPI/ff14a/source/ff.c.obj
 .text.enq_lock
                0x100226d8       0x20 CMakeFiles/Armazem.dir/lib/no-OS-FatFS-SD-SPI-RPi-Pico/FatFs_SPI/ff14a/source/ff.c.obj
 .text.inc_lock
                0x100226f8       0xa8 CMakeFiles/Armazem.dir/lib/no-OS-FatFS-SD-SPI-RPi-Pico/FatFs_SPI/ff14a/source/ff.c.obj
 .text.dec_lock
                0x100227a0       0x44 CMakeFiles/Armazem.dir/lib/no-OS-FatFS-SD-SPI-RPi-Pico/FatFs_SPI/ff14a/source/ff.c.obj
 .text.clear_lock
                0x100227e4       0x24 CMakeFiles/Armazem.dir/lib/no-OS-FatFS-SD-SPI-RPi-Pico/FatFs_SPI/ff14a/source/ff.c.obj
 .text.clst2sect
                0x10022808       0x28 CMakeFiles/Armazem.dir/lib/no-OS-FatFS-SD-SPI-RPi-Pico/FatFs_SPI/ff14a/source/ff.c.obj
 .text.clmt_clust
                0x10022830       0x30 CMakeFiles/Armazem.dir/lib/no-OS-FatFS-SD-SPI-RPi-Pico/FatFs_SPI/ff14a/source/ff.c.obj
 .text.ld_clust
                0x10022860       0x26 CMakeFiles/Armazem.dir/lib/no-OS-FatFS-SD-SPI-RPi-Pico/FatFs_SPI/ff14a/source/ff.c.obj
 .text.st_clust
                0x10022886       0x26 CMakeFiles/Armazem.dir/lib/no-OS-FatFS-SD-SPI-RPi-Pico/FatFs_SPI/ff14a/source/ff.c.obj
 .text.pick_lfn
                0x100228ac       0x94 CMakeFiles/Armazem.dir/lib/no-OS-FatFS-SD-SPI-RPi-Pico/FatFs_SPI/ff14a/source/ff.c.obj
 .text.put_lfn  0x10022940       0x8c CMakeFiles/Armazem.dir/lib/no-OS-FatFS-SD-SPI-RPi-Pico/FatFs_SPI/ff14a/source/ff.c.obj
 .text.gen_numname
                0x100229cc       0xa8 CMakeFiles/Armazem.dir/lib/no-OS-FatFS-SD-SPI-RPi-Pico/FatFs_SPI/ff14a/source/ff.c.obj
 .text.sum_sfn  0x10022a74       0x20 CMakeFiles/Armazem.dir/lib/no-OS-FatFS-SD-SPI-RPi-Pico/FatFs_SPI/ff14a/source/ff.c.obj
 .text.xdir_sum
                0x10022a94       0x2e CMakeFiles/Armazem.dir/lib/no-OS-FatFS-SD-SPI-RPi-Pico/FatFs_SPI/ff14a/source/ff.c.obj
 .text.get_xfileinfo
                0x10022ac2       0xda CMakeFiles/Armazem.dir/lib/no-OS-FatFS-SD-SPI-RPi-Pico/FatFs_SPI/ff14a/source/ff.c.obj
 .text.init_alloc_info
                0x10022b9c       0x2e CMakeFiles/Armazem.dir/lib/no-OS-FatFS-SD-SPI-RPi-Pico/FatFs_SPI/ff14a/source/ff.c.obj
 *fill*         0x10022bca        0x2 
 .text.get_ldnumber
                0x10022bcc       0x5c CMakeFiles/Armazem.dir/lib/no-OS-FatFS-SD-SPI-RPi-Pico/FatFs_SPI/ff14a/source/ff.c.obj
 .text.crc32    0x10022c28       0x2c CMakeFiles/Armazem.dir/lib/no-OS-FatFS-SD-SPI-RPi-Pico/FatFs_SPI/ff14a/source/ff.c.obj
 .text.test_gpt_header
                0x10022c54       0x64 CMakeFiles/Armazem.dir/lib/no-OS-FatFS-SD-SPI-RPi-Pico/FatFs_SPI/ff14a/source/ff.c.obj
 .text.putc_init
                0x10022cb8       0x12 CMakeFiles/Armazem.dir/lib/no-OS-FatFS-SD-SPI-RPi-Pico/FatFs_SPI/ff14a/source/ff.c.obj
 .text.validate
                0x10022cca       0x52 CMakeFiles/Armazem.dir/lib/no-OS-FatFS-SD-SPI-RPi-Pico/FatFs_SPI/ff14a/source/ff.c.obj
 .text.sync_window
                0x10022d1c       0x70 CMakeFiles/Armazem.dir/lib/no-OS-FatFS-SD-SPI-RPi-Pico/FatFs_SPI/ff14a/source/ff.c.obj
 .text.move_window
                0x10022d8c       0x4c CMakeFiles/Armazem.dir/lib/no-OS-FatFS-SD-SPI-RPi-Pico/FatFs_SPI/ff14a/source/ff.c.obj
 .text.check_fs
                0x10022dd8       0xdc CMakeFiles/Armazem.dir/lib/no-OS-FatFS-SD-SPI-RPi-Pico/FatFs_SPI/ff14a/source/ff.c.obj
 .text.find_volume
                0x10022eb4      0x14c CMakeFiles/Armazem.dir/lib/no-OS-FatFS-SD-SPI-RPi-Pico/FatFs_SPI/ff14a/source/ff.c.obj
 .text.mount_volume
                0x10023000      0x540 CMakeFiles/Armazem.dir/lib/no-OS-FatFS-SD-SPI-RPi-Pico/FatFs_SPI/ff14a/source/ff.c.obj
 .text.find_bitmap
                0x10023540       0xa6 CMakeFiles/Armazem.dir/lib/no-OS-FatFS-SD-SPI-RPi-Pico/FatFs_SPI/ff14a/source/ff.c.obj
 .text.change_bitmap
                0x100235e6       0x96 CMakeFiles/Armazem.dir/lib/no-OS-FatFS-SD-SPI-RPi-Pico/FatFs_SPI/ff14a/source/ff.c.obj
 .text.put_fat  0x1002367c      0x176 CMakeFiles/Armazem.dir/lib/no-OS-FatFS-SD-SPI-RPi-Pico/FatFs_SPI/ff14a/source/ff.c.obj
 .text.fill_last_frag
                0x100237f2       0x32 CMakeFiles/Armazem.dir/lib/no-OS-FatFS-SD-SPI-RPi-Pico/FatFs_SPI/ff14a/source/ff.c.obj
 .text.fill_first_frag
                0x10023824       0x32 CMakeFiles/Armazem.dir/lib/no-OS-FatFS-SD-SPI-RPi-Pico/FatFs_SPI/ff14a/source/ff.c.obj
 *fill*         0x10023856        0x2 
 .text.get_fat  0x10023858      0x1ac CMakeFiles/Armazem.dir/lib/no-OS-FatFS-SD-SPI-RPi-Pico/FatFs_SPI/ff14a/source/ff.c.obj
 .text.create_chain
                0x10023a04      0x1c6 CMakeFiles/Armazem.dir/lib/no-OS-FatFS-SD-SPI-RPi-Pico/FatFs_SPI/ff14a/source/ff.c.obj
 .text.dir_sdi  0x10023bca       0xd4 CMakeFiles/Armazem.dir/lib/no-OS-FatFS-SD-SPI-RPi-Pico/FatFs_SPI/ff14a/source/ff.c.obj
 .text.remove_chain
                0x10023c9e      0x14c CMakeFiles/Armazem.dir/lib/no-OS-FatFS-SD-SPI-RPi-Pico/FatFs_SPI/ff14a/source/ff.c.obj
 .text.dir_clear
                0x10023dea       0xf0 CMakeFiles/Armazem.dir/lib/no-OS-FatFS-SD-SPI-RPi-Pico/FatFs_SPI/ff14a/source/ff.c.obj
 .text.dir_next
                0x10023eda      0x104 CMakeFiles/Armazem.dir/lib/no-OS-FatFS-SD-SPI-RPi-Pico/FatFs_SPI/ff14a/source/ff.c.obj
 .text.load_xdir
                0x10023fde      0x10c CMakeFiles/Armazem.dir/lib/no-OS-FatFS-SD-SPI-RPi-Pico/FatFs_SPI/ff14a/source/ff.c.obj
 .text.load_obj_xdir
                0x100240ea       0x36 CMakeFiles/Armazem.dir/lib/no-OS-FatFS-SD-SPI-RPi-Pico/FatFs_SPI/ff14a/source/ff.c.obj
 .text.dir_read
                0x10024120      0x114 CMakeFiles/Armazem.dir/lib/no-OS-FatFS-SD-SPI-RPi-Pico/FatFs_SPI/ff14a/source/ff.c.obj
 .text.dir_alloc
                0x10024234       0x70 CMakeFiles/Armazem.dir/lib/no-OS-FatFS-SD-SPI-RPi-Pico/FatFs_SPI/ff14a/source/ff.c.obj
 .text.store_xdir
                0x100242a4       0x66 CMakeFiles/Armazem.dir/lib/no-OS-FatFS-SD-SPI-RPi-Pico/FatFs_SPI/ff14a/source/ff.c.obj
 .text.dir_remove
                0x1002430a       0x5e CMakeFiles/Armazem.dir/lib/no-OS-FatFS-SD-SPI-RPi-Pico/FatFs_SPI/ff14a/source/ff.c.obj
 .text.create_name
                0x10024368      0x31c CMakeFiles/Armazem.dir/lib/no-OS-FatFS-SD-SPI-RPi-Pico/FatFs_SPI/ff14a/source/ff.c.obj
 .text.xname_sum
                0x10024684       0x38 CMakeFiles/Armazem.dir/lib/no-OS-FatFS-SD-SPI-RPi-Pico/FatFs_SPI/ff14a/source/ff.c.obj
 .text.create_xdir
                0x100246bc       0x90 CMakeFiles/Armazem.dir/lib/no-OS-FatFS-SD-SPI-RPi-Pico/FatFs_SPI/ff14a/source/ff.c.obj
 .text.cmp_lfn  0x1002474c       0xb0 CMakeFiles/Armazem.dir/lib/no-OS-FatFS-SD-SPI-RPi-Pico/FatFs_SPI/ff14a/source/ff.c.obj
 .text.dir_find
                0x100247fc      0x18c CMakeFiles/Armazem.dir/lib/no-OS-FatFS-SD-SPI-RPi-Pico/FatFs_SPI/ff14a/source/ff.c.obj
 .text.follow_path
                0x10024988      0x11a CMakeFiles/Armazem.dir/lib/no-OS-FatFS-SD-SPI-RPi-Pico/FatFs_SPI/ff14a/source/ff.c.obj
 .text.dir_register
                0x10024aa2      0x214 CMakeFiles/Armazem.dir/lib/no-OS-FatFS-SD-SPI-RPi-Pico/FatFs_SPI/ff14a/source/ff.c.obj
 *fill*         0x10024cb6        0x2 
 .text.sync_fs  0x10024cb8       0xa8 CMakeFiles/Armazem.dir/lib/no-OS-FatFS-SD-SPI-RPi-Pico/FatFs_SPI/ff14a/source/ff.c.obj
 .text.get_fileinfo
                0x10024d60      0x1ce CMakeFiles/Armazem.dir/lib/no-OS-FatFS-SD-SPI-RPi-Pico/FatFs_SPI/ff14a/source/ff.c.obj
 *fill*         0x10024f2e        0x2 
 .text.f_mount  0x10024f30       0x5c CMakeFiles/Armazem.dir/lib/no-OS-FatFS-SD-SPI-RPi-Pico/FatFs_SPI/ff14a/source/ff.c.obj
                0x10024f30                f_mount
 .text.f_open   0x10024f8c      0x35c CMakeFiles/Armazem.dir/lib/no-OS-FatFS-SD-SPI-RPi-Pico/FatFs_SPI/ff14a/source/ff.c.obj
                0x10024f8c                f_open
 .text.f_read   0x100252e8      0x250 CMakeFiles/Armazem.dir/lib/no-OS-FatFS-SD-SPI-RPi-Pico/FatFs_SPI/ff14a/source/ff.c.obj
                0x100252e8                f_read
 .text.f_write  0x10025538      0x2a0 CMakeFiles/Armazem.dir/lib/no-OS-FatFS-SD-SPI-RPi-Pico/FatFs_SPI/ff14a/source/ff.c.obj
                0x10025538                f_write
 .text.putc_bfd
                0x100257d8      0x18c CMakeFiles/Armazem.dir/lib/no-OS-FatFS-SD-SPI-RPi-Pico/FatFs_SPI/ff14a/source/ff.c.obj
 .text.putc_flush
                0x10025964       0x3c CMakeFiles/Armazem.dir/lib/no-OS-FatFS-SD-SPI-RPi-Pico/FatFs_SPI/ff14a/source/ff.c.obj
 .text.f_sync   0x100259a0      0x17e CMakeFiles/Armazem.dir/lib/no-OS-FatFS-SD-SPI-RPi-Pico/FatFs_SPI/ff14a/source/ff.c.obj
                0x100259a0                f_sync
 .text.f_close  0x10025b1e       0x2e CMakeFiles/Armazem.dir/lib/no-OS-FatFS-SD-SPI-RPi-Pico/FatFs_SPI/ff14a/source/ff.c.obj
                0x10025b1e                f_close
 .text.f_stat   0x10025b4c       0x66 CMakeFiles/Armazem.dir/lib/no-OS-FatFS-SD-SPI-RPi-Pico/FatFs_SPI/ff14a/source/ff.c.obj
                0x10025b4c                f_stat
 .text.f_unlink
                0x10025bb2      0x126 CMakeFiles/Armazem.dir/lib/no-OS-FatFS-SD-SPI-RPi-Pico/FatFs_SPI/ff14a/source/ff.c.obj
                0x10025bb2                f_unlink
 .text.f_puts   0x10025cd8       0x26 CMakeFiles/Armazem.dir/lib/no-OS-FatFS-SD-SPI-RPi-Pico/FatFs_SPI/ff14a/source/ff.c.obj
                0x10025cd8                f_puts
 .text.sd_spi_select
                0x10025cfe       0x2c CMakeFiles/Armazem.dir/lib/no-OS-FatFS-SD-SPI-RPi-Pico/FatFs_SPI/sd_driver/sd_spi.c.obj
 .text.sd_spi_deselect
                0x10025d2a       0x2c CMakeFiles/Armazem.dir/lib/no-OS-FatFS-SD-SPI-RPi-Pico/FatFs_SPI/sd_driver/sd_spi.c.obj
 *fill*         0x10025d56        0x2 
 .text.sd_spi_go_high_frequency
                0x10025d58       0x20 CMakeFiles/Armazem.dir/lib/no-OS-FatFS-SD-SPI-RPi-Pico/FatFs_SPI/sd_driver/sd_spi.c.obj
                0x10025d58                sd_spi_go_high_frequency
 .text.sd_spi_go_low_frequency
                0x10025d78       0x24 CMakeFiles/Armazem.dir/lib/no-OS-FatFS-SD-SPI-RPi-Pico/FatFs_SPI/sd_driver/sd_spi.c.obj
                0x10025d78                sd_spi_go_low_frequency
 .text.sd_spi_acquire
                0x10025d9c        0x8 CMakeFiles/Armazem.dir/lib/no-OS-FatFS-SD-SPI-RPi-Pico/FatFs_SPI/sd_driver/sd_spi.c.obj
                0x10025d9c                sd_spi_acquire
 .text.sd_spi_release
                0x10025da4        0x8 CMakeFiles/Armazem.dir/lib/no-OS-FatFS-SD-SPI-RPi-Pico/FatFs_SPI/sd_driver/sd_spi.c.obj
                0x10025da4                sd_spi_release
 .text.sd_spi_write
                0x10025dac       0x48 CMakeFiles/Armazem.dir/lib/no-OS-FatFS-SD-SPI-RPi-Pico/FatFs_SPI/sd_driver/sd_spi.c.obj
                0x10025dac                sd_spi_write
 .text.sd_spi_transfer
                0x10025df4        0xa CMakeFiles/Armazem.dir/lib/no-OS-FatFS-SD-SPI-RPi-Pico/FatFs_SPI/sd_driver/sd_spi.c.obj
                0x10025df4                sd_spi_transfer
 *fill*         0x10025dfe        0x2 
 .text.spi_irq_handler
                0x10025e00       0x54 CMakeFiles/Armazem.dir/lib/no-OS-FatFS-SD-SPI-RPi-Pico/FatFs_SPI/sd_driver/spi.c.obj
                0x10025e00                spi_irq_handler
 .text.spi_transfer
                0x10025e54      0x170 CMakeFiles/Armazem.dir/lib/no-OS-FatFS-SD-SPI-RPi-Pico/FatFs_SPI/sd_driver/spi.c.obj
                0x10025e54                spi_transfer
 .text.my_spi_init
                0x10025fc4      0x1c4 CMakeFiles/Armazem.dir/lib/no-OS-FatFS-SD-SPI-RPi-Pico/FatFs_SPI/sd_driver/spi.c.obj
                0x10025fc4                my_spi_init
 .text.ext_bits
                0x10026188       0x30 CMakeFiles/Armazem.dir/lib/no-OS-FatFS-SD-SPI-RPi-Pico/FatFs_SPI/sd_driver/sd_card.c.obj
 .text.sd_lock  0x100261b8        0x8 CMakeFiles/Armazem.dir/lib/no-OS-FatFS-SD-SPI-RPi-Pico/FatFs_SPI/sd_driver/sd_card.c.obj
 .text.sd_cmd_spi
                0x100261c0       0x74 CMakeFiles/Armazem.dir/lib/no-OS-FatFS-SD-SPI-RPi-Pico/FatFs_SPI/sd_driver/sd_card.c.obj
 .text.sd_unlock
                0x10026234        0x8 CMakeFiles/Armazem.dir/lib/no-OS-FatFS-SD-SPI-RPi-Pico/FatFs_SPI/sd_driver/sd_card.c.obj
 .text.sd_wait_token
                0x1002623c       0x9c CMakeFiles/Armazem.dir/lib/no-OS-FatFS-SD-SPI-RPi-Pico/FatFs_SPI/sd_driver/sd_card.c.obj
 .text.sd_read_bytes
                0x100262d8       0x90 CMakeFiles/Armazem.dir/lib/no-OS-FatFS-SD-SPI-RPi-Pico/FatFs_SPI/sd_driver/sd_card.c.obj
 .text.sd_read_block
                0x10026368       0x8c CMakeFiles/Armazem.dir/lib/no-OS-FatFS-SD-SPI-RPi-Pico/FatFs_SPI/sd_driver/sd_card.c.obj
 .text.sd_wait_ready
                0x100263f4       0xc0 CMakeFiles/Armazem.dir/lib/no-OS-FatFS-SD-SPI-RPi-Pico/FatFs_SPI/sd_driver/sd_card.c.obj
 .text.sd_cmd   0x100264b4      0x1c8 CMakeFiles/Armazem.dir/lib/no-OS-FatFS-SD-SPI-RPi-Pico/FatFs_SPI/sd_driver/sd_card.c.obj
 .text.sd_cmd8  0x1002667c       0x50 CMakeFiles/Armazem.dir/lib/no-OS-FatFS-SD-SPI-RPi-Pico/FatFs_SPI/sd_driver/sd_card.c.obj
 .text.sd_sectors_nolock
                0x100266cc      0x148 CMakeFiles/Armazem.dir/lib/no-OS-FatFS-SD-SPI-RPi-Pico/FatFs_SPI/sd_driver/sd_card.c.obj
 .text.sd_go_idle_state
                0x10026814       0x44 CMakeFiles/Armazem.dir/lib/no-OS-FatFS-SD-SPI-RPi-Pico/FatFs_SPI/sd_driver/sd_card.c.obj
 .text.sd_initialise_card_nolock
                0x10026858      0x184 CMakeFiles/Armazem.dir/lib/no-OS-FatFS-SD-SPI-RPi-Pico/FatFs_SPI/sd_driver/sd_card.c.obj
 .text.sd_initialise_card
                0x100269dc       0x1a CMakeFiles/Armazem.dir/lib/no-OS-FatFS-SD-SPI-RPi-Pico/FatFs_SPI/sd_driver/sd_card.c.obj
 *fill*         0x100269f6        0x2 
 .text.in_sd_read_blocks
                0x100269f8       0xbc CMakeFiles/Armazem.dir/lib/no-OS-FatFS-SD-SPI-RPi-Pico/FatFs_SPI/sd_driver/sd_card.c.obj
 .text.sd_write_block
                0x10026ab4       0x8c CMakeFiles/Armazem.dir/lib/no-OS-FatFS-SD-SPI-RPi-Pico/FatFs_SPI/sd_driver/sd_card.c.obj
 .text.in_sd_write_blocks
                0x10026b40       0xe4 CMakeFiles/Armazem.dir/lib/no-OS-FatFS-SD-SPI-RPi-Pico/FatFs_SPI/sd_driver/sd_card.c.obj
 .text.sd_card_detect
                0x10026c24       0x4c CMakeFiles/Armazem.dir/lib/no-OS-FatFS-SD-SPI-RPi-Pico/FatFs_SPI/sd_driver/sd_card.c.obj
                0x10026c24                sd_card_detect
 .text.sd_sectors
                0x10026c70       0x1e CMakeFiles/Armazem.dir/lib/no-OS-FatFS-SD-SPI-RPi-Pico/FatFs_SPI/sd_driver/sd_card.c.obj
                0x10026c70                sd_sectors
 .text.sd_read_blocks
                0x10026c8e       0x2e CMakeFiles/Armazem.dir/lib/no-OS-FatFS-SD-SPI-RPi-Pico/FatFs_SPI/sd_driver/sd_card.c.obj
                0x10026c8e                sd_read_blocks
 .text.sd_write_blocks
                0x10026cbc       0x2e CMakeFiles/Armazem.dir/lib/no-OS-FatFS-SD-SPI-RPi-Pico/FatFs_SPI/sd_driver/sd_card.c.obj
                0x10026cbc                sd_write_blocks
 *fill*         0x10026cea        0x2 
 .text.sd_init_driver
                0x10026cec       0x84 CMakeFiles/Armazem.dir/lib/no-OS-FatFS-SD-SPI-RPi-Pico/FatFs_SPI/sd_driver/sd_card.c.obj
                0x10026cec                sd_init_driver
 .text.sd_init_card
                0x10026d70       0xac CMakeFiles/Armazem.dir/lib/no-OS-FatFS-SD-SPI-RPi-Pico/FatFs_SPI/sd_driver/sd_card.c.obj
                0x10026d70                sd_init_card
 .text.crc7     0x10026e1c       0x20 CMakeFiles/Armazem.dir/lib/no-OS-FatFS-SD-SPI-RPi-Pico/FatFs_SPI/sd_driver/crc.c.obj
                0x10026e1c                crc7
 .text.crc16    0x10026e3c       0x28 CMakeFiles/Armazem.dir/lib/no-OS-FatFS-SD-SPI-RPi-Pico/FatFs_SPI/sd_driver/crc.c.obj
                0x10026e3c                crc16
 .text.sdrc2dresult
                0x10026e64       0x60 CMakeFiles/Armazem.dir/lib/no-OS-FatFS-SD-SPI-RPi-Pico/FatFs_SPI/src/glue.c.obj
 .text.disk_status
                0x10026ec4       0x16 CMakeFiles/Armazem.dir/lib/no-OS-FatFS-SD-SPI-RPi-Pico/FatFs_SPI/src/glue.c.obj
                0x10026ec4                disk_status
 .text.disk_initialize
                0x10026eda       0x16 CMakeFiles/Armazem.dir/lib/no-OS-FatFS-SD-SPI-RPi-Pico/FatFs_SPI/src/glue.c.obj
                0x10026eda                disk_initialize
 .text.disk_read
                0x10026ef0       0x2e CMakeFiles/Armazem.dir/lib/no-OS-FatFS-SD-SPI-RPi-Pico/FatFs_SPI/src/glue.c.obj
                0x10026ef0                disk_read
 .text.disk_write
                0x10026f1e       0x2e CMakeFiles/Armazem.dir/lib/no-OS-FatFS-SD-SPI-RPi-Pico/FatFs_SPI/src/glue.c.obj
                0x10026f1e                disk_write
 .text.disk_ioctl
                0x10026f4c       0x48 CMakeFiles/Armazem.dir/lib/no-OS-FatFS-SD-SPI-RPi-Pico/FatFs_SPI/src/glue.c.obj
                0x10026f4c                disk_ioctl
 .text.my_printf
                0x10026f94       0x4c CMakeFiles/Armazem.dir/lib/no-OS-FatFS-SD-SPI-RPi-Pico/FatFs_SPI/src/my_debug.c.obj
                0x10026f94                my_printf
 .text.my_assert_func
                0x10026fe0       0x2c CMakeFiles/Armazem.dir/lib/no-OS-FatFS-SD-SPI-RPi-Pico/FatFs_SPI/src/my_debug.c.obj
                0x10026fe0                my_assert_func
 .text.get_fattime
                0x1002700c       0x6c CMakeFiles/Armazem.dir/lib/no-OS-FatFS-SD-SPI-RPi-Pico/FatFs_SPI/src/rtc.c.obj
                0x1002700c                get_fattime
 .text.spi_set_baudrate
                0x10027078       0x92 CMakeFiles/Armazem.dir/C_/Users/User/Documents/Pico/pico-sdk/src/rp2_common/hardware_spi/spi.c.obj
                0x10027078                spi_set_baudrate
 *fill*         0x1002710a        0x2 
 .text.spi_init
                0x1002710c       0x68 CMakeFiles/Armazem.dir/C_/Users/User/Documents/Pico/pico-sdk/src/rp2_common/hardware_spi/spi.c.obj
                0x1002710c                spi_init
 .text.dma_claim_unused_channel
                0x10027174       0x20 CMakeFiles/Armazem.dir/C_/Users/User/Documents/Pico/pico-sdk/src/rp2_common/hardware_dma/dma.c.obj
                0x10027174                dma_claim_unused_channel
 .text.rtc_running
                0x10027194       0x10 CMakeFiles/Armazem.dir/C_/Users/User/Documents/Pico/pico-sdk/src/rp2_common/hardware_rtc/rtc.c.obj
                0x10027194                rtc_running
 .text.rtc_get_datetime
                0x100271a4       0x4c CMakeFiles/Armazem.dir/C_/Users/User/Documents/Pico/pico-sdk/src/rp2_common/hardware_rtc/rtc.c.obj
                0x100271a4                rtc_get_datetime
 .text.__sflush_r
                0x100271f0      0x140 c:/progra~2/gnuarm~1/102021~1.10/bin/../lib/gcc/arm-none-eabi/10.3.1/../../../../arm-none-eabi/lib/thumb/v6-m/nofp\libg.a(lib_a-fflush.o)
                0x100271f0                __sflush_r
 .text._fflush_r
                0x10027330       0x6c c:/progra~2/gnuarm~1/102021~1.10/bin/../lib/gcc/arm-none-eabi/10.3.1/../../../../arm-none-eabi/lib/thumb/v6-m/nofp\libg.a(lib_a-fflush.o)
                0x10027330                _fflush_r
 .text.fflush   0x1002739c       0x78 c:/progra~2/gnuarm~1/102021~1.10/bin/../lib/gcc/arm-none-eabi/10.3.1/../../../../arm-none-eabi/lib/thumb/v6-m/nofp\libg.a(lib_a-fflush.o)
                0x1002739c                fflush
 .text._cleanup_r
                0x10027414       0x10 c:/progra~2/gnuarm~1/102021~1.10/bin/../lib/gcc/arm-none-eabi/10.3.1/../../../../arm-none-eabi/lib/thumb/v6-m/nofp\libg.a(lib_a-findfp.o)
                0x10027414                _cleanup_r
 .text.__sinit  0x10027424      0x120 c:/progra~2/gnuarm~1/102021~1.10/bin/../lib/gcc/arm-none-eabi/10.3.1/../../../../arm-none-eabi/lib/thumb/v6-m/nofp\libg.a(lib_a-findfp.o)
                0x10027424                __sinit
 .text.__sfp_lock_acquire
                0x10027544       0x10 c:/progra~2/gnuarm~1/102021~1.10/bin/../lib/gcc/arm-none-eabi/10.3.1/../../../../arm-none-eabi/lib/thumb/v6-m/nofp\libg.a(lib_a-findfp.o)
                0x10027544                __sfp_lock_acquire
 .text.__sfp_lock_release
                0x10027554       0x10 c:/progra~2/gnuarm~1/102021~1.10/bin/../lib/gcc/arm-none-eabi/10.3.1/../../../../arm-none-eabi/lib/thumb/v6-m/nofp\libg.a(lib_a-findfp.o)
                0x10027554                __sfp_lock_release
 .text._malloc_trim_r
                0x10027564       0x9c c:/progra~2/gnuarm~1/102021~1.10/bin/../lib/gcc/arm-none-eabi/10.3.1/../../../../arm-none-eabi/lib/thumb/v6-m/nofp\libg.a(lib_a-freer.o)
                0x10027564                _malloc_trim_r
 .text._free_r  0x10027600      0x1c4 c:/progra~2/gnuarm~1/102021~1.10/bin/../lib/gcc/arm-none-eabi/10.3.1/../../../../arm-none-eabi/lib/thumb/v6-m/nofp\libg.a(lib_a-freer.o)
                0x10027600                _free_r
 .text._fwalk_reent
                0x100277c4       0x48 c:/progra~2/gnuarm~1/102021~1.10/bin/../lib/gcc/arm-none-eabi/10.3.1/../../../../arm-none-eabi/lib/thumb/v6-m/nofp\libg.a(lib_a-fwalk.o)
                0x100277c4                _fwalk_reent
 .text.__retarget_lock_init_recursive
                0x1002780c        0x4 c:/progra~2/gnuarm~1/102021~1.10/bin/../lib/gcc/arm-none-eabi/10.3.1/../../../../arm-none-eabi/lib/thumb/v6-m/nofp\libg.a(lib_a-lock.o)
                0x1002780c                __retarget_lock_init_recursive
 .text.__retarget_lock_close_recursive
                0x10027810        0x4 c:/progra~2/gnuarm~1/102021~1.10/bin/../lib/gcc/arm-none-eabi/10.3.1/../../../../arm-none-eabi/lib/thumb/v6-m/nofp\libg.a(lib_a-lock.o)
                0x10027810                __retarget_lock_close_recursive
 .text.__retarget_lock_acquire_recursive
                0x10027814        0x4 c:/progra~2/gnuarm~1/102021~1.10/bin/../lib/gcc/arm-none-eabi/10.3.1/../../../../arm-none-eabi/lib/thumb/v6-m/nofp\libg.a(lib_a-lock.o)
                0x10027814                __retarget_lock_acquire_recursive
 .text.__retarget_lock_release_recursive
                0x10027818        0x4 c:/progra~2/gnuarm~1/102021~1.10/bin/../lib/gcc/arm-none-eabi/10.3.1/../../../../arm-none-eabi/lib/thumb/v6-m/nofp\libg.a(lib_a-lock.o)
                0x10027818                __retarget_lock_release_recursive
 .text.malloc   0x1002781c       0x14 c:/progra~2/gnuarm~1/102021~1.10/bin/../lib/gcc/arm-none-eabi/10.3.1/../../../../arm-none-eabi/lib/thumb/v6-m/nofp\libg.a(lib_a-malloc.o)
                0x1002781c                malloc
 .text.free     0x10027830       0x14 c:/progra~2/gnuarm~1/102021~1.10/bin/../lib/gcc/arm-none-eabi/10.3.1/../../../../arm-none-eabi/lib/thumb/v6-m/nofp\libg.a(lib_a-malloc.o)
                0x10027830                free
 .text._malloc_r
                0x10027844      0x584 c:/progra~2/gnuarm~1/102021~1.10/bin/../lib/gcc/arm-none-eabi/10.3.1/../../../../arm-none-eabi/lib/thumb/v6-m/nofp\libg.a(lib_a-mallocr.o)
                0x10027844                _malloc_r
 .text.__malloc_lock
                0x10027dc8       0x10 c:/progra~2/gnuarm~1/102021~1.10/bin/../lib/gcc/arm-none-eabi/10.3.1/../../../../arm-none-eabi/lib/thumb/v6-m/nofp\libg.a(lib_a-mlock.o)
                0x10027dc8                __malloc_lock
 .text.__malloc_unlock
                0x10027dd8       0x10 c:/progra~2/gnuarm~1/102021~1.10/bin/../lib/gcc/arm-none-eabi/10.3.1/../../../../arm-none-eabi/lib/thumb/v6-m/nofp\libg.a(lib_a-mlock.o)
                0x10027dd8                __malloc_unlock
 .text._sbrk_r  0x10027de8       0x24 c:/progra~2/gnuarm~1/102021~1.10/bin/../lib/gcc/arm-none-eabi/10.3.1/../../../../arm-none-eabi/lib/thumb/v6-m/nofp\libg.a(lib_a-sbrkr.o)
                0x10027de8                _sbrk_r
 .text.__sread  0x10027e0c       0x28 c:/progra~2/gnuarm~1/102021~1.10/bin/../lib/gcc/arm-none-eabi/10.3.1/../../../../arm-none-eabi/lib/thumb/v6-m/nofp\libg.a(lib_a-stdio.o)
                0x10027e0c                __sread
 .text.__swrite
                0x10027e34       0x40 c:/progra~2/gnuarm~1/102021~1.10/bin/../lib/gcc/arm-none-eabi/10.3.1/../../../../arm-none-eabi/lib/thumb/v6-m/nofp\libg.a(lib_a-stdio.o)
                0x10027e34                __swrite
 .text.__sseek  0x10027e74       0x2c c:/progra~2/gnuarm~1/102021~1.10/bin/../lib/gcc/arm-none-eabi/10.3.1/../../../../arm-none-eabi/lib/thumb/v6-m/nofp\libg.a(lib_a-stdio.o)
                0x10027e74                __sseek
 .text.__sclose